Archive member included to satisfy reference by file (symbol)

app/libapp.a(main.c.obj)      (--whole-archive)
zephyr/libzephyr.a(cbprintf_packaged.c.obj)
                              (--whole-archive)
zephyr/libzephyr.a(dec.c.obj)
                              (--whole-archive)
zephyr/libzephyr.a(fdtable.c.obj)
                              (--whole-archive)
zephyr/libzephyr.a(hex.c.obj)
                              (--whole-archive)
zephyr/libzephyr.a(printk.c.obj)
                              (--whole-archive)
zephyr/libzephyr.a(rb.c.obj)  (--whole-archive)
zephyr/libzephyr.a(sem.c.obj)
                              (--whole-archive)
zephyr/libzephyr.a(thread_entry.c.obj)
                              (--whole-archive)
zephyr/libzephyr.a(timeutil.c.obj)
                              (--whole-archive)
zephyr/libzephyr.a(heap.c.obj)
                              (--whole-archive)
zephyr/libzephyr.a(heap-validate.c.obj)
                              (--whole-archive)
zephyr/libzephyr.a(bitarray.c.obj)
                              (--whole-archive)
zephyr/libzephyr.a(multi_heap.c.obj)
                              (--whole-archive)
zephyr/libzephyr.a(onoff.c.obj)
                              (--whole-archive)
zephyr/libzephyr.a(notify.c.obj)
                              (--whole-archive)
zephyr/libzephyr.a(crc32c_sw.c.obj)
                              (--whole-archive)
zephyr/libzephyr.a(crc32_sw.c.obj)
                              (--whole-archive)
zephyr/libzephyr.a(crc16_sw.c.obj)
                              (--whole-archive)
zephyr/libzephyr.a(crc8_sw.c.obj)
                              (--whole-archive)
zephyr/libzephyr.a(crc7_sw.c.obj)
                              (--whole-archive)
zephyr/libzephyr.a(cbprintf_complete.c.obj)
                              (--whole-archive)
zephyr/libzephyr.a(cbprintf.c.obj)
                              (--whole-archive)
zephyr/libzephyr.a(ring_buffer.c.obj)
                              (--whole-archive)
zephyr/libzephyr.a(assert.c.obj)
                              (--whole-archive)
zephyr/libzephyr.a(mpsc_pbuf.c.obj)
                              (--whole-archive)
zephyr/libzephyr.a(configs.c.obj)
                              (--whole-archive)
zephyr/libzephyr.a(soc_nrf_common.S.obj)
                              (--whole-archive)
zephyr/libzephyr.a(validate_base_addresses.c.obj)
                              (--whole-archive)
zephyr/libzephyr.a(validate_enabled_instances.c.obj)
                              (--whole-archive)
zephyr/libzephyr.a(log_core.c.obj)
                              (--whole-archive)
zephyr/libzephyr.a(log_mgmt.c.obj)
                              (--whole-archive)
zephyr/libzephyr.a(log_cache.c.obj)
                              (--whole-archive)
zephyr/libzephyr.a(log_msg.c.obj)
                              (--whole-archive)
zephyr/libzephyr.a(log_output.c.obj)
                              (--whole-archive)
zephyr/libzephyr.a(log_backend_uart.c.obj)
                              (--whole-archive)
zephyr/libzephyr.a(pm.c.obj)  (--whole-archive)
zephyr/libzephyr.a(policy.c.obj)
                              (--whole-archive)
zephyr/libzephyr.a(state.c.obj)
                              (--whole-archive)
zephyr/libzephyr.a(tracing_none.c.obj)
                              (--whole-archive)
zephyr/libzephyr.a(usb_device.c.obj)
                              (--whole-archive)
zephyr/libzephyr.a(usb_descriptor.c.obj)
                              (--whole-archive)
zephyr/libzephyr.a(usb_transfer.c.obj)
                              (--whole-archive)
zephyr/libzephyr.a(cdc_acm.c.obj)
                              (--whole-archive)
zephyr/libzephyr.a(usb_work_q.c.obj)
                              (--whole-archive)
zephyr/arch/common/libarch__common.a(sw_isr_common.c.obj)
                              (--whole-archive)
zephyr/arch/arch/arm/core/aarch32/libarch__arm__core__aarch32.a(cpu_idle.S.obj)
                              (--whole-archive)
zephyr/arch/arch/arm/core/aarch32/libarch__arm__core__aarch32.a(fatal.c.obj)
                              (--whole-archive)
zephyr/arch/arch/arm/core/aarch32/libarch__arm__core__aarch32.a(irq_manage.c.obj)
                              (--whole-archive)
zephyr/arch/arch/arm/core/aarch32/libarch__arm__core__aarch32.a(nmi.c.obj)
                              (--whole-archive)
zephyr/arch/arch/arm/core/aarch32/libarch__arm__core__aarch32.a(nmi_on_reset.S.obj)
                              (--whole-archive)
zephyr/arch/arch/arm/core/aarch32/libarch__arm__core__aarch32.a(prep_c.c.obj)
                              (--whole-archive)
zephyr/arch/arch/arm/core/aarch32/libarch__arm__core__aarch32.a(swap.c.obj)
                              (--whole-archive)
zephyr/arch/arch/arm/core/aarch32/libarch__arm__core__aarch32.a(swap_helper.S.obj)
                              (--whole-archive)
zephyr/arch/arch/arm/core/aarch32/libarch__arm__core__aarch32.a(thread.c.obj)
[...]
Memory Configuration

Name             Origin             Length             Attributes
FLASH            0x0000000000026000 0x00000000000c7000 xr
RAM              0x0000000020000000 0x0000000000040000 xw
IDT_LIST         0x00000000fffff7ff 0x0000000000000800 xw
*default*        0x0000000000000000 0xffffffffffffffff

Linker script and memory map

LOAD zephyr/CMakeFiles/zephyr_final.dir/misc/empty_file.c.obj
LOAD zephyr/CMakeFiles/zephyr_final.dir/isr_tables.c.obj
LOAD zephyr/CMakeFiles/offsets.dir/./arch/arm/core/offsets/offsets.c.obj
                0x0000000000000020                _region_min_align = 0x20

.rel.plt        0x0000000000026000        0x0
 *(SORT_BY_ALIGNMENT(.rel.plt))
                [!provide]                        PROVIDE (__rel_iplt_start = .)
 *(SORT_BY_ALIGNMENT(.rel.iplt))
 .rel.iplt      0x0000000000026000        0x0 zephyr/CMakeFiles/zephyr_final.dir/isr_tables.c.obj
                [!provide]                        PROVIDE (__rel_iplt_end = .)

.rela.plt       0x0000000000000000        0x0
 *(SORT_BY_ALIGNMENT(.rela.plt))
                [!provide]                        PROVIDE (__rela_iplt_start = .)
 *(SORT_BY_ALIGNMENT(.rela.iplt))
                [!provide]                        PROVIDE (__rela_iplt_end = .)

.rel.dyn
 *(SORT_BY_ALIGNMENT(.rel.*))

.rela.dyn
 *(SORT_BY_ALIGNMENT(.rela.*))

/DISCARD/
 *(SORT_BY_ALIGNMENT(.plt))

/DISCARD/
 *(SORT_BY_ALIGNMENT(.iplt))
                0x0000000000026000                __rom_region_start = 0x26000

rom_start       0x0000000000026000      0x100
                0x0000000000000000                . = 0x0
                0x0000000000000000                . = ALIGN (0x4)
                0x0000000000000000                . = ALIGN (0x80)
                0x0000000000000000                . = ALIGN (0x100)
                0x0000000000026000                _vector_start = .
 *(SORT_BY_ALIGNMENT(.exc_vector_table))
 *(SORT_BY_ALIGNMENT(.exc_vector_table.*))
 .exc_vector_table._vector_table_section
                0x0000000000026000       0x40 zephyr/arch/arch/arm/core/aarch32/cortex_m/libarch__arm__core__aarch32__cortex_m.a(vector_table.S.obj)
                0x0000000000026000                _vector_table
 *(SORT_BY_ALIGNMENT(.vectors))
                0x0000000000026100                _vector_end = .
                0x0000000000026040                . = ALIGN (0x4)
 *(SORT_BY_ALIGNMENT(.gnu.linkonce.irq_vector_table*))
 .gnu.linkonce.irq_vector_table
                0x0000000000026040       0xc0 zephyr/CMakeFiles/zephyr_final.dir/isr_tables.c.obj
                0x0000000000026040                _irq_vector_table
                0x0000000000026100                _vector_end = .

text            0x0000000000026100     0xaf58
                0x0000000000026100                __text_region_start = .
 *(SORT_BY_ALIGNMENT(.text))
 .text          0x0000000000026100       0x30 /home/aju/zephyr-sdk-0.16.1/arm-zephyr-eabi/bin/../lib/gcc/arm-zephyr-eabi/12.2.0/thumb/v7e-m/nofp/libgcc.a(_aeabi_uldivmod.o)
                0x0000000000026100                __aeabi_uldivmod
 .text          0x0000000000026130        0x4 /home/aju/zephyr-sdk-0.16.1/arm-zephyr-eabi/bin/../lib/gcc/arm-zephyr-eabi/12.2.0/thumb/v7e-m/nofp/libgcc.a(_dvmd_tls.o)
                0x0000000000026130                __aeabi_ldiv0
                0x0000000000026130                __aeabi_idiv0
 .text          0x0000000000026134      0x2a0 /home/aju/zephyr-sdk-0.16.1/arm-zephyr-eabi/bin/../lib/gcc/arm-zephyr-eabi/12.2.0/thumb/v7e-m/nofp/libgcc.a(_udivmoddi4.o)
                0x0000000000026134                __udivmoddi4
 *(SORT_BY_ALIGNMENT(.text.*))
 .text.main     0x00000000000263d4      0x1d8 app/libapp.a(main.c.obj)
                0x00000000000263d4                main
 .text.cbvprintf_package
                0x00000000000265ac      0x3ac zephyr/libzephyr.a(cbprintf_packaged.c.obj)
                0x00000000000265ac                cbvprintf_package
 .text.cbprintf_package_convert
                0x0000000000026958      0x3bc zephyr/libzephyr.a(cbprintf_packaged.c.obj)
                0x0000000000026958                cbprintf_package_convert
 .text.__printk_hook_install
                0x0000000000026d14        0xc zephyr/libzephyr.a(printk.c.obj)
                0x0000000000026d14                __printk_hook_install
 .text.vsnprintk
                0x0000000000026d20       0x2c zephyr/libzephyr.a(printk.c.obj)
                0x0000000000026d20                vsnprintk
 .text.process_event
                0x0000000000026d4c      0x21c zephyr/libzephyr.a(onoff.c.obj)
 .text.z_cbvprintf_impl
                0x0000000000026f68      0x764 zephyr/libzephyr.a(cbprintf_complete.c.obj)
                0x0000000000026f68                z_cbvprintf_impl
 .text.z_arm_platform_init
                0x00000000000276cc        0x4 zephyr/libzephyr.a(soc_nrf_common.S.obj)
                0x00000000000276cc                z_arm_platform_init
 .text.activate_foreach_backend
                0x00000000000276d0       0x64 zephyr/libzephyr.a(log_core.c.obj)
 .text.enable_logger
                0x0000000000027734       0x5c zephyr/libzephyr.a(log_core.c.obj)
 .text.log_process_thread_timer_expiry_fn
                0x0000000000027790        0xc zephyr/libzephyr.a(log_core.c.obj)
 .text.z_log_init
                0x000000000002779c       0x90 zephyr/libzephyr.a(log_core.c.obj)
 .text.log_format_func_t_get
                0x000000000002782c        0xc zephyr/libzephyr.a(log_core.c.obj)
                0x000000000002782c                log_format_func_t_get
 .text.log_set_timestamp_func
                0x0000000000027838       0x20 zephyr/libzephyr.a(log_core.c.obj)
                0x0000000000027838                log_set_timestamp_func
 .text.z_log_notify_backend_enabled
                0x0000000000027858       0x1c zephyr/libzephyr.a(log_core.c.obj)
                0x0000000000027858                z_log_notify_backend_enabled
 .text.z_log_dropped
                0x0000000000027874       0x30 zephyr/libzephyr.a(log_core.c.obj)
                0x0000000000027874                z_log_dropped
 .text.z_log_dropped_read_and_clear
                0x00000000000278a4       0x20 zephyr/libzephyr.a(log_core.c.obj)
                0x00000000000278a4                z_log_dropped_read_and_clear
 .text.dropped_notify
                0x00000000000278c4       0x30 zephyr/libzephyr.a(log_core.c.obj)
                0x00000000000278c4                dropped_notify
 .text.z_log_msg_init
                0x00000000000278f4       0x20 zephyr/libzephyr.a(log_core.c.obj)
                0x00000000000278f4                z_log_msg_init
 .text.log_core_init
                0x0000000000027914       0x34 zephyr/libzephyr.a(log_core.c.obj)
                0x0000000000027914                log_core_init
 .text.z_log_msg_alloc
                0x0000000000027948       0x10 zephyr/libzephyr.a(log_core.c.obj)
                0x0000000000027948                z_log_msg_alloc
 .text.z_log_msg_local_claim
                0x0000000000027958        0xc zephyr/libzephyr.a(log_core.c.obj)
                0x0000000000027958                z_log_msg_local_claim
 .text.z_log_msg_free
                0x0000000000027964       0x10 zephyr/libzephyr.a(log_core.c.obj)
                0x0000000000027964                z_log_msg_free
 .text.z_log_msg_pending
                0x0000000000027974        0xc zephyr/libzephyr.a(log_core.c.obj)
                0x0000000000027974                z_log_msg_pending
 .text.z_impl_log_process
                0x0000000000027980       0xbc zephyr/libzephyr.a(log_core.c.obj)
                0x0000000000027980                z_impl_log_process
 .text.z_impl_log_panic
                0x0000000000027a3c       0x44 zephyr/libzephyr.a(log_core.c.obj)
                0x0000000000027a3c                z_impl_log_panic
 .text.log_process_thread_func
                0x0000000000027a80       0x9c zephyr/libzephyr.a(log_core.c.obj)
 .text.z_log_msg_post_finalize
                0x0000000000027b1c       0x78 zephyr/libzephyr.a(log_core.c.obj)
 .text.z_log_msg_commit
                0x0000000000027b94       0x24 zephyr/libzephyr.a(log_core.c.obj)
                0x0000000000027b94                z_log_msg_commit
 .text.log_source_name_get
                0x0000000000027bb8       0x1c zephyr/libzephyr.a(log_mgmt.c.obj)
                0x0000000000027bb8                log_source_name_get
 .text.log_backend_enable
                0x0000000000027bd4       0x28 zephyr/libzephyr.a(log_mgmt.c.obj)
                0x0000000000027bd4                log_backend_enable
 .text.z_impl_z_log_msg_static_create
                0x0000000000027bfc      0x108 zephyr/libzephyr.a(log_msg.c.obj)
                0x0000000000027bfc                z_impl_z_log_msg_static_create
 .text.z_impl_z_log_msg_runtime_vcreate
                0x0000000000027d04       0x8c zephyr/libzephyr.a(log_msg.c.obj)
                0x0000000000027d04                z_impl_z_log_msg_runtime_vcreate
 .text.print_formatted
                0x0000000000027d90       0x24 zephyr/libzephyr.a(log_output.c.obj)
 .text.newline_print
                0x0000000000027db4       0x1c zephyr/libzephyr.a(log_output.c.obj)
 .text.log_output_process
                0x0000000000027dd0      0x2a4 zephyr/libzephyr.a(log_output.c.obj)
                0x0000000000027dd0                log_output_process
 .text.log_output_msg_process
                0x0000000000028074       0x6c zephyr/libzephyr.a(log_output.c.obj)
                0x0000000000028074                log_output_msg_process
 .text.log_output_dropped_process
                0x00000000000280e0       0x58 zephyr/libzephyr.a(log_output.c.obj)
                0x00000000000280e0                log_output_dropped_process
 .text.log_output_timestamp_freq_set
                0x0000000000028138       0x2c zephyr/libzephyr.a(log_output.c.obj)
                0x0000000000028138                log_output_timestamp_freq_set
 .text.format_set
                0x0000000000028164        0xc zephyr/libzephyr.a(log_backend_uart.c.obj)
 .text.panic    0x0000000000028170       0x14 zephyr/libzephyr.a(log_backend_uart.c.obj)
 .text.dropped  0x0000000000028184        0xc zephyr/libzephyr.a(log_backend_uart.c.obj)
 .text.process  0x0000000000028190       0x24 zephyr/libzephyr.a(log_backend_uart.c.obj)
 .text.char_out
                0x00000000000281b4       0x24 zephyr/libzephyr.a(log_backend_uart.c.obj)
 .text.pm_state_notify
                0x00000000000281d8       0x5c zephyr/libzephyr.a(pm.c.obj)
 .text.pm_system_resume
                0x0000000000028234       0x78 zephyr/libzephyr.a(pm.c.obj)
                0x0000000000028234                pm_system_resume
 .text.pm_system_suspend
                0x00000000000282ac       0xf8 zephyr/libzephyr.a(pm.c.obj)
                0x00000000000282ac                pm_system_suspend
 .text.pm_policy_next_state
                0x00000000000283a4       0xf8 zephyr/libzephyr.a(policy.c.obj)
                0x00000000000283a4                pm_policy_next_state
 .text.pm_state_cpu_get_all
                0x000000000002849c       0x10 zephyr/libzephyr.a(state.c.obj)
                0x000000000002849c                pm_state_cpu_get_all
 .text.class_handler
                0x00000000000284ac       0x40 zephyr/libzephyr.a(usb_device.c.obj)
 .text.custom_handler
                0x00000000000284ec       0x60 zephyr/libzephyr.a(usb_device.c.obj)
 .text.vendor_handler
                0x000000000002854c       0x3c zephyr/libzephyr.a(usb_device.c.obj)
 .text.usb_reset_alt_setting
                0x0000000000028588       0x10 zephyr/libzephyr.a(usb_device.c.obj)
 .text.is_ep_valid.part.0
                0x0000000000028598       0x38 zephyr/libzephyr.a(usb_device.c.obj)
 .text.usb_handle_request.constprop.0
                0x00000000000285d0       0x2c zephyr/libzephyr.a(usb_device.c.obj)
 .text.usb_device_init.part.0
                0x00000000000285fc       0x2c zephyr/libzephyr.a(usb_device.c.obj)
 .text.usb_halt_endpoint_req.isra.0
                0x0000000000028628       0x50 zephyr/libzephyr.a(usb_device.c.obj)
 .text.get_ep_bm_from_addr.part.0
                0x0000000000028678       0x30 zephyr/libzephyr.a(usb_device.c.obj)
 .text.forward_status_cb
                0x00000000000286a8       0xb0 zephyr/libzephyr.a(usb_device.c.obj)
 .text.disable_endpoint
                0x0000000000028758       0x60 zephyr/libzephyr.a(usb_device.c.obj)
 .text.set_endpoint
                0x00000000000287b8       0xc0 zephyr/libzephyr.a(usb_device.c.obj)
 .text.usb_handle_standard_request
                0x0000000000028878      0x2ec zephyr/libzephyr.a(usb_device.c.obj)
 .text.usb_data_to_host
                0x0000000000028b64       0x60 zephyr/libzephyr.a(usb_device.c.obj)
 .text.usb_handle_control_transfer
                0x0000000000028bc4      0x104 zephyr/libzephyr.a(usb_device.c.obj)
 .text.usb_set_config
                0x0000000000028cc8       0x2c zephyr/libzephyr.a(usb_device.c.obj)
                0x0000000000028cc8                usb_set_config
 .text.usb_enable
                0x0000000000028cf4      0x140 zephyr/libzephyr.a(usb_device.c.obj)
                0x0000000000028cf4                usb_enable
 .text.usb_device_init
                0x0000000000028e34       0x30 zephyr/libzephyr.a(usb_device.c.obj)
 .text.usb_update_sn_string_descriptor
                0x0000000000028e64       0x88 zephyr/libzephyr.a(usb_descriptor.c.obj)
                0x0000000000028e64                usb_update_sn_string_descriptor
 .text.usb_get_device_descriptor
                0x0000000000028eec      0x278 zephyr/libzephyr.a(usb_descriptor.c.obj)
                0x0000000000028eec                usb_get_device_descriptor
 .text.usb_ep_get_transfer
                0x0000000000029164       0x2c zephyr/libzephyr.a(usb_transfer.c.obj)
 .text.usb_transfer_work
                0x0000000000029190      0x15c zephyr/libzephyr.a(usb_transfer.c.obj)
 .text.usb_transfer_ep_callback
                0x00000000000292ec       0x78 zephyr/libzephyr.a(usb_transfer.c.obj)
                0x00000000000292ec                usb_transfer_ep_callback
 .text.usb_transfer
                0x0000000000029364      0x144 zephyr/libzephyr.a(usb_transfer.c.obj)
                0x0000000000029364                usb_transfer
 .text.usb_cancel_transfer
                0x00000000000294a8       0x3c zephyr/libzephyr.a(usb_transfer.c.obj)
                0x00000000000294a8                usb_cancel_transfer
 .text.usb_cancel_transfers
                0x00000000000294e4       0x48 zephyr/libzephyr.a(usb_transfer.c.obj)
                0x00000000000294e4                usb_cancel_transfers
 .text.usb_transfer_init
                0x000000000002952c       0x34 zephyr/libzephyr.a(usb_transfer.c.obj)
                0x000000000002952c                usb_transfer_init
 .text.cdc_acm_class_handle_req
                0x0000000000029560       0x58 zephyr/libzephyr.a(cdc_acm.c.obj)
                0x0000000000029560                cdc_acm_class_handle_req
 .text.cdc_acm_int_in
                0x00000000000295b8       0x18 zephyr/libzephyr.a(cdc_acm.c.obj)
 .text.cdc_acm_irq_rx_enable
                0x00000000000295d0       0x20 zephyr/libzephyr.a(cdc_acm.c.obj)
 .text.cdc_acm_irq_tx_enable
                0x00000000000295f0       0x20 zephyr/libzephyr.a(cdc_acm.c.obj)
 .text.cdc_acm_reset_port
                0x0000000000029610       0x3c zephyr/libzephyr.a(cdc_acm.c.obj)
 .text.cdc_acm_fifo_fill
                0x000000000002964c       0x38 zephyr/libzephyr.a(cdc_acm.c.obj)
 .text.cdc_acm_poll_out
                0x0000000000029684       0x64 zephyr/libzephyr.a(cdc_acm.c.obj)
 .text.tx_work_handler
                0x00000000000296e8       0x5c zephyr/libzephyr.a(cdc_acm.c.obj)
 .text.cdc_acm_write_cb
                0x0000000000029744       0x44 zephyr/libzephyr.a(cdc_acm.c.obj)
 .text.cdc_acm_init
                0x0000000000029788       0x48 zephyr/libzephyr.a(cdc_acm.c.obj)
 .text.cdc_acm_read_cb
                0x00000000000297d0       0x6c zephyr/libzephyr.a(cdc_acm.c.obj)
 .text.cdc_acm_dev_status_cb
                0x000000000002983c       0x88 zephyr/libzephyr.a(cdc_acm.c.obj)
 .text.z_usb_work_q_init
                0x00000000000298c4       0x34 zephyr/libzephyr.a(usb_work_q.c.obj)
 .text.z_arm_cpu_idle_init
                0x00000000000298f8        0xc zephyr/arch/arch/arm/core/aarch32/libarch__arm__core__aarch32.a(cpu_idle.S.obj)
                0x00000000000298f8                z_arm_cpu_idle_init
 .text.arch_cpu_idle
                0x0000000000029904       0x1c zephyr/arch/arch/arm/core/aarch32/libarch__arm__core__aarch32.a(cpu_idle.S.obj)
                0x0000000000029904                arch_cpu_idle
 .text.arch_cpu_atomic_idle
                0x0000000000029920       0x18 zephyr/arch/arch/arm/core/aarch32/libarch__arm__core__aarch32.a(cpu_idle.S.obj)
                0x0000000000029920                arch_cpu_atomic_idle
 .text.z_arm_fatal_error
                0x0000000000029938       0xcc zephyr/arch/arch/arm/core/aarch32/libarch__arm__core__aarch32.a(fatal.c.obj)
                0x0000000000029938                z_arm_fatal_error
 .text.arch_irq_enable
                0x0000000000029a04       0x1c zephyr/arch/arch/arm/core/aarch32/libarch__arm__core__aarch32.a(irq_manage.c.obj)
                0x0000000000029a04                arch_irq_enable
 .text.arch_irq_disable
                0x0000000000029a20       0x28 zephyr/arch/arch/arm/core/aarch32/libarch__arm__core__aarch32.a(irq_manage.c.obj)
                0x0000000000029a20                arch_irq_disable
 .text.arch_irq_is_enabled
                0x0000000000029a48       0x1c zephyr/arch/arch/arm/core/aarch32/libarch__arm__core__aarch32.a(irq_manage.c.obj)
                0x0000000000029a48                arch_irq_is_enabled
 .text.z_arm_irq_priority_set
                0x0000000000029a64       0x30 zephyr/arch/arch/arm/core/aarch32/libarch__arm__core__aarch32.a(irq_manage.c.obj)
                0x0000000000029a64                z_arm_irq_priority_set
 .text.z_SysNmiOnReset
                0x0000000000029a94        0x8 zephyr/arch/arch/arm/core/aarch32/libarch__arm__core__aarch32.a(nmi_on_reset.S.obj)
                0x0000000000029a94                z_SysNmiOnReset
 .text.z_arm_prep_c
                0x0000000000029a9c       0x48 zephyr/arch/arch/arm/core/aarch32/libarch__arm__core__aarch32.a(prep_c.c.obj)
                0x0000000000029a9c                z_arm_prep_c
 .text.arch_swap
                0x0000000000029ae4       0x34 zephyr/arch/arch/arm/core/aarch32/libarch__arm__core__aarch32.a(swap.c.obj)
                0x0000000000029ae4                arch_swap
 .text.z_arm_pendsv
                0x0000000000029b18       0x48 zephyr/arch/arch/arm/core/aarch32/libarch__arm__core__aarch32.a(swap_helper.S.obj)
                0x0000000000029b18                z_arm_pendsv
 .text.z_arm_svc
                0x0000000000029b60       0x20 zephyr/arch/arch/arm/core/aarch32/libarch__arm__core__aarch32.a(swap_helper.S.obj)
                0x0000000000029b60                z_arm_svc
 .text.arch_new_thread
                0x0000000000029b80       0x38 zephyr/arch/arch/arm/core/aarch32/libarch__arm__core__aarch32.a(thread.c.obj)
                0x0000000000029b80                arch_new_thread
 .text.arch_switch_to_main_thread
                0x0000000000029bb8       0x24 zephyr/arch/arch/arm/core/aarch32/libarch__arm__core__aarch32.a(thread.c.obj)
                0x0000000000029bb8                arch_switch_to_main_thread
 .text._isr_wrapper
                0x0000000000029bdc       0x40 zephyr/arch/arch/arm/core/aarch32/libarch__arm__core__aarch32.a(isr_wrapper.S.obj)
                0x0000000000029bdc                _isr_wrapper
 .text._HandlerModeExit
                0x0000000000029c1c       0x1c zephyr/arch/arch/arm/core/aarch32/cortex_m/libarch__arm__core__aarch32__cortex_m.a(exc_exit.S.obj)
                0x0000000000029c1c                z_arm_exc_exit
                0x0000000000029c1c                z_arm_int_exit
 .text.mem_manage_fault.constprop.0
                0x0000000000029c38      0x144 zephyr/arch/arch/arm/core/aarch32/cortex_m/libarch__arm__core__aarch32__cortex_m.a(fault.c.obj)
 .text.bus_fault.constprop.0
                0x0000000000029d7c      0x154 zephyr/arch/arch/arm/core/aarch32/cortex_m/libarch__arm__core__aarch32__cortex_m.a(fault.c.obj)
 .text.usage_fault.constprop.0
                0x0000000000029ed0      0x104 zephyr/arch/arch/arm/core/aarch32/cortex_m/libarch__arm__core__aarch32__cortex_m.a(fault.c.obj)
 .text.z_arm_fault
                0x0000000000029fd4      0x214 zephyr/arch/arch/arm/core/aarch32/cortex_m/libarch__arm__core__aarch32__cortex_m.a(fault.c.obj)
                0x0000000000029fd4                z_arm_fault
 .text.z_arm_fault_init
                0x000000000002a1e8       0x10 zephyr/arch/arch/arm/core/aarch32/cortex_m/libarch__arm__core__aarch32__cortex_m.a(fault.c.obj)
                0x000000000002a1e8                z_arm_fault_init
 .text.__fault  0x000000000002a1f8       0x14 zephyr/arch/arch/arm/core/aarch32/cortex_m/libarch__arm__core__aarch32__cortex_m.a(fault_s.S.obj)
                0x000000000002a1f8                z_arm_bus_fault
                0x000000000002a1f8                z_arm_usage_fault
                0x000000000002a1f8                z_arm_mpu_fault
                0x000000000002a1f8                z_arm_exc_spurious
                0x000000000002a1f8                z_arm_debug_monitor
                0x000000000002a1f8                z_arm_hard_fault
 .text.z_arm_interrupt_init
                0x000000000002a20c       0x18 zephyr/arch/arch/arm/core/aarch32/cortex_m/libarch__arm__core__aarch32__cortex_m.a(irq_init.c.obj)
                0x000000000002a20c                z_arm_interrupt_init
 .text._reset_section
                0x000000000002a224       0x30 zephyr/arch/arch/arm/core/aarch32/cortex_m/libarch__arm__core__aarch32__cortex_m.a(reset.S.obj)
                0x000000000002a224                z_arm_reset
                0x000000000002a224                __start
 .text.z_impl_k_thread_abort
                0x000000000002a254       0x2c zephyr/arch/arch/arm/core/aarch32/cortex_m/libarch__arm__core__aarch32__cortex_m.a(thread_abort.c.obj)
                0x000000000002a254                z_impl_k_thread_abort
 .text.z_arm_configure_static_mpu_regions
                0x000000000002a280       0x18 zephyr/arch/arch/arm/core/aarch32/mpu/libarch__arm__core__aarch32__mpu.a(arm_core_mpu.c.obj)
                0x000000000002a280                z_arm_configure_static_mpu_regions
 .text.mpu_configure_regions
                0x000000000002a298       0xcc zephyr/arch/arch/arm/core/aarch32/mpu/libarch__arm__core__aarch32__mpu.a(arm_mpu.c.obj)
 .text.arm_core_mpu_enable
                0x000000000002a364       0x18 zephyr/arch/arch/arm/core/aarch32/mpu/libarch__arm__core__aarch32__mpu.a(arm_mpu.c.obj)
                0x000000000002a364                arm_core_mpu_enable
 .text.arm_core_mpu_disable
                0x000000000002a37c       0x14 zephyr/arch/arch/arm/core/aarch32/mpu/libarch__arm__core__aarch32__mpu.a(arm_mpu.c.obj)
                0x000000000002a37c                arm_core_mpu_disable
 .text.arm_core_mpu_configure_static_mpu_regions
                0x000000000002a390       0x14 zephyr/arch/arch/arm/core/aarch32/mpu/libarch__arm__core__aarch32__mpu.a(arm_mpu.c.obj)
                0x000000000002a390                arm_core_mpu_configure_static_mpu_regions
 .text.z_arm_mpu_init
                0x000000000002a3a4       0x60 zephyr/arch/arch/arm/core/aarch32/mpu/libarch__arm__core__aarch32__mpu.a(arm_mpu.c.obj)
                0x000000000002a3a4                z_arm_mpu_init
 .text.__stdout_hook_install
                0x000000000002a404        0xc zephyr/lib/libc/minimal/liblib__libc__minimal.a(stdout_console.c.obj)
                0x000000000002a404                __stdout_hook_install
 .text.nordicsemi_nrf52_init
                0x000000000002a410       0x30 zephyr/soc/arm/nordic_nrf/nrf52/libsoc__arm__nordic_nrf__nrf52.a(soc.c.obj)
 .text.arch_busy_wait
                0x000000000002a440       0x14 zephyr/soc/arm/nordic_nrf/nrf52/libsoc__arm__nordic_nrf__nrf52.a(soc.c.obj)
                0x000000000002a440                arch_busy_wait
 .text.endpoint_ctx
                0x000000000002a454       0x60 zephyr/drivers/usb/device/libdrivers__usb__device.a(usb_dc_nrfx.c.obj)
 .text.usbd_work_schedule
                0x000000000002a4b4       0x10 zephyr/drivers/usb/device/libdrivers__usb__device.a(usb_dc_nrfx.c.obj)
 .text.usbd_evt_put
                0x000000000002a4c4        0xc zephyr/drivers/usb/device/libdrivers__usb__device.a(usb_dc_nrfx.c.obj)
 .text.usbd_evt_get
                0x000000000002a4d0       0x10 zephyr/drivers/usb/device/libdrivers__usb__device.a(usb_dc_nrfx.c.obj)
 .text.usbd_evt_flush
                0x000000000002a4e0       0x1c zephyr/drivers/usb/device/libdrivers__usb__device.a(usb_dc_nrfx.c.obj)
 .text.usbd_evt_alloc
                0x000000000002a4fc       0x78 zephyr/drivers/usb/device/libdrivers__usb__device.a(usb_dc_nrfx.c.obj)
 .text.usb_dc_power_event_handler
                0x000000000002a574       0x5c zephyr/drivers/usb/device/libdrivers__usb__device.a(usb_dc_nrfx.c.obj)
 .text.usbd_event_transfer_data
                0x000000000002a5d0       0xe0 zephyr/drivers/usb/device/libdrivers__usb__device.a(usb_dc_nrfx.c.obj)
 .text.usb_init
                0x000000000002a6b0       0x70 zephyr/drivers/usb/device/libdrivers__usb__device.a(usb_dc_nrfx.c.obj)
 .text.hfxo_stop.constprop.0.isra.0
                0x000000000002a720       0x40 zephyr/drivers/usb/device/libdrivers__usb__device.a(usb_dc_nrfx.c.obj)
 .text.usbd_event_handler
                0x000000000002a760      0x170 zephyr/drivers/usb/device/libdrivers__usb__device.a(usb_dc_nrfx.c.obj)
 .text.eps_ctx_init
                0x000000000002a8d0       0x68 zephyr/drivers/usb/device/libdrivers__usb__device.a(usb_dc_nrfx.c.obj)
 .text.usbd_work_handler
                0x000000000002a938      0x3a4 zephyr/drivers/usb/device/libdrivers__usb__device.a(usb_dc_nrfx.c.obj)
 .text.usb_dc_attach
                0x000000000002acdc       0x64 zephyr/drivers/usb/device/libdrivers__usb__device.a(usb_dc_nrfx.c.obj)
                0x000000000002acdc                usb_dc_attach
 .text.usb_dc_set_address
                0x000000000002ad40       0x24 zephyr/drivers/usb/device/libdrivers__usb__device.a(usb_dc_nrfx.c.obj)
                0x000000000002ad40                usb_dc_set_address
 .text.usb_dc_ep_check_cap
                0x000000000002ad64       0x64 zephyr/drivers/usb/device/libdrivers__usb__device.a(usb_dc_nrfx.c.obj)
                0x000000000002ad64                usb_dc_ep_check_cap
 .text.usb_dc_ep_configure
                0x000000000002adc8       0x68 zephyr/drivers/usb/device/libdrivers__usb__device.a(usb_dc_nrfx.c.obj)
                0x000000000002adc8                usb_dc_ep_configure
 .text.usb_dc_ep_set_stall
                0x000000000002ae30       0x74 zephyr/drivers/usb/device/libdrivers__usb__device.a(usb_dc_nrfx.c.obj)
                0x000000000002ae30                usb_dc_ep_set_stall
 .text.usb_dc_ep_clear_stall
                0x000000000002aea4       0x40 zephyr/drivers/usb/device/libdrivers__usb__device.a(usb_dc_nrfx.c.obj)
                0x000000000002aea4                usb_dc_ep_clear_stall
 .text.usb_dc_ep_is_stalled
                0x000000000002aee4       0x38 zephyr/drivers/usb/device/libdrivers__usb__device.a(usb_dc_nrfx.c.obj)
                0x000000000002aee4                usb_dc_ep_is_stalled
 .text.usb_dc_ep_enable
                0x000000000002af1c       0x54 zephyr/drivers/usb/device/libdrivers__usb__device.a(usb_dc_nrfx.c.obj)
                0x000000000002af1c                usb_dc_ep_enable
 .text.usb_dc_ep_write
                0x000000000002af70      0x144 zephyr/drivers/usb/device/libdrivers__usb__device.a(usb_dc_nrfx.c.obj)
                0x000000000002af70                usb_dc_ep_write
 .text.usb_dc_ep_read_wait
                0x000000000002b0b4       0xcc zephyr/drivers/usb/device/libdrivers__usb__device.a(usb_dc_nrfx.c.obj)
                0x000000000002b0b4                usb_dc_ep_read_wait
 .text.usb_dc_ep_read_continue
                0x000000000002b180       0xb0 zephyr/drivers/usb/device/libdrivers__usb__device.a(usb_dc_nrfx.c.obj)
                0x000000000002b180                usb_dc_ep_read_continue
 .text.usb_dc_ep_set_callback
                0x000000000002b230       0x28 zephyr/drivers/usb/device/libdrivers__usb__device.a(usb_dc_nrfx.c.obj)
                0x000000000002b230                usb_dc_ep_set_callback
 .text.usb_dc_set_status_callback
                0x000000000002b258        0xc zephyr/drivers/usb/device/libdrivers__usb__device.a(usb_dc_nrfx.c.obj)
                0x000000000002b258                usb_dc_set_status_callback
 .text.usb_dc_ep_mps
                0x000000000002b264       0x24 zephyr/drivers/usb/device/libdrivers__usb__device.a(usb_dc_nrfx.c.obj)
                0x000000000002b264                usb_dc_ep_mps
 .text.adc_gain_invert
                0x000000000002b288       0x2c zephyr/drivers/adc/libdrivers__adc.a(adc_common.c.obj)
                0x000000000002b288                adc_gain_invert
 .text.adc_context_start_sampling
                0x000000000002b2b4       0x1c zephyr/drivers/adc/libdrivers__adc.a(adc_nrfx_saadc.c.obj)
 .text.adc_nrfx_channel_setup
                0x000000000002b2d0      0x10c zephyr/drivers/adc/libdrivers__adc.a(adc_nrfx_saadc.c.obj)
 .text.adc_nrfx_read
                0x000000000002b3dc      0x22c zephyr/drivers/adc/libdrivers__adc.a(adc_nrfx_saadc.c.obj)
 .text.init_saadc
                0x000000000002b608       0x44 zephyr/drivers/adc/libdrivers__adc.a(adc_nrfx_saadc.c.obj)
 .text.saadc_irq_handler
                0x000000000002b64c       0xcc zephyr/drivers/adc/libdrivers__adc.a(adc_nrfx_saadc.c.obj)
 .text.onoff_stop
                0x000000000002b718       0x30 zephyr/drivers/clock_control/libdrivers__clock_control.a(clock_control_nrf.c.obj)
 .text.onoff_start
                0x000000000002b748       0x44 zephyr/drivers/clock_control/libdrivers__clock_control.a(clock_control_nrf.c.obj)
 .text.clk_init
                0x000000000002b78c       0x58 zephyr/drivers/clock_control/libdrivers__clock_control.a(clock_control_nrf.c.obj)
 .text.clkstarted_handle.constprop.0
                0x000000000002b7e4       0x34 zephyr/drivers/clock_control/libdrivers__clock_control.a(clock_control_nrf.c.obj)
 .text.clock_event_handler
                0x000000000002b818       0x1c zephyr/drivers/clock_control/libdrivers__clock_control.a(clock_control_nrf.c.obj)
 .text.generic_hfclk_start
                0x000000000002b834       0x64 zephyr/drivers/clock_control/libdrivers__clock_control.a(clock_control_nrf.c.obj)
 .text.api_blocking_start
                0x000000000002b898       0x34 zephyr/drivers/clock_control/libdrivers__clock_control.a(clock_control_nrf.c.obj)
 .text.generic_hfclk_stop
                0x000000000002b8cc       0x34 zephyr/drivers/clock_control/libdrivers__clock_control.a(clock_control_nrf.c.obj)
 .text.z_nrf_clock_control_get_onoff
                0x000000000002b900       0x10 zephyr/drivers/clock_control/libdrivers__clock_control.a(clock_control_nrf.c.obj)
                0x000000000002b900                z_nrf_clock_control_get_onoff
 .text.z_nrf_clock_control_lf_on
                0x000000000002b910       0xfc zephyr/drivers/clock_control/libdrivers__clock_control.a(clock_control_nrf.c.obj)
                0x000000000002b910                z_nrf_clock_control_lf_on
 .text.uart_console_init
                0x000000000002ba0c       0x28 zephyr/drivers/console/libdrivers__console.a(uart_console.c.obj)
 .text.console_out
                0x000000000002ba34       0x28 zephyr/drivers/console/libdrivers__console.a(uart_console.c.obj)
 .text.gpio_nrfx_pin_interrupt_configure
                0x000000000002ba5c       0xe4 zephyr/drivers/gpio/libdrivers__gpio.a(gpio_nrfx.c.obj)
 .text.gpio_nrfx_init
                0x000000000002bb40       0x38 zephyr/drivers/gpio/libdrivers__gpio.a(gpio_nrfx.c.obj)
 .text.nrfx_gpio_handler
                0x000000000002bb78       0x4c zephyr/drivers/gpio/libdrivers__gpio.a(gpio_nrfx.c.obj)
 .text.gpio_nrfx_pin_configure
                0x000000000002bbc4      0x128 zephyr/drivers/gpio/libdrivers__gpio.a(gpio_nrfx.c.obj)
 .text.compare_int_lock
                0x000000000002bcec       0x48 zephyr/drivers/timer/libdrivers__timer.a(nrf_rtc_timer.c.obj)
 .text.sys_clock_timeout_handler
                0x000000000002bd34       0x48 zephyr/drivers/timer/libdrivers__timer.a(nrf_rtc_timer.c.obj)
 .text.compare_int_unlock
                0x000000000002bd7c       0x5c zephyr/drivers/timer/libdrivers__timer.a(nrf_rtc_timer.c.obj)
 .text.z_nrf_rtc_timer_read
                0x000000000002bdd8       0x44 zephyr/drivers/timer/libdrivers__timer.a(nrf_rtc_timer.c.obj)
                0x000000000002bdd8                z_nrf_rtc_timer_read
 .text.compare_set
                0x000000000002be1c      0x130 zephyr/drivers/timer/libdrivers__timer.a(nrf_rtc_timer.c.obj)
 .text.sys_clock_driver_init
                0x000000000002bf4c       0x90 zephyr/drivers/timer/libdrivers__timer.a(nrf_rtc_timer.c.obj)
 .text.rtc_nrf_isr
                0x000000000002bfdc       0xd4 zephyr/drivers/timer/libdrivers__timer.a(nrf_rtc_timer.c.obj)
                0x000000000002bfdc                rtc_nrf_isr
 .text.sys_clock_set_timeout
                0x000000000002c0b0       0x68 zephyr/drivers/timer/libdrivers__timer.a(nrf_rtc_timer.c.obj)
                0x000000000002c0b0                sys_clock_set_timeout
 .text.sys_clock_elapsed
                0x000000000002c118       0x14 zephyr/drivers/timer/libdrivers__timer.a(nrf_rtc_timer.c.obj)
                0x000000000002c118                sys_clock_elapsed
 .text.nrf52_errata_98
                0x000000000002c12c       0x24 modules/hal_nordic/nrfx/libmodules__hal_nordic__nrfx.a(system_nrf52840.c.obj)
 .text.nvmc_wait
                0x000000000002c150       0x10 modules/hal_nordic/nrfx/libmodules__hal_nordic__nrfx.a(system_nrf52840.c.obj)
                0x000000000002c150                nvmc_wait
 .text.SystemInit
                0x000000000002c160      0x1bc modules/hal_nordic/nrfx/libmodules__hal_nordic__nrfx.a(system_nrf52840.c.obj)
                0x000000000002c160                SystemInit
 .text.nrfx_flag32_alloc
                0x000000000002c31c       0x48 modules/hal_nordic/nrfx/libmodules__hal_nordic__nrfx.a(nrfx_flag32_allocator.c.obj)
                0x000000000002c31c                nrfx_flag32_alloc
 .text.nrfx_flag32_free
                0x000000000002c364       0x40 modules/hal_nordic/nrfx/libmodules__hal_nordic__nrfx.a(nrfx_flag32_allocator.c.obj)
                0x000000000002c364                nrfx_flag32_free
 .text.clock_stop
                0x000000000002c3a4       0xc4 modules/hal_nordic/nrfx/libmodules__hal_nordic__nrfx.a(nrfx_clock.c.obj)
 .text.nrfx_clock_init
                0x000000000002c468       0x20 modules/hal_nordic/nrfx/libmodules__hal_nordic__nrfx.a(nrfx_clock.c.obj)
                0x000000000002c468                nrfx_clock_init
 .text.nrfx_clock_enable
                0x000000000002c488       0x24 modules/hal_nordic/nrfx/libmodules__hal_nordic__nrfx.a(nrfx_clock.c.obj)
                0x000000000002c488                nrfx_clock_enable
 .text.nrfx_clock_irq_handler
                0x000000000002c4ac       0x68 modules/hal_nordic/nrfx/libmodules__hal_nordic__nrfx.a(nrfx_clock.c.obj)
                0x000000000002c4ac                nrfx_clock_irq_handler
 .text.nrf_gpio_pin_port_decode
                0x000000000002c514       0x20 modules/hal_nordic/nrfx/libmodules__hal_nordic__nrfx.a(nrfx_gpiote.c.obj)
 .text.call_handler
                0x000000000002c534       0x3c modules/hal_nordic/nrfx/libmodules__hal_nordic__nrfx.a(nrfx_gpiote.c.obj)
 .text.release_handler
                0x000000000002c570       0x54 modules/hal_nordic/nrfx/libmodules__hal_nordic__nrfx.a(nrfx_gpiote.c.obj)
 .text.__nrfy_internal_gpiote_events_process.constprop.0
                0x000000000002c5c4       0x54 modules/hal_nordic/nrfx/libmodules__hal_nordic__nrfx.a(nrfx_gpiote.c.obj)
 .text.nrfx_gpiote_input_configure
                0x000000000002c618      0x158 modules/hal_nordic/nrfx/libmodules__hal_nordic__nrfx.a(nrfx_gpiote.c.obj)
                0x000000000002c618                nrfx_gpiote_input_configure
 .text.nrfx_gpiote_output_configure
                0x000000000002c770       0xe0 modules/hal_nordic/nrfx/libmodules__hal_nordic__nrfx.a(nrfx_gpiote.c.obj)
                0x000000000002c770                nrfx_gpiote_output_configure
 .text.nrfx_gpiote_global_callback_set
                0x000000000002c850        0xc modules/hal_nordic/nrfx/libmodules__hal_nordic__nrfx.a(nrfx_gpiote.c.obj)
                0x000000000002c850                nrfx_gpiote_global_callback_set
 .text.nrfx_gpiote_channel_get
                0x000000000002c85c       0x24 modules/hal_nordic/nrfx/libmodules__hal_nordic__nrfx.a(nrfx_gpiote.c.obj)
                0x000000000002c85c                nrfx_gpiote_channel_get
 .text.nrfx_gpiote_init
                0x000000000002c880       0x50 modules/hal_nordic/nrfx/libmodules__hal_nordic__nrfx.a(nrfx_gpiote.c.obj)
                0x000000000002c880                nrfx_gpiote_init
 .text.nrfx_gpiote_is_init
                0x000000000002c8d0       0x14 modules/hal_nordic/nrfx/libmodules__hal_nordic__nrfx.a(nrfx_gpiote.c.obj)
                0x000000000002c8d0                nrfx_gpiote_is_init
 .text.nrfx_gpiote_channel_free
                0x000000000002c8e4        0xc modules/hal_nordic/nrfx/libmodules__hal_nordic__nrfx.a(nrfx_gpiote.c.obj)
                0x000000000002c8e4                nrfx_gpiote_channel_free
 .text.nrfx_gpiote_channel_alloc
                0x000000000002c8f0        0xc modules/hal_nordic/nrfx/libmodules__hal_nordic__nrfx.a(nrfx_gpiote.c.obj)
                0x000000000002c8f0                nrfx_gpiote_channel_alloc
 .text.nrfx_gpiote_trigger_enable
                0x000000000002c8fc       0x8c modules/hal_nordic/nrfx/libmodules__hal_nordic__nrfx.a(nrfx_gpiote.c.obj)
                0x000000000002c8fc                nrfx_gpiote_trigger_enable
 .text.nrfx_gpiote_trigger_disable
                0x000000000002c988       0x44 modules/hal_nordic/nrfx/libmodules__hal_nordic__nrfx.a(nrfx_gpiote.c.obj)
                0x000000000002c988                nrfx_gpiote_trigger_disable
 .text.nrfx_gpiote_pin_uninit
                0x000000000002c9cc       0x74 modules/hal_nordic/nrfx/libmodules__hal_nordic__nrfx.a(nrfx_gpiote.c.obj)
                0x000000000002c9cc                nrfx_gpiote_pin_uninit
 .text.nrfx_gpiote_irq_handler
                0x000000000002ca40      0x19c modules/hal_nordic/nrfx/libmodules__hal_nordic__nrfx.a(nrfx_gpiote.c.obj)
                0x000000000002ca40                nrfx_gpiote_irq_handler
 .text.nrfx_power_init
                0x000000000002cbdc       0x74 modules/hal_nordic/nrfx/libmodules__hal_nordic__nrfx.a(nrfx_power.c.obj)
                0x000000000002cbdc                nrfx_power_init
 .text.nrfx_power_usbevt_uninit
                0x000000000002cc50       0x18 modules/hal_nordic/nrfx/libmodules__hal_nordic__nrfx.a(nrfx_power.c.obj)
                0x000000000002cc50                nrfx_power_usbevt_uninit
 .text.nrfx_power_usbevt_init
                0x000000000002cc68       0x14 modules/hal_nordic/nrfx/libmodules__hal_nordic__nrfx.a(nrfx_power.c.obj)
                0x000000000002cc68                nrfx_power_usbevt_init
 .text.nrfx_power_irq_handler
                0x000000000002cc7c       0xa0 modules/hal_nordic/nrfx/libmodules__hal_nordic__nrfx.a(nrfx_power.c.obj)
                0x000000000002cc7c                nrfx_power_irq_handler
 .text.nrf52_errata_187
                0x000000000002cd1c       0x28 modules/hal_nordic/nrfx/libmodules__hal_nordic__nrfx.a(nrfx_usbd.c.obj)
 .text.ep_state_access
                0x000000000002cd44       0x1c modules/hal_nordic/nrfx/libmodules__hal_nordic__nrfx.a(nrfx_usbd.c.obj)
 .text.ev_usbreset_handler
                0x000000000002cd60       0x2c modules/hal_nordic/nrfx/libmodules__hal_nordic__nrfx.a(nrfx_usbd.c.obj)
 .text.ev_usbevent_handler
                0x000000000002cd8c       0x74 modules/hal_nordic/nrfx/libmodules__hal_nordic__nrfx.a(nrfx_usbd.c.obj)
 .text.usbd_errata_187_211_begin
                0x000000000002ce00       0x40 modules/hal_nordic/nrfx/libmodules__hal_nordic__nrfx.a(nrfx_usbd.c.obj)
 .text.usbd_errata_187_211_end
                0x000000000002ce40       0x40 modules/hal_nordic/nrfx/libmodules__hal_nordic__nrfx.a(nrfx_usbd.c.obj)
 .text.nrfx_usbd_feeder_flash
                0x000000000002ce80       0x38 modules/hal_nordic/nrfx/libmodules__hal_nordic__nrfx.a(nrfx_usbd.c.obj)
                0x000000000002ce80                nrfx_usbd_feeder_flash
 .text.nrfx_usbd_feeder_flash_zlp
                0x000000000002ceb8       0x3c modules/hal_nordic/nrfx/libmodules__hal_nordic__nrfx.a(nrfx_usbd.c.obj)
                0x000000000002ceb8                nrfx_usbd_feeder_flash_zlp
 .text.ev_sof_handler
                0x000000000002cef4       0x44 modules/hal_nordic/nrfx/libmodules__hal_nordic__nrfx.a(nrfx_usbd.c.obj)
 .text.atomic_and.constprop.0.isra.0
                0x000000000002cf38       0x20 modules/hal_nordic/nrfx/libmodules__hal_nordic__nrfx.a(nrfx_usbd.c.obj)
 .text.usbd_dma_pending_clear
                0x000000000002cf58       0x24 modules/hal_nordic/nrfx/libmodules__hal_nordic__nrfx.a(nrfx_usbd.c.obj)
 .text.nrf_usbd_ep0in_dma_handler
                0x000000000002cf7c       0x2c modules/hal_nordic/nrfx/libmodules__hal_nordic__nrfx.a(nrfx_usbd.c.obj)
 .text.usbd_ep_data_handler
                0x000000000002cfa8       0x8c modules/hal_nordic/nrfx/libmodules__hal_nordic__nrfx.a(nrfx_usbd.c.obj)
 .text.ev_setup_data_handler
                0x000000000002d034       0x1c modules/hal_nordic/nrfx/libmodules__hal_nordic__nrfx.a(nrfx_usbd.c.obj)
 .text.ev_dma_epout8_handler
                0x000000000002d050       0x40 modules/hal_nordic/nrfx/libmodules__hal_nordic__nrfx.a(nrfx_usbd.c.obj)
 .text.ev_dma_epin8_handler
                0x000000000002d090       0x50 modules/hal_nordic/nrfx/libmodules__hal_nordic__nrfx.a(nrfx_usbd.c.obj)
 .text.nrfx_usbd_uninit
                0x000000000002d0e0       0x14 modules/hal_nordic/nrfx/libmodules__hal_nordic__nrfx.a(nrfx_usbd.c.obj)
                0x000000000002d0e0                nrfx_usbd_uninit
 .text.nrfx_usbd_enable
                0x000000000002d0f4      0x14c modules/hal_nordic/nrfx/libmodules__hal_nordic__nrfx.a(nrfx_usbd.c.obj)
                0x000000000002d0f4                nrfx_usbd_enable
 .text.nrfx_usbd_start
                0x000000000002d240       0x3c modules/hal_nordic/nrfx/libmodules__hal_nordic__nrfx.a(nrfx_usbd.c.obj)
                0x000000000002d240                nrfx_usbd_start
 .text.nrfx_usbd_is_enabled
                0x000000000002d27c       0x14 modules/hal_nordic/nrfx/libmodules__hal_nordic__nrfx.a(nrfx_usbd.c.obj)
                0x000000000002d27c                nrfx_usbd_is_enabled
 .text.nrfx_usbd_suspend
                0x000000000002d290       0x58 modules/hal_nordic/nrfx/libmodules__hal_nordic__nrfx.a(nrfx_usbd.c.obj)
                0x000000000002d290                nrfx_usbd_suspend
 .text.nrfx_usbd_init
                0x000000000002d2e8       0x84 modules/hal_nordic/nrfx/libmodules__hal_nordic__nrfx.a(nrfx_usbd.c.obj)
                0x000000000002d2e8                nrfx_usbd_init
 .text.nrfx_usbd_ep_transfer
                0x000000000002d36c       0xf4 modules/hal_nordic/nrfx/libmodules__hal_nordic__nrfx.a(nrfx_usbd.c.obj)
                0x000000000002d36c                nrfx_usbd_ep_transfer
 .text.nrfx_usbd_epout_size_get
                0x000000000002d460       0x28 modules/hal_nordic/nrfx/libmodules__hal_nordic__nrfx.a(nrfx_usbd.c.obj)
                0x000000000002d460                nrfx_usbd_epout_size_get
 .text.usbd_dmareq_process
                0x000000000002d488      0x188 modules/hal_nordic/nrfx/libmodules__hal_nordic__nrfx.a(nrfx_usbd.c.obj)
 .text.ev_epdata_handler
                0x000000000002d610       0x44 modules/hal_nordic/nrfx/libmodules__hal_nordic__nrfx.a(nrfx_usbd.c.obj)
 .text.nrf_usbd_epout_dma_handler
                0x000000000002d654       0x64 modules/hal_nordic/nrfx/libmodules__hal_nordic__nrfx.a(nrfx_usbd.c.obj)
 .text.nrfx_usbd_ep_stall
                0x000000000002d6b8       0x10 modules/hal_nordic/nrfx/libmodules__hal_nordic__nrfx.a(nrfx_usbd.c.obj)
                0x000000000002d6b8                nrfx_usbd_ep_stall
 .text.nrfx_usbd_ep_stall_check
                0x000000000002d6c8       0x34 modules/hal_nordic/nrfx/libmodules__hal_nordic__nrfx.a(nrfx_usbd.c.obj)
                0x000000000002d6c8                nrfx_usbd_ep_stall_check
 .text.nrfx_usbd_ep_dtoggle_clear
                0x000000000002d6fc       0x18 modules/hal_nordic/nrfx/libmodules__hal_nordic__nrfx.a(nrfx_usbd.c.obj)
                0x000000000002d6fc                nrfx_usbd_ep_dtoggle_clear
 .text.nrfx_usbd_setup_get
                0x000000000002d714       0x4c modules/hal_nordic/nrfx/libmodules__hal_nordic__nrfx.a(nrfx_usbd.c.obj)
                0x000000000002d714                nrfx_usbd_setup_get
 .text.nrfx_usbd_setup_data_clear
                0x000000000002d760       0x10 modules/hal_nordic/nrfx/libmodules__hal_nordic__nrfx.a(nrfx_usbd.c.obj)
                0x000000000002d760                nrfx_usbd_setup_data_clear
 .text.ev_dma_epout0_handler
                0x000000000002d770       0x50 modules/hal_nordic/nrfx/libmodules__hal_nordic__nrfx.a(nrfx_usbd.c.obj)
 .text.nrfx_usbd_setup_clear
                0x000000000002d7c0       0x10 modules/hal_nordic/nrfx/libmodules__hal_nordic__nrfx.a(nrfx_usbd.c.obj)
                0x000000000002d7c0                nrfx_usbd_setup_clear
 .text.nrfx_usbd_setup_stall
                0x000000000002d7d0       0x10 modules/hal_nordic/nrfx/libmodules__hal_nordic__nrfx.a(nrfx_usbd.c.obj)
                0x000000000002d7d0                nrfx_usbd_setup_stall
 .text.nrfx_usbd_last_setup_dir_get
                0x000000000002d7e0        0xc modules/hal_nordic/nrfx/libmodules__hal_nordic__nrfx.a(nrfx_usbd.c.obj)
                0x000000000002d7e0                nrfx_usbd_last_setup_dir_get
 .text.nrfx_usbd_transfer_out_drop
                0x000000000002d7ec       0x54 modules/hal_nordic/nrfx/libmodules__hal_nordic__nrfx.a(nrfx_usbd.c.obj)
                0x000000000002d7ec                nrfx_usbd_transfer_out_drop
 .text.usbd_ep_abort
                0x000000000002d840       0xf4 modules/hal_nordic/nrfx/libmodules__hal_nordic__nrfx.a(nrfx_usbd.c.obj)
 .text.ev_setup_handler
                0x000000000002d934       0x68 modules/hal_nordic/nrfx/libmodules__hal_nordic__nrfx.a(nrfx_usbd.c.obj)
 .text.nrfx_usbd_irq_handler
                0x000000000002d99c       0x7c modules/hal_nordic/nrfx/libmodules__hal_nordic__nrfx.a(nrfx_usbd.c.obj)
                0x000000000002d99c                nrfx_usbd_irq_handler
 .text.nrfx_usbd_stop
                0x000000000002da18       0x80 modules/hal_nordic/nrfx/libmodules__hal_nordic__nrfx.a(nrfx_usbd.c.obj)
                0x000000000002da18                nrfx_usbd_stop
 .text.nrfx_usbd_disable
                0x000000000002da98       0x30 modules/hal_nordic/nrfx/libmodules__hal_nordic__nrfx.a(nrfx_usbd.c.obj)
                0x000000000002da98                nrfx_usbd_disable
 .text.nrfx_usbd_ep_disable
                0x000000000002dac8       0x58 modules/hal_nordic/nrfx/libmodules__hal_nordic__nrfx.a(nrfx_usbd.c.obj)
                0x000000000002dac8                nrfx_usbd_ep_disable
 .text.nrfx_usbd_ep_enable
                0x000000000002db20       0xa8 modules/hal_nordic/nrfx/libmodules__hal_nordic__nrfx.a(nrfx_usbd.c.obj)
                0x000000000002db20                nrfx_usbd_ep_enable
 .text.nrfx_usbd_ep_stall_clear
                0x000000000002dbc8       0x20 modules/hal_nordic/nrfx/libmodules__hal_nordic__nrfx.a(nrfx_usbd.c.obj)
                0x000000000002dbc8                nrfx_usbd_ep_stall_clear
 .text.k_sys_fatal_error_handler
                0x000000000002dbe8       0x30 zephyr/kernel/libkernel.a(fatal.c.obj)
                0x000000000002dbe8                k_sys_fatal_error_handler
 .text.z_fatal_error
                0x000000000002dc18       0xfc zephyr/kernel/libkernel.a(fatal.c.obj)
                0x000000000002dc18                z_fatal_error
 .text.z_sys_init_run_level
                0x000000000002dd14       0x48 zephyr/kernel/libkernel.a(init.c.obj)
 .text.bg_thread_main
                0x000000000002dd5c       0x34 zephyr/kernel/libkernel.a(init.c.obj)
 .text.z_bss_zero
                0x000000000002dd90       0x18 zephyr/kernel/libkernel.a(init.c.obj)
                0x000000000002dd90                z_bss_zero
 .text.z_init_cpu
                0x000000000002dda8       0x84 zephyr/kernel/libkernel.a(init.c.obj)
                0x000000000002dda8                z_init_cpu
 .text.z_cstart
                0x000000000002de2c       0xe4 zephyr/kernel/libkernel.a(init.c.obj)
                0x000000000002de2c                z_cstart
 .text.init_mem_slab_module
                0x000000000002df10       0x24 zephyr/kernel/libkernel.a(mem_slab.c.obj)
 .text.k_mem_slab_alloc
                0x000000000002df34       0x5c zephyr/kernel/libkernel.a(mem_slab.c.obj)
                0x000000000002df34                k_mem_slab_alloc
 .text.z_setup_new_thread
                0x000000000002df90       0x60 zephyr/kernel/libkernel.a(thread.c.obj)
                0x000000000002df90                z_setup_new_thread
 .text.z_impl_k_thread_create
                0x000000000002dff0       0x58 zephyr/kernel/libkernel.a(thread.c.obj)
                0x000000000002dff0                z_impl_k_thread_create
 .text.z_init_static_threads
                0x000000000002e048       0xb8 zephyr/kernel/libkernel.a(thread.c.obj)
                0x000000000002e048                z_init_static_threads
 .text.idle     0x000000000002e100       0x38 zephyr/kernel/libkernel.a(idle.c.obj)
                0x000000000002e100                idle
 .text.z_impl_k_mutex_lock
                0x000000000002e138       0xf4 zephyr/kernel/libkernel.a(mutex.c.obj)
                0x000000000002e138                z_impl_k_mutex_lock
 .text.z_impl_k_mutex_unlock
                0x000000000002e22c       0x78 zephyr/kernel/libkernel.a(mutex.c.obj)
                0x000000000002e22c                z_impl_k_mutex_unlock
 .text.z_impl_k_queue_get
                0x000000000002e2a4       0x68 zephyr/kernel/libkernel.a(queue.c.obj)
                0x000000000002e2a4                z_impl_k_queue_get
 .text.z_impl_k_sem_give
                0x000000000002e30c       0x48 zephyr/kernel/libkernel.a(sem.c.obj)
                0x000000000002e30c                z_impl_k_sem_give
 .text.z_impl_k_sem_take
                0x000000000002e354       0x50 zephyr/kernel/libkernel.a(sem.c.obj)
                0x000000000002e354                z_impl_k_sem_take
 .text.work_queue_main
                0x000000000002e3a4      0x138 zephyr/kernel/libkernel.a(work.c.obj)
 .text.submit_to_queue_locked
                0x000000000002e4dc       0xb4 zephyr/kernel/libkernel.a(work.c.obj)
 .text.k_work_queue_start
                0x000000000002e590       0x70 zephyr/kernel/libkernel.a(work.c.obj)
                0x000000000002e590                k_work_queue_start
 .text.k_work_schedule_for_queue
                0x000000000002e600       0x54 zephyr/kernel/libkernel.a(work.c.obj)
                0x000000000002e600                k_work_schedule_for_queue
 .text.sliceable
                0x000000000002e654       0x3c zephyr/kernel/libkernel.a(sched.c.obj)
 .text.slice_timeout
                0x000000000002e690       0x20 zephyr/kernel/libkernel.a(sched.c.obj)
 .text.z_reset_time_slice
                0x000000000002e6b0       0x50 zephyr/kernel/libkernel.a(sched.c.obj)
                0x000000000002e6b0                z_reset_time_slice
 .text.update_cache
                0x000000000002e700       0x3c zephyr/kernel/libkernel.a(sched.c.obj)
 .text.move_thread_to_end_of_prio_q
                0x000000000002e73c       0x74 zephyr/kernel/libkernel.a(sched.c.obj)
 .text.ready_thread
                0x000000000002e7b0       0x68 zephyr/kernel/libkernel.a(sched.c.obj)
 .text.unready_thread
                0x000000000002e818       0x30 zephyr/kernel/libkernel.a(sched.c.obj)
 .text.pend_locked
                0x000000000002e848       0x30 zephyr/kernel/libkernel.a(sched.c.obj)
 .text.z_time_slice
                0x000000000002e878       0x60 zephyr/kernel/libkernel.a(sched.c.obj)
                0x000000000002e878                z_time_slice
 .text.z_pend_curr
                0x000000000002e8d8       0x3c zephyr/kernel/libkernel.a(sched.c.obj)
                0x000000000002e8d8                z_pend_curr
 .text.z_set_prio
                0x000000000002e914       0x8c zephyr/kernel/libkernel.a(sched.c.obj)
                0x000000000002e914                z_set_prio
 .text.z_reschedule
                0x000000000002e9a0       0x24 zephyr/kernel/libkernel.a(sched.c.obj)
                0x000000000002e9a0                z_reschedule
 .text.z_sched_start
                0x000000000002e9c4       0x3c zephyr/kernel/libkernel.a(sched.c.obj)
                0x000000000002e9c4                z_sched_start
 .text.z_impl_k_thread_suspend
                0x000000000002ea00       0x64 zephyr/kernel/libkernel.a(sched.c.obj)
                0x000000000002ea00                z_impl_k_thread_suspend
 .text.k_sched_lock
                0x000000000002ea64       0x28 zephyr/kernel/libkernel.a(sched.c.obj)
                0x000000000002ea64                k_sched_lock
 .text.k_sched_unlock
                0x000000000002ea8c       0x38 zephyr/kernel/libkernel.a(sched.c.obj)
                0x000000000002ea8c                k_sched_unlock
 .text.z_sched_init
                0x000000000002eac4       0x10 zephyr/kernel/libkernel.a(sched.c.obj)
                0x000000000002eac4                z_sched_init
 .text.z_impl_k_yield
                0x000000000002ead4       0x7c zephyr/kernel/libkernel.a(sched.c.obj)
                0x000000000002ead4                z_impl_k_yield
 .text.z_tick_sleep
                0x000000000002eb50       0x88 zephyr/kernel/libkernel.a(sched.c.obj)
 .text.z_impl_k_sleep
                0x000000000002ebd8       0x34 zephyr/kernel/libkernel.a(sched.c.obj)
                0x000000000002ebd8                z_impl_k_sleep
 .text.z_impl_k_usleep
                0x000000000002ec0c       0x34 zephyr/kernel/libkernel.a(sched.c.obj)
                0x000000000002ec0c                z_impl_k_usleep
 .text.z_impl_z_current_get
                0x000000000002ec40        0xc zephyr/kernel/libkernel.a(sched.c.obj)
                0x000000000002ec40                z_impl_z_current_get
 .text.z_thread_abort
                0x000000000002ec4c       0xc0 zephyr/kernel/libkernel.a(sched.c.obj)
                0x000000000002ec4c                z_thread_abort
 .text.z_sched_wait
                0x000000000002ed0c       0x24 zephyr/kernel/libkernel.a(sched.c.obj)
                0x000000000002ed0c                z_sched_wait
 .text.z_data_copy
                0x000000000002ed30       0x34 zephyr/kernel/libkernel.a(xip.c.obj)
                0x000000000002ed30                z_data_copy
 .text.elapsed  0x000000000002ed64       0x14 zephyr/kernel/libkernel.a(timeout.c.obj)
 .text.next_timeout
                0x000000000002ed78       0x40 zephyr/kernel/libkernel.a(timeout.c.obj)
 .text.remove_timeout
                0x000000000002edb8       0x38 zephyr/kernel/libkernel.a(timeout.c.obj)
 .text.z_add_timeout
                0x000000000002edf0       0xec zephyr/kernel/libkernel.a(timeout.c.obj)
                0x000000000002edf0                z_add_timeout
 .text.sys_clock_announce
                0x000000000002eedc       0xd4 zephyr/kernel/libkernel.a(timeout.c.obj)
                0x000000000002eedc                sys_clock_announce
 .text.sys_clock_tick_get
                0x000000000002efb0       0x34 zephyr/kernel/libkernel.a(timeout.c.obj)
                0x000000000002efb0                sys_clock_tick_get
 .text.z_timer_expiration_handler
                0x000000000002efe4       0xe4 zephyr/kernel/libkernel.a(timer.c.obj)
                0x000000000002efe4                z_timer_expiration_handler
 .text.z_impl_k_timer_start
                0x000000000002f0c8       0x60 zephyr/kernel/libkernel.a(timer.c.obj)
                0x000000000002f0c8                z_impl_k_timer_start
 .text.k_thread_system_pool_assign
                0x000000000002f128        0xc zephyr/kernel/libkernel.a(mempool.c.obj)
                0x000000000002f128                k_thread_system_pool_assign
 .text.z_thread_aligned_alloc
                0x000000000002f134       0x30 zephyr/kernel/libkernel.a(mempool.c.obj)
                0x000000000002f134                z_thread_aligned_alloc
 .text.boot_banner
                0x000000000002f164        0xc zephyr/kernel/libkernel.a(banner.c.obj)
                0x000000000002f164                boot_banner
 .text.statics_init
                0x000000000002f170       0x24 zephyr/kernel/libkernel.a(kheap.c.obj)
 .text.k_sys_work_q_init
                0x000000000002f194       0x34 zephyr/kernel/libkernel.a(system_work_q.c.obj)
 .text._OffsetAbsSyms
                0x000000000002f1c8        0x2 zephyr/CMakeFiles/offsets.dir/./arch/arm/core/offsets/offsets.c.obj
                0x000000000002f1c8                _OffsetAbsSyms
 .text.gpio_pin_configure_dt.constprop.0
                0x000000000002f1ca       0x34 app/libapp.a(main.c.obj)
 .text.gpio_pin_toggle_dt.isra.0
                0x000000000002f1fe       0x10 app/libapp.a(main.c.obj)
 .text.cbpprintf_external
                0x000000000002f20e       0x62 zephyr/libzephyr.a(cbprintf_packaged.c.obj)
                0x000000000002f20e                cbpprintf_external
 .text.is_ptr   0x000000000002f270       0x4a zephyr/libzephyr.a(cbprintf_packaged.c.obj)
                0x000000000002f270                is_ptr
 .text.arch_printk_char_out
                0x000000000002f2ba        0x4 zephyr/libzephyr.a(printk.c.obj)
                0x000000000002f2ba                arch_printk_char_out
 .text.str_out  0x000000000002f2be       0x26 zephyr/libzephyr.a(printk.c.obj)
 .text.printk   0x000000000002f2e4       0x1a zephyr/libzephyr.a(printk.c.obj)
                0x000000000002f2e4                printk
 .text.snprintk
                0x000000000002f2fe       0x1a zephyr/libzephyr.a(printk.c.obj)
                0x000000000002f2fe                snprintk
 .text.z_thread_entry
                0x000000000002f318       0x14 zephyr/libzephyr.a(thread_entry.c.obj)
                0x000000000002f318                z_thread_entry
 .text.chunk_size
                0x000000000002f32c        0xa zephyr/libzephyr.a(heap.c.obj)
 .text.free_list_add
                0x000000000002f336       0x4e zephyr/libzephyr.a(heap.c.obj)
 .text.free_list_remove_bidx
                0x000000000002f384       0x3a zephyr/libzephyr.a(heap.c.obj)
 .text.free_list_remove
                0x000000000002f3be       0x1a zephyr/libzephyr.a(heap.c.obj)
 .text.alloc_chunk
                0x000000000002f3d8       0x6e zephyr/libzephyr.a(heap.c.obj)
 .text.merge_chunks
                0x000000000002f446       0x2c zephyr/libzephyr.a(heap.c.obj)
 .text.split_chunks
                0x000000000002f472       0x34 zephyr/libzephyr.a(heap.c.obj)
 .text.free_chunk
                0x000000000002f4a6       0x62 zephyr/libzephyr.a(heap.c.obj)
 .text.sys_heap_free
                0x000000000002f508       0x1e zephyr/libzephyr.a(heap.c.obj)
                0x000000000002f508                sys_heap_free
 .text.sys_heap_alloc
                0x000000000002f526       0x52 zephyr/libzephyr.a(heap.c.obj)
                0x000000000002f526                sys_heap_alloc
 .text.sys_heap_aligned_alloc
                0x000000000002f578       0xce zephyr/libzephyr.a(heap.c.obj)
                0x000000000002f578                sys_heap_aligned_alloc
 .text.sys_heap_init
                0x000000000002f646       0x70 zephyr/libzephyr.a(heap.c.obj)
                0x000000000002f646                sys_heap_init
 .text.sys_slist_find_and_remove
                0x000000000002f6b6       0x36 zephyr/libzephyr.a(onoff.c.obj)
 .text.process_recheck
                0x000000000002f6ec       0x38 zephyr/libzephyr.a(onoff.c.obj)
 .text.validate_args
                0x000000000002f724       0x20 zephyr/libzephyr.a(onoff.c.obj)
 .text.notify_one
                0x000000000002f744       0x2c zephyr/libzephyr.a(onoff.c.obj)
 .text.transition_complete
                0x000000000002f770       0x1c zephyr/libzephyr.a(onoff.c.obj)
 .text.onoff_manager_init
                0x000000000002f78c       0x26 zephyr/libzephyr.a(onoff.c.obj)
                0x000000000002f78c                onoff_manager_init
 .text.onoff_request
                0x000000000002f7b2       0xb0 zephyr/libzephyr.a(onoff.c.obj)
                0x000000000002f7b2                onoff_request
 .text.onoff_release
                0x000000000002f862       0x4a zephyr/libzephyr.a(onoff.c.obj)
                0x000000000002f862                onoff_release
 .text.onoff_cancel
                0x000000000002f8ac       0x38 zephyr/libzephyr.a(onoff.c.obj)
                0x000000000002f8ac                onoff_cancel
 .text.sys_notify_validate
                0x000000000002f8e4       0x22 zephyr/libzephyr.a(notify.c.obj)
                0x000000000002f8e4                sys_notify_validate
 .text.sys_notify_finalize
                0x000000000002f906       0x1a zephyr/libzephyr.a(notify.c.obj)
                0x000000000002f906                sys_notify_finalize
 .text.encode_uint
                0x000000000002f920       0x8c zephyr/libzephyr.a(cbprintf_complete.c.obj)
 .text.outs     0x000000000002f9ac       0x2e zephyr/libzephyr.a(cbprintf_complete.c.obj)
 .text.ring_buf_put_claim
                0x000000000002f9da       0x3e zephyr/libzephyr.a(ring_buffer.c.obj)
                0x000000000002f9da                ring_buf_put_claim
 .text.ring_buf_put_finish
                0x000000000002fa18       0x2a zephyr/libzephyr.a(ring_buffer.c.obj)
                0x000000000002fa18                ring_buf_put_finish
 .text.ring_buf_put
                0x000000000002fa42       0x3e zephyr/libzephyr.a(ring_buffer.c.obj)
                0x000000000002fa42                ring_buf_put
 .text.ring_buf_get_claim
                0x000000000002fa80       0x40 zephyr/libzephyr.a(ring_buffer.c.obj)
                0x000000000002fa80                ring_buf_get_claim
 .text.ring_buf_get_finish
                0x000000000002fac0       0x2a zephyr/libzephyr.a(ring_buffer.c.obj)
                0x000000000002fac0                ring_buf_get_finish
 .text.ring_buf_get
                0x000000000002faea       0x40 zephyr/libzephyr.a(ring_buffer.c.obj)
                0x000000000002faea                ring_buf_get
 .text.free_space
                0x000000000002fb2a       0x26 zephyr/libzephyr.a(mpsc_pbuf.c.obj)
 .text.get_usage
                0x000000000002fb50       0x22 zephyr/libzephyr.a(mpsc_pbuf.c.obj)
 .text.idx_inc  0x000000000002fb72       0x1c zephyr/libzephyr.a(mpsc_pbuf.c.obj)
 .text.rd_idx_inc
                0x000000000002fb8e       0x18 zephyr/libzephyr.a(mpsc_pbuf.c.obj)
 .text.add_skip_item
                0x000000000002fba6       0x3a zephyr/libzephyr.a(mpsc_pbuf.c.obj)
 .text.drop_item_locked
                0x000000000002fbe0       0xee zephyr/libzephyr.a(mpsc_pbuf.c.obj)
 .text.post_drop_action
                0x000000000002fcce       0x36 zephyr/libzephyr.a(mpsc_pbuf.c.obj)
 .text.max_utilization_update
                0x000000000002fd04       0x1a zephyr/libzephyr.a(mpsc_pbuf.c.obj)
 .text.mpsc_pbuf_init
                0x000000000002fd1e       0x42 zephyr/libzephyr.a(mpsc_pbuf.c.obj)
                0x000000000002fd1e                mpsc_pbuf_init
 .text.mpsc_pbuf_alloc
                0x000000000002fd60       0xfc zephyr/libzephyr.a(mpsc_pbuf.c.obj)
                0x000000000002fd60                mpsc_pbuf_alloc
 .text.mpsc_pbuf_commit
                0x000000000002fe5c       0x40 zephyr/libzephyr.a(mpsc_pbuf.c.obj)
                0x000000000002fe5c                mpsc_pbuf_commit
 .text.mpsc_pbuf_claim
                0x000000000002fe9c       0xa4 zephyr/libzephyr.a(mpsc_pbuf.c.obj)
                0x000000000002fe9c                mpsc_pbuf_claim
 .text.mpsc_pbuf_free
                0x000000000002ff40       0x78 zephyr/libzephyr.a(mpsc_pbuf.c.obj)
                0x000000000002ff40                mpsc_pbuf_free
 .text.mpsc_pbuf_is_pending
                0x000000000002ffb8       0x1a zephyr/libzephyr.a(mpsc_pbuf.c.obj)
                0x000000000002ffb8                mpsc_pbuf_is_pending
 .text._ConfigAbsSyms
                0x000000000002ffd2        0x2 zephyr/libzephyr.a(configs.c.obj)
                0x000000000002ffd2                _ConfigAbsSyms
 .text.log_msg_generic_get_wlen
                0x000000000002ffd4       0x20 zephyr/libzephyr.a(log_core.c.obj)
 .text.dummy_timestamp
                0x000000000002fff4        0x4 zephyr/libzephyr.a(log_core.c.obj)
 .text.default_get_timestamp
                0x000000000002fff8        0x4 zephyr/libzephyr.a(log_core.c.obj)
 .text.atomic_inc
                0x000000000002fffc       0x1a zephyr/libzephyr.a(log_core.c.obj)
 .text.z_log_vprintk
                0x0000000000030016       0x1c zephyr/libzephyr.a(log_core.c.obj)
                0x0000000000030016                z_log_vprintk
 .text.z_log_notify_drop
                0x0000000000030032        0x6 zephyr/libzephyr.a(log_core.c.obj)
 .text.z_log_get_tag
                0x0000000000030038        0x4 zephyr/libzephyr.a(log_core.c.obj)
                0x0000000000030038                z_log_get_tag
 .text.z_cbprintf_cpy
                0x000000000003003c       0x2c zephyr/libzephyr.a(log_msg.c.obj)
 .text.z_log_msg_finalize
                0x0000000000030068       0x32 zephyr/libzephyr.a(log_msg.c.obj)
                0x0000000000030068                z_log_msg_finalize
 .text.buffer_write
                0x000000000003009a       0x1a zephyr/libzephyr.a(log_output.c.obj)
 .text.cbvprintf
                0x00000000000300b4        0xe zephyr/libzephyr.a(log_output.c.obj)
 .text.log_output_flush
                0x00000000000300c2       0x1a zephyr/libzephyr.a(log_output.c.obj)
                0x00000000000300c2                log_output_flush
 .text.out_func
                0x00000000000300dc       0x36 zephyr/libzephyr.a(log_output.c.obj)
 .text.cr_out_func
                0x0000000000030112       0x1c zephyr/libzephyr.a(log_output.c.obj)
 .text.log_backend_uart_init
                0x000000000003012e        0x2 zephyr/libzephyr.a(log_backend_uart.c.obj)
 .text.get_ep_bm_from_addr
                0x0000000000030130       0x1c zephyr/libzephyr.a(usb_device.c.obj)
 .text.usb_write
                0x000000000003014c       0x30 zephyr/libzephyr.a(usb_device.c.obj)
                0x000000000003014c                usb_write
 .text.usb_get_dev_data_by_cfg
                0x000000000003017c       0x18 zephyr/libzephyr.a(usb_descriptor.c.obj)
                0x000000000003017c                usb_get_dev_data_by_cfg
 .text.usb_get_dev_data_by_iface
                0x0000000000030194       0x1c zephyr/libzephyr.a(usb_descriptor.c.obj)
                0x0000000000030194                usb_get_dev_data_by_iface
 .text.usb_get_dev_data_by_ep
                0x00000000000301b0       0x2c zephyr/libzephyr.a(usb_descriptor.c.obj)
                0x00000000000301b0                usb_get_dev_data_by_ep
 .text.usb_transfer_is_busy
                0x00000000000301dc       0x16 zephyr/libzephyr.a(usb_transfer.c.obj)
                0x00000000000301dc                usb_transfer_is_busy
 .text.cdc_interface_config
                0x00000000000301f2       0x14 zephyr/libzephyr.a(cdc_acm.c.obj)
 .text.cdc_acm_irq_callback_work_handler
                0x0000000000030206        0xa zephyr/libzephyr.a(cdc_acm.c.obj)
 .text.cdc_acm_irq_tx_disable
                0x0000000000030210        0xa zephyr/libzephyr.a(cdc_acm.c.obj)
 .text.cdc_acm_irq_tx_ready
                0x000000000003021a        0xe zephyr/libzephyr.a(cdc_acm.c.obj)
 .text.cdc_acm_irq_rx_disable
                0x0000000000030228        0xa zephyr/libzephyr.a(cdc_acm.c.obj)
 .text.cdc_acm_irq_rx_ready
                0x0000000000030232        0x8 zephyr/libzephyr.a(cdc_acm.c.obj)
 .text.cdc_acm_irq_is_pending
                0x000000000003023a       0x1e zephyr/libzephyr.a(cdc_acm.c.obj)
 .text.cdc_acm_irq_update
                0x0000000000030258        0x4 zephyr/libzephyr.a(cdc_acm.c.obj)
 .text.cdc_acm_irq_callback_set
                0x000000000003025c        0x8 zephyr/libzephyr.a(cdc_acm.c.obj)
 .text.cdc_acm_configure
                0x0000000000030264        0x4 zephyr/libzephyr.a(cdc_acm.c.obj)
 .text.cdc_acm_config_get
                0x0000000000030268       0x58 zephyr/libzephyr.a(cdc_acm.c.obj)
 .text.cdc_acm_fifo_read
                0x00000000000302c0       0x54 zephyr/libzephyr.a(cdc_acm.c.obj)
 .text.cdc_acm_poll_in
                0x0000000000030314       0x12 zephyr/libzephyr.a(cdc_acm.c.obj)
 .text.z_do_kernel_oops
                0x0000000000030326        0x8 zephyr/arch/arch/arm/core/aarch32/libarch__arm__core__aarch32.a(fatal.c.obj)
                0x0000000000030326                z_do_kernel_oops
 .text.z_irq_spurious
                0x000000000003032e        0x8 zephyr/arch/arch/arm/core/aarch32/libarch__arm__core__aarch32.a(irq_manage.c.obj)
                0x000000000003032e                z_irq_spurious
 .text.z_arm_nmi
                0x0000000000030336        0xe zephyr/arch/arch/arm/core/aarch32/libarch__arm__core__aarch32.a(nmi.c.obj)
                0x0000000000030336                z_arm_nmi
 .text.z_log_msg_static_create.constprop.0
                0x0000000000030344        0x6 zephyr/arch/arch/arm/core/aarch32/cortex_m/libarch__arm__core__aarch32__cortex_m.a(fault.c.obj)
 .text.strlen   0x000000000003034a        0xe zephyr/lib/libc/minimal/liblib__libc__minimal.a(string.c.obj)
                0x000000000003034a                strlen
 .text.memcpy   0x0000000000030358       0x16 zephyr/lib/libc/minimal/liblib__libc__minimal.a(string.c.obj)
                0x0000000000030358                memcpy
 .text.memset   0x000000000003036e       0x12 zephyr/lib/libc/minimal/liblib__libc__minimal.a(string.c.obj)
                0x000000000003036e                memset
 .text._stdout_hook_default
                0x0000000000030380        0x6 zephyr/lib/libc/minimal/liblib__libc__minimal.a(stdout_console.c.obj)
 .text.strnlen  0x0000000000030386       0x12 zephyr/lib/libc/common/liblib__libc__common.a(strnlen.c.obj)
                0x0000000000030386                strnlen
 .text.pm_state_set
                0x0000000000030398       0x18 zephyr/soc/arm/nordic_nrf/nrf52/libsoc__arm__nordic_nrf__nrf52.a(power.c.obj)
                0x0000000000030398                pm_state_set
 .text.pm_state_exit_post_ops
                0x00000000000303b0        0xc zephyr/soc/arm/nordic_nrf/nrf52/libsoc__arm__nordic_nrf__nrf52.a(power.c.obj)
                0x00000000000303b0                pm_state_exit_post_ops
 .text.ep_ctx_reset
                0x00000000000303bc       0x26 zephyr/drivers/usb/device/libdrivers__usb__device.a(usb_dc_nrfx.c.obj)
 .text.z_log_msg_static_create.constprop.0
                0x00000000000303e2        0x6 zephyr/drivers/usb/device/libdrivers__usb__device.a(usb_dc_nrfx.c.obj)
 .text.k_mutex_lock.constprop.0.isra.0
                0x00000000000303e8        0x4 zephyr/drivers/usb/device/libdrivers__usb__device.a(usb_dc_nrfx.c.obj)
 .text.k_mutex_unlock.isra.0
                0x00000000000303ec        0x4 zephyr/drivers/usb/device/libdrivers__usb__device.a(usb_dc_nrfx.c.obj)
 .text.usb_dc_ep_disable
                0x00000000000303f0       0x32 zephyr/drivers/usb/device/libdrivers__usb__device.a(usb_dc_nrfx.c.obj)
                0x00000000000303f0                usb_dc_ep_disable
 .text.usb_dc_ep_read
                0x0000000000030422       0x1e zephyr/drivers/usb/device/libdrivers__usb__device.a(usb_dc_nrfx.c.obj)
                0x0000000000030422                usb_dc_ep_read
 .text.adc_context_on_timer_expired
                0x0000000000030440       0x2e zephyr/drivers/adc/libdrivers__adc.a(adc_nrfx_saadc.c.obj)
 .text.get_status
                0x000000000003046e       0x12 zephyr/drivers/clock_control/libdrivers__clock_control.a(clock_control_nrf.c.obj)
 .text.set_on_state
                0x0000000000030480       0x26 zephyr/drivers/clock_control/libdrivers__clock_control.a(clock_control_nrf.c.obj)
 .text.stop     0x00000000000304a6       0x52 zephyr/drivers/clock_control/libdrivers__clock_control.a(clock_control_nrf.c.obj)
 .text.api_stop
                0x00000000000304f8        0x6 zephyr/drivers/clock_control/libdrivers__clock_control.a(clock_control_nrf.c.obj)
 .text.async_start
                0x00000000000304fe       0x5c zephyr/drivers/clock_control/libdrivers__clock_control.a(clock_control_nrf.c.obj)
 .text.api_start
                0x000000000003055a        0xe zephyr/drivers/clock_control/libdrivers__clock_control.a(clock_control_nrf.c.obj)
 .text.onoff_started_callback
                0x0000000000030568       0x12 zephyr/drivers/clock_control/libdrivers__clock_control.a(clock_control_nrf.c.obj)
 .text.lfclk_start
                0x000000000003057a        0x6 zephyr/drivers/clock_control/libdrivers__clock_control.a(clock_control_nrf.c.obj)
 .text.lfclk_stop
                0x0000000000030580        0x6 zephyr/drivers/clock_control/libdrivers__clock_control.a(clock_control_nrf.c.obj)
 .text.blocking_start_callback
                0x0000000000030586        0x6 zephyr/drivers/clock_control/libdrivers__clock_control.a(clock_control_nrf.c.obj)
 .text.gpio_nrfx_port_get_raw
                0x000000000003058c        0xe zephyr/drivers/gpio/libdrivers__gpio.a(gpio_nrfx.c.obj)
 .text.gpio_nrfx_port_set_masked_raw
                0x000000000003059a       0x18 zephyr/drivers/gpio/libdrivers__gpio.a(gpio_nrfx.c.obj)
 .text.gpio_nrfx_port_set_bits_raw
                0x00000000000305b2        0xc zephyr/drivers/gpio/libdrivers__gpio.a(gpio_nrfx.c.obj)
 .text.gpio_nrfx_port_clear_bits_raw
                0x00000000000305be        0xc zephyr/drivers/gpio/libdrivers__gpio.a(gpio_nrfx.c.obj)
 .text.gpio_nrfx_port_toggle_bits
                0x00000000000305ca       0x1a zephyr/drivers/gpio/libdrivers__gpio.a(gpio_nrfx.c.obj)
 .text.gpio_nrfx_manage_callback
                0x00000000000305e4       0x52 zephyr/drivers/gpio/libdrivers__gpio.a(gpio_nrfx.c.obj)
 .text.z_impl_hwinfo_get_device_id
                0x0000000000030636       0x28 zephyr/drivers/hwinfo/libdrivers__hwinfo.a(hwinfo_nrf.c.obj)
                0x0000000000030636                z_impl_hwinfo_get_device_id
 .text.sys_clock_idle_exit
                0x000000000003065e        0x2 zephyr/drivers/timer/libdrivers__timer.a(sys_clock_init.c.obj)
                0x000000000003065e                sys_clock_idle_exit
 .text.event_clear
                0x0000000000030660       0x18 zephyr/drivers/timer/libdrivers__timer.a(nrf_rtc_timer.c.obj)
 .text.sys_clock_cycle_get_32
                0x0000000000030678        0x8 zephyr/drivers/timer/libdrivers__timer.a(nrf_rtc_timer.c.obj)
                0x0000000000030678                sys_clock_cycle_get_32
 .text.nrfx_isr
                0x0000000000030680        0x2 modules/hal_nordic/nrfx/libmodules__hal_nordic__nrfx.a(nrfx_glue.c.obj)
                0x0000000000030680                nrfx_isr
 .text.nrfx_busy_wait
                0x0000000000030682        0x4 modules/hal_nordic/nrfx/libmodules__hal_nordic__nrfx.a(nrfx_glue.c.obj)
                0x0000000000030682                nrfx_busy_wait
 .text.nrfx_clock_start
                0x0000000000030686       0x78 modules/hal_nordic/nrfx/libmodules__hal_nordic__nrfx.a(nrfx_clock.c.obj)
                0x0000000000030686                nrfx_clock_start
 .text.nrfx_clock_stop
                0x00000000000306fe        0x4 modules/hal_nordic/nrfx/libmodules__hal_nordic__nrfx.a(nrfx_clock.c.obj)
                0x00000000000306fe                nrfx_clock_stop
 .text.nrf_gpio_reconfigure
                0x0000000000030702       0x92 modules/hal_nordic/nrfx/libmodules__hal_nordic__nrfx.a(nrfx_gpiote.c.obj)
 .text.nrf_gpio_cfg_sense_set
                0x0000000000030794       0x1e modules/hal_nordic/nrfx/libmodules__hal_nordic__nrfx.a(nrfx_gpiote.c.obj)
 .text.nrf_power_event_get_and_clear.constprop.0
                0x00000000000307b2       0x18 modules/hal_nordic/nrfx/libmodules__hal_nordic__nrfx.a(nrfx_power.c.obj)
 .text.nrfx_power_usbevt_enable
                0x00000000000307ca        0xe modules/hal_nordic/nrfx/libmodules__hal_nordic__nrfx.a(nrfx_power.c.obj)
                0x00000000000307ca                nrfx_power_usbevt_enable
 .text.nrfx_power_usbevt_disable
                0x00000000000307d8        0xe modules/hal_nordic/nrfx/libmodules__hal_nordic__nrfx.a(nrfx_power.c.obj)
                0x00000000000307d8                nrfx_power_usbevt_disable
 .text.nrfx_power_clock_irq_handler
                0x00000000000307e6        0xe modules/hal_nordic/nrfx/libmodules__hal_nordic__nrfx.a(nrfx_power.c.obj)
                0x00000000000307e6                nrfx_power_clock_irq_handler
 .text.nrfx_usbd_consumer
                0x00000000000307f4       0x32 modules/hal_nordic/nrfx/libmodules__hal_nordic__nrfx.a(nrfx_usbd.c.obj)
                0x00000000000307f4                nrfx_usbd_consumer
 .text.nrfx_usbd_feeder_ram
                0x0000000000030826       0x22 modules/hal_nordic/nrfx/libmodules__hal_nordic__nrfx.a(nrfx_usbd.c.obj)
                0x0000000000030826                nrfx_usbd_feeder_ram
 .text.nrfx_usbd_feeder_ram_zlp
                0x0000000000030848       0x28 modules/hal_nordic/nrfx/libmodules__hal_nordic__nrfx.a(nrfx_usbd.c.obj)
                0x0000000000030848                nrfx_usbd_feeder_ram_zlp
 .text.ep2bit   0x0000000000030870       0x10 modules/hal_nordic/nrfx/libmodules__hal_nordic__nrfx.a(nrfx_usbd.c.obj)
 .text.ev_started_handler
                0x0000000000030880        0x2 modules/hal_nordic/nrfx/libmodules__hal_nordic__nrfx.a(nrfx_usbd.c.obj)
 .text.nrf_usbd_epin_dma_handler
                0x0000000000030882       0x30 modules/hal_nordic/nrfx/libmodules__hal_nordic__nrfx.a(nrfx_usbd.c.obj)
 .text.ev_dma_epin7_handler
                0x00000000000308b2        0x6 modules/hal_nordic/nrfx/libmodules__hal_nordic__nrfx.a(nrfx_usbd.c.obj)
 .text.ev_dma_epin6_handler
                0x00000000000308b8        0x6 modules/hal_nordic/nrfx/libmodules__hal_nordic__nrfx.a(nrfx_usbd.c.obj)
 .text.ev_dma_epin5_handler
                0x00000000000308be        0x6 modules/hal_nordic/nrfx/libmodules__hal_nordic__nrfx.a(nrfx_usbd.c.obj)
 .text.ev_dma_epin4_handler
                0x00000000000308c4        0x6 modules/hal_nordic/nrfx/libmodules__hal_nordic__nrfx.a(nrfx_usbd.c.obj)
 .text.ev_dma_epin3_handler
                0x00000000000308ca        0x6 modules/hal_nordic/nrfx/libmodules__hal_nordic__nrfx.a(nrfx_usbd.c.obj)
 .text.ev_dma_epin2_handler
                0x00000000000308d0        0x6 modules/hal_nordic/nrfx/libmodules__hal_nordic__nrfx.a(nrfx_usbd.c.obj)
 .text.ev_dma_epin1_handler
                0x00000000000308d6        0x6 modules/hal_nordic/nrfx/libmodules__hal_nordic__nrfx.a(nrfx_usbd.c.obj)
 .text.ev_dma_epin0_handler
                0x00000000000308dc        0x4 modules/hal_nordic/nrfx/libmodules__hal_nordic__nrfx.a(nrfx_usbd.c.obj)
 .text.nrfx_usbd_ep_max_packet_size_set
                0x00000000000308e0        0xa modules/hal_nordic/nrfx/libmodules__hal_nordic__nrfx.a(nrfx_usbd.c.obj)
                0x00000000000308e0                nrfx_usbd_ep_max_packet_size_set
 .text.nrfx_usbd_ep_status_get
                0x00000000000308ea       0x2e modules/hal_nordic/nrfx/libmodules__hal_nordic__nrfx.a(nrfx_usbd.c.obj)
                0x00000000000308ea                nrfx_usbd_ep_status_get
 .text.ev_dma_epout7_handler
                0x0000000000030918        0x6 modules/hal_nordic/nrfx/libmodules__hal_nordic__nrfx.a(nrfx_usbd.c.obj)
 .text.ev_dma_epout6_handler
                0x000000000003091e        0x6 modules/hal_nordic/nrfx/libmodules__hal_nordic__nrfx.a(nrfx_usbd.c.obj)
 .text.ev_dma_epout5_handler
                0x0000000000030924        0x6 modules/hal_nordic/nrfx/libmodules__hal_nordic__nrfx.a(nrfx_usbd.c.obj)
 .text.ev_dma_epout4_handler
                0x000000000003092a        0x6 modules/hal_nordic/nrfx/libmodules__hal_nordic__nrfx.a(nrfx_usbd.c.obj)
 .text.ev_dma_epout3_handler
                0x0000000000030930        0x6 modules/hal_nordic/nrfx/libmodules__hal_nordic__nrfx.a(nrfx_usbd.c.obj)
 .text.ev_dma_epout2_handler
                0x0000000000030936        0x6 modules/hal_nordic/nrfx/libmodules__hal_nordic__nrfx.a(nrfx_usbd.c.obj)
 .text.ev_dma_epout1_handler
                0x000000000003093c        0x6 modules/hal_nordic/nrfx/libmodules__hal_nordic__nrfx.a(nrfx_usbd.c.obj)
 .text.nrfx_usbd_ep_abort
                0x0000000000030942        0x4 modules/hal_nordic/nrfx/libmodules__hal_nordic__nrfx.a(nrfx_usbd.c.obj)
                0x0000000000030942                nrfx_usbd_ep_abort
 .text.z_device_state_init
                0x0000000000030946        0x2 zephyr/kernel/libkernel.a(device.c.obj)
                0x0000000000030946                z_device_state_init
 .text.z_device_is_ready
                0x0000000000030948       0x16 zephyr/kernel/libkernel.a(device.c.obj)
                0x0000000000030948                z_device_is_ready
 .text.arch_system_halt
                0x000000000003095e       0x12 zephyr/kernel/libkernel.a(fatal.c.obj)
                0x000000000003095e                arch_system_halt
 .text.z_early_memset
                0x0000000000030970        0x4 zephyr/kernel/libkernel.a(init.c.obj)
                0x0000000000030970                z_early_memset
 .text.z_early_memcpy
                0x0000000000030974        0x4 zephyr/kernel/libkernel.a(init.c.obj)
                0x0000000000030974                z_early_memcpy
 .text.create_free_list
                0x0000000000030978       0x2c zephyr/kernel/libkernel.a(mem_slab.c.obj)
 .text.k_mem_slab_free
                0x00000000000309a4       0x52 zephyr/kernel/libkernel.a(mem_slab.c.obj)
                0x00000000000309a4                k_mem_slab_free
 .text.k_is_in_isr
                0x00000000000309f6        0xc zephyr/kernel/libkernel.a(thread.c.obj)
                0x00000000000309f6                k_is_in_isr
 .text.z_impl_k_thread_name_set
                0x0000000000030a02        0x6 zephyr/kernel/libkernel.a(thread.c.obj)
                0x0000000000030a02                z_impl_k_thread_name_set
 .text.k_thread_name_get
                0x0000000000030a08        0x4 zephyr/kernel/libkernel.a(thread.c.obj)
                0x0000000000030a08                k_thread_name_get
 .text.z_impl_k_thread_start
                0x0000000000030a0c        0x4 zephyr/kernel/libkernel.a(thread.c.obj)
                0x0000000000030a0c                z_impl_k_thread_start
 .text.z_pm_save_idle_exit
                0x0000000000030a10        0xe zephyr/kernel/libkernel.a(idle.c.obj)
                0x0000000000030a10                z_pm_save_idle_exit
 .text.adjust_owner_prio.isra.0
                0x0000000000030a1e       0x10 zephyr/kernel/libkernel.a(mutex.c.obj)
 .text.z_impl_k_mutex_init
                0x0000000000030a2e        0xe zephyr/kernel/libkernel.a(mutex.c.obj)
                0x0000000000030a2e                z_impl_k_mutex_init
 .text.queue_insert
                0x0000000000030a3c       0xc4 zephyr/kernel/libkernel.a(queue.c.obj)
 .text.z_queue_node_peek
                0x0000000000030b00       0x18 zephyr/kernel/libkernel.a(queue.c.obj)
                0x0000000000030b00                z_queue_node_peek
 .text.k_queue_append
                0x0000000000030b18       0x16 zephyr/kernel/libkernel.a(queue.c.obj)
                0x0000000000030b18                k_queue_append
 .text.z_impl_k_sem_init
                0x0000000000030b2e       0x18 zephyr/kernel/libkernel.a(sem.c.obj)
                0x0000000000030b2e                z_impl_k_sem_init
 .text.flag_test_and_clear
                0x0000000000030b46       0x16 zephyr/kernel/libkernel.a(work.c.obj)
 .text.notify_queue_locked.isra.0
                0x0000000000030b5c        0xe zephyr/kernel/libkernel.a(work.c.obj)
 .text.work_timeout
                0x0000000000030b6a       0x3e zephyr/kernel/libkernel.a(work.c.obj)
 .text.k_work_init
                0x0000000000030ba8       0x12 zephyr/kernel/libkernel.a(work.c.obj)
                0x0000000000030ba8                k_work_init
 .text.z_work_submit_to_queue
                0x0000000000030bba       0x28 zephyr/kernel/libkernel.a(work.c.obj)
                0x0000000000030bba                z_work_submit_to_queue
 .text.k_work_submit_to_queue
                0x0000000000030be2       0x22 zephyr/kernel/libkernel.a(work.c.obj)
                0x0000000000030be2                k_work_submit_to_queue
 .text.k_work_init_delayable
                0x0000000000030c04       0x18 zephyr/kernel/libkernel.a(work.c.obj)
                0x0000000000030c04                k_work_init_delayable
 .text.sys_dlist_remove
                0x0000000000030c1c       0x10 zephyr/kernel/libkernel.a(sched.c.obj)
 .text.unpend_thread_no_timeout
                0x0000000000030c2c       0x14 zephyr/kernel/libkernel.a(sched.c.obj)
 .text.add_to_waitq_locked
                0x0000000000030c40       0x50 zephyr/kernel/libkernel.a(sched.c.obj)
 .text.z_ready_thread
                0x0000000000030c90       0x20 zephyr/kernel/libkernel.a(sched.c.obj)
                0x0000000000030c90                z_ready_thread
 .text.z_unpend_thread_no_timeout
                0x0000000000030cb0       0x24 zephyr/kernel/libkernel.a(sched.c.obj)
                0x0000000000030cb0                z_unpend_thread_no_timeout
 .text.z_sched_wake_thread
                0x0000000000030cd4       0x44 zephyr/kernel/libkernel.a(sched.c.obj)
                0x0000000000030cd4                z_sched_wake_thread
 .text.z_thread_timeout
                0x0000000000030d18        0x8 zephyr/kernel/libkernel.a(sched.c.obj)
                0x0000000000030d18                z_thread_timeout
 .text.z_unpend1_no_timeout
                0x0000000000030d20       0x2e zephyr/kernel/libkernel.a(sched.c.obj)
                0x0000000000030d20                z_unpend1_no_timeout
 .text.z_unpend_first_thread
                0x0000000000030d4e       0x38 zephyr/kernel/libkernel.a(sched.c.obj)
                0x0000000000030d4e                z_unpend_first_thread
 .text.z_unpend_thread
                0x0000000000030d86       0x30 zephyr/kernel/libkernel.a(sched.c.obj)
                0x0000000000030d86                z_unpend_thread
 .text.z_reschedule_irqlock
                0x0000000000030db6       0x18 zephyr/kernel/libkernel.a(sched.c.obj)
                0x0000000000030db6                z_reschedule_irqlock
 .text.z_reschedule_unlocked
                0x0000000000030dce       0x14 zephyr/kernel/libkernel.a(sched.c.obj)
 .text.z_unpend_all
                0x0000000000030de2       0x20 zephyr/kernel/libkernel.a(sched.c.obj)
                0x0000000000030de2                z_unpend_all
 .text.z_sched_wake
                0x0000000000030e02       0x46 zephyr/kernel/libkernel.a(sched.c.obj)
                0x0000000000030e02                z_sched_wake
 .text.z_abort_timeout
                0x0000000000030e48       0x2c zephyr/kernel/libkernel.a(timeout.c.obj)
                0x0000000000030e48                z_abort_timeout
 .text.z_get_next_timeout_expiry
                0x0000000000030e74       0x20 zephyr/kernel/libkernel.a(timeout.c.obj)
                0x0000000000030e74                z_get_next_timeout_expiry
 .text.sys_clock_tick_get_32
                0x0000000000030e94        0x8 zephyr/kernel/libkernel.a(timeout.c.obj)
                0x0000000000030e94                sys_clock_tick_get_32
 .text.z_impl_k_uptime_ticks
                0x0000000000030e9c        0x4 zephyr/kernel/libkernel.a(timeout.c.obj)
                0x0000000000030e9c                z_impl_k_uptime_ticks
 .text.z_impl_k_busy_wait
                0x0000000000030ea0        0x8 zephyr/kernel/libkernel.a(timeout.c.obj)
                0x0000000000030ea0                z_impl_k_busy_wait
 .text.sys_clock_timeout_end_calc
                0x0000000000030ea8       0x44 zephyr/kernel/libkernel.a(timeout.c.obj)
                0x0000000000030ea8                sys_clock_timeout_end_calc
 .text.k_timer_init
                0x0000000000030eec       0x18 zephyr/kernel/libkernel.a(timer.c.obj)
                0x0000000000030eec                k_timer_init
 .text.z_impl_k_timer_stop
                0x0000000000030f04       0x3a zephyr/kernel/libkernel.a(timer.c.obj)
                0x0000000000030f04                z_impl_k_timer_stop
 .text.z_heap_aligned_alloc
                0x0000000000030f3e       0x26 zephyr/kernel/libkernel.a(mempool.c.obj)
 .text.k_free   0x0000000000030f64        0xe zephyr/kernel/libkernel.a(mempool.c.obj)
                0x0000000000030f64                k_free
 .text.k_heap_init
                0x0000000000030f72       0x10 zephyr/kernel/libkernel.a(kheap.c.obj)
                0x0000000000030f72                k_heap_init
 .text.k_heap_aligned_alloc
                0x0000000000030f82       0x9a zephyr/kernel/libkernel.a(kheap.c.obj)
                0x0000000000030f82                k_heap_aligned_alloc
 .text.k_heap_free
                0x000000000003101c       0x3a zephyr/kernel/libkernel.a(kheap.c.obj)
                0x000000000003101c                k_heap_free
 *(SORT_BY_ALIGNMENT(.TEXT.*))
 *(SORT_BY_ALIGNMENT(.gnu.linkonce.t.*))
 *(SORT_BY_ALIGNMENT(.glue_7t))
 .glue_7t       0x0000000000031056        0x0 linker stubs
 *(SORT_BY_ALIGNMENT(.glue_7))
 .glue_7        0x0000000000031056        0x0 linker stubs
 *(SORT_BY_ALIGNMENT(.vfp11_veneer))
 .vfp11_veneer  0x0000000000031056        0x0 linker stubs
 *(SORT_BY_ALIGNMENT(.v4_bx))
 .v4_bx         0x0000000000031056        0x0 linker stubs
                0x0000000000031058                . = ALIGN (0x4)
 *fill*         0x0000000000031056        0x2 
                0x0000000000031058                __text_region_end = .

.ARM.exidx      0x0000000000031058        0x8
                0x0000000000031058                __exidx_start = .
 *(SORT_BY_ALIGNMENT(.ARM.exidx*) SORT_BY_ALIGNMENT(gnu.linkonce.armexidx.*))
 .ARM.exidx     0x0000000000031058        0x8 /home/aju/zephyr-sdk-0.16.1/arm-zephyr-eabi/bin/../lib/gcc/arm-zephyr-eabi/12.2.0/thumb/v7e-m/nofp/libgcc.a(_udivmoddi4.o)
                0x0000000000031060                __exidx_end = .
                0x0000000000031060                __rodata_region_start = .

initlevel       0x0000000000031060       0x78
                0x0000000000031060                __init_start = .
                0x0000000000031060                __init_EARLY_start = .
 *(SORT_BY_NAME(SORT_BY_ALIGNMENT(.z_init_EARLY?_*)))
 *(SORT_BY_NAME(SORT_BY_ALIGNMENT(.z_init_EARLY??_*)))
                0x0000000000031060                __init_PRE_KERNEL_1_start = .
 *(SORT_BY_NAME(SORT_BY_ALIGNMENT(.z_init_PRE_KERNEL_1?_*)))
 .z_init_PRE_KERNEL_10_
                0x0000000000031060        0x8 zephyr/soc/arm/nordic_nrf/nrf52/libsoc__arm__nordic_nrf__nrf52.a(soc.c.obj)
 *(SORT_BY_NAME(SORT_BY_ALIGNMENT(.z_init_PRE_KERNEL_1??_*)))
 .z_init_PRE_KERNEL_130_
                0x0000000000031068        0x8 zephyr/drivers/clock_control/libdrivers__clock_control.a(clock_control_nrf.c.obj)
 .z_init_PRE_KERNEL_130_
                0x0000000000031070        0x8 zephyr/kernel/libkernel.a(mem_slab.c.obj)
 .z_init_PRE_KERNEL_130_
                0x0000000000031078        0x8 zephyr/kernel/libkernel.a(kheap.c.obj)
 .z_init_PRE_KERNEL_140_
                0x0000000000031080       0x10 zephyr/drivers/gpio/libdrivers__gpio.a(gpio_nrfx.c.obj)
 .z_init_PRE_KERNEL_155_
                0x0000000000031090        0x8 zephyr/libzephyr.a(cdc_acm.c.obj)
 .z_init_PRE_KERNEL_160_
                0x0000000000031098        0x8 zephyr/drivers/console/libdrivers__console.a(uart_console.c.obj)
                0x00000000000310a0                __init_PRE_KERNEL_2_start = .
 *(SORT_BY_NAME(SORT_BY_ALIGNMENT(.z_init_PRE_KERNEL_2?_*)))
 .z_init_PRE_KERNEL_20_
                0x00000000000310a0        0x8 zephyr/drivers/timer/libdrivers__timer.a(nrf_rtc_timer.c.obj)
 *(SORT_BY_NAME(SORT_BY_ALIGNMENT(.z_init_PRE_KERNEL_2??_*)))
                0x00000000000310a8                __init_POST_KERNEL_start = .
 *(SORT_BY_NAME(SORT_BY_ALIGNMENT(.z_init_POST_KERNEL?_*)))
 .z_init_POST_KERNEL0_
                0x00000000000310a8        0x8 zephyr/libzephyr.a(log_core.c.obj)
 *(SORT_BY_NAME(SORT_BY_ALIGNMENT(.z_init_POST_KERNEL??_*)))
 .z_init_POST_KERNEL40_
                0x00000000000310b0        0x8 zephyr/libzephyr.a(usb_work_q.c.obj)
 .z_init_POST_KERNEL40_
                0x00000000000310b8        0x8 zephyr/kernel/libkernel.a(system_work_q.c.obj)
 .z_init_POST_KERNEL50_
                0x00000000000310c0        0x8 zephyr/drivers/usb/device/libdrivers__usb__device.a(usb_dc_nrfx.c.obj)
 .z_init_POST_KERNEL50_
                0x00000000000310c8        0x8 zephyr/drivers/adc/libdrivers__adc.a(adc_nrfx_saadc.c.obj)
 .z_init_POST_KERNEL90_
                0x00000000000310d0        0x8 zephyr/libzephyr.a(usb_device.c.obj)
                0x00000000000310d8                __init_APPLICATION_start = .
 *(SORT_BY_NAME(SORT_BY_ALIGNMENT(.z_init_APPLICATION?_*)))
 *(SORT_BY_NAME(SORT_BY_ALIGNMENT(.z_init_APPLICATION??_*)))
                0x00000000000310d8                __init_SMP_start = .
 *(SORT_BY_NAME(SORT_BY_ALIGNMENT(.z_init_SMP?_*)))
 *(SORT_BY_NAME(SORT_BY_ALIGNMENT(.z_init_SMP??_*)))
                0x00000000000310d8                __init_end = .

device_area     0x00000000000310d8       0x64
                0x00000000000310d8                _device_list_start = .
 *(SORT_BY_NAME(SORT_BY_ALIGNMENT(._device.static.*_?_*)))
 *(SORT_BY_NAME(SORT_BY_ALIGNMENT(._device.static.*_??_*)))
 ._device.static.1_30_