Archive member included to satisfy reference by file (symbol)

app/libapp.a(main.c.obj)      (--whole-archive)
zephyr/libzephyr.a(cbprintf_packaged.c.obj)
                              (--whole-archive)
zephyr/libzephyr.a(dec.c.obj)
                              (--whole-archive)
zephyr/libzephyr.a(fdtable.c.obj)
                              (--whole-archive)
zephyr/libzephyr.a(hex.c.obj)
                              (--whole-archive)
zephyr/libzephyr.a(printk.c.obj)
                              (--whole-archive)
zephyr/libzephyr.a(rb.c.obj)  (--whole-archive)
zephyr/libzephyr.a(sem.c.obj)
                              (--whole-archive)
zephyr/libzephyr.a(thread_entry.c.obj)
                              (--whole-archive)
zephyr/libzephyr.a(timeutil.c.obj)
                              (--whole-archive)
zephyr/libzephyr.a(heap.c.obj)
                              (--whole-archive)
zephyr/libzephyr.a(heap-validate.c.obj)
                              (--whole-archive)
zephyr/libzephyr.a(bitarray.c.obj)
                              (--whole-archive)
zephyr/libzephyr.a(multi_heap.c.obj)
                              (--whole-archive)
zephyr/libzephyr.a(onoff.c.obj)
                              (--whole-archive)
zephyr/libzephyr.a(notify.c.obj)
                              (--whole-archive)
zephyr/libzephyr.a(crc32c_sw.c.obj)
                              (--whole-archive)
zephyr/libzephyr.a(crc32_sw.c.obj)
                              (--whole-archive)
zephyr/libzephyr.a(crc16_sw.c.obj)
                              (--whole-archive)
zephyr/libzephyr.a(crc8_sw.c.obj)
                              (--whole-archive)
zephyr/libzephyr.a(crc7_sw.c.obj)
                              (--whole-archive)
zephyr/libzephyr.a(cbprintf_complete.c.obj)
                              (--whole-archive)
zephyr/libzephyr.a(cbprintf.c.obj)
                              (--whole-archive)
zephyr/libzephyr.a(ring_buffer.c.obj)
                              (--whole-archive)
zephyr/libzephyr.a(assert.c.obj)
                              (--whole-archive)
zephyr/libzephyr.a(configs.c.obj)
                              (--whole-archive)
zephyr/libzephyr.a(soc_nrf_common.S.obj)
                              (--whole-archive)
zephyr/libzephyr.a(validate_base_addresses.c.obj)
                              (--whole-archive)
zephyr/libzephyr.a(validate_enabled_instances.c.obj)
                              (--whole-archive)
zephyr/libzephyr.a(pm.c.obj)  (--whole-archive)
zephyr/libzephyr.a(policy.c.obj)
                              (--whole-archive)
zephyr/libzephyr.a(state.c.obj)
                              (--whole-archive)
zephyr/libzephyr.a(tracing_none.c.obj)
                              (--whole-archive)
zephyr/libzephyr.a(usb_device.c.obj)
                              (--whole-archive)
zephyr/libzephyr.a(usb_descriptor.c.obj)
                              (--whole-archive)
zephyr/libzephyr.a(usb_transfer.c.obj)
                              (--whole-archive)
zephyr/libzephyr.a(cdc_acm.c.obj)
                              (--whole-archive)
zephyr/libzephyr.a(usb_work_q.c.obj)
                              (--whole-archive)
zephyr/arch/common/libarch__common.a(sw_isr_common.c.obj)
                              (--whole-archive)
zephyr/arch/arch/arm/core/aarch32/libarch__arm__core__aarch32.a(cpu_idle.S.obj)
                              (--whole-archive)
zephyr/arch/arch/arm/core/aarch32/libarch__arm__core__aarch32.a(fatal.c.obj)
                              (--whole-archive)
zephyr/arch/arch/arm/core/aarch32/libarch__arm__core__aarch32.a(irq_manage.c.obj)
                              (--whole-archive)
zephyr/arch/arch/arm/core/aarch32/libarch__arm__core__aarch32.a(nmi.c.obj)
                              (--whole-archive)
zephyr/arch/arch/arm/core/aarch32/libarch__arm__core__aarch32.a(nmi_on_reset.S.obj)
                              (--whole-archive)
zephyr/arch/arch/arm/core/aarch32/libarch__arm__core__aarch32.a(prep_c.c.obj)
                              (--whole-archive)
zephyr/arch/arch/arm/core/aarch32/libarch__arm__core__aarch32.a(swap.c.obj)
                              (--whole-archive)
zephyr/arch/arch/arm/core/aarch32/libarch__arm__core__aarch32.a(swap_helper.S.obj)
                              (--whole-archive)
zephyr/arch/arch/arm/core/aarch32/libarch__arm__core__aarch32.a(thread.c.obj)
                              (--whole-archive)
zephyr/arch/arch/arm/core/aarch32/libarch__arm__core__aarch32.a(isr_wrapper.S.obj)
                              (--whole-archive)
zephyr/arch/arch/arm/core/aarch32/cortex_m/libarch__arm__core__aarch32__cortex_m.a(exc_exit.S.obj)
                              (--whole-archive)
zephyr/arch/arch/arm/core/aarch32/cortex_m/libarch__arm__core__aarch32__cortex_m.a(fault.c.obj)
                              (--whole-archive)
zephyr/arch/arch/arm/core/aarch32/cortex_m/libarch__arm__core__aarch32__cortex_m.a(fault_s.S.obj)
                              (--whole-archive)
[...]
Memory Configuration

Name             Origin             Length             Attributes
FLASH            0x0000000000026000 0x00000000000c7000 xr
RAM              0x0000000020000000 0x0000000000040000 xw
IDT_LIST         0x00000000fffff7ff 0x0000000000000800 xw
*default*        0x0000000000000000 0xffffffffffffffff

Linker script and memory map

LOAD zephyr/CMakeFiles/zephyr_pre0.dir/misc/empty_file.c.obj
LOAD zephyr/CMakeFiles/offsets.dir/./arch/arm/core/offsets/offsets.c.obj
                0x0000000000000020                _region_min_align = 0x20

.rel.plt        0x0000000000026000        0x0
 *(SORT_BY_ALIGNMENT(.rel.plt))
                [!provide]                        PROVIDE (__rel_iplt_start = .)
 *(SORT_BY_ALIGNMENT(.rel.iplt))
 .rel.iplt      0x0000000000026000        0x0 app/libapp.a(main.c.obj)
                [!provide]                        PROVIDE (__rel_iplt_end = .)

.rela.plt       0x0000000000000000        0x0
 *(SORT_BY_ALIGNMENT(.rela.plt))
                [!provide]                        PROVIDE (__rela_iplt_start = .)
 *(SORT_BY_ALIGNMENT(.rela.iplt))
                [!provide]                        PROVIDE (__rela_iplt_end = .)

.rel.dyn
 *(SORT_BY_ALIGNMENT(.rel.*))

.rela.dyn
 *(SORT_BY_ALIGNMENT(.rela.*))

/DISCARD/
 *(SORT_BY_ALIGNMENT(.plt))

/DISCARD/
 *(SORT_BY_ALIGNMENT(.iplt))
                0x0000000000026000                __rom_region_start = 0x26000

rom_start       0x0000000000026000      0x100
                0x0000000000000000                . = 0x0
                0x0000000000000000                . = ALIGN (0x4)
                0x0000000000000000                . = ALIGN (0x80)
                0x0000000000000000                . = ALIGN (0x100)
                0x0000000000026000                _vector_start = .
 *(SORT_BY_ALIGNMENT(.exc_vector_table))
 *(SORT_BY_ALIGNMENT(.exc_vector_table.*))
 .exc_vector_table._vector_table_section
                0x0000000000026000       0x40 zephyr/arch/arch/arm/core/aarch32/cortex_m/libarch__arm__core__aarch32__cortex_m.a(vector_table.S.obj)
                0x0000000000026000                _vector_table
 *(SORT_BY_ALIGNMENT(.vectors))
                0x0000000000026100                _vector_end = .
                0x0000000000026040                . = ALIGN (0x4)
 *(SORT_BY_ALIGNMENT(.gnu.linkonce.irq_vector_table*))
 .gnu.linkonce.irq_vector_table
                0x0000000000026040       0xc0 zephyr/arch/common/libisr_tables.a(isr_tables.c.obj)
                0x0000000000026040                _irq_vector_table
                0x0000000000026100                _vector_end = .

text            0x0000000000026100     0x92b4
                0x0000000000026100                __text_region_start = .
 *(SORT_BY_ALIGNMENT(.text))
 .text          0x0000000000026100       0x30 /home/aju/zephyr-sdk-0.16.1/arm-zephyr-eabi/bin/../lib/gcc/arm-zephyr-eabi/12.2.0/thumb/v7e-m/nofp/libgcc.a(_aeabi_uldivmod.o)
                0x0000000000026100                __aeabi_uldivmod
 .text          0x0000000000026130        0x4 /home/aju/zephyr-sdk-0.16.1/arm-zephyr-eabi/bin/../lib/gcc/arm-zephyr-eabi/12.2.0/thumb/v7e-m/nofp/libgcc.a(_dvmd_tls.o)
                0x0000000000026130                __aeabi_ldiv0
                0x0000000000026130                __aeabi_idiv0
 .text          0x0000000000026134      0x2a0 /home/aju/zephyr-sdk-0.16.1/arm-zephyr-eabi/bin/../lib/gcc/arm-zephyr-eabi/12.2.0/thumb/v7e-m/nofp/libgcc.a(_udivmoddi4.o)
                0x0000000000026134                __udivmoddi4
 *(SORT_BY_ALIGNMENT(.text.*))
 .text.adc_read.constprop.0.isra.0
                0x00000000000263d4       0x10 app/libapp.a(main.c.obj)
 .text.adc_raw_to_millivolts_dt.constprop.0.isra.0
                0x00000000000263e4       0x28 app/libapp.a(main.c.obj)
 .text.send_str
                0x000000000002640c       0x34 app/libapp.a(main.c.obj)
                0x000000000002640c                send_str
 .text.main     0x0000000000026440      0x1d8 app/libapp.a(main.c.obj)
                0x0000000000026440                main
 .text.char_out
                0x0000000000026618        0xc zephyr/libzephyr.a(printk.c.obj)
 .text.__printk_hook_install
                0x0000000000026624        0xc zephyr/libzephyr.a(printk.c.obj)
                0x0000000000026624                __printk_hook_install
 .text.vprintk  0x0000000000026630       0x1c zephyr/libzephyr.a(printk.c.obj)
                0x0000000000026630                vprintk
 .text.process_event
                0x000000000002664c      0x21c zephyr/libzephyr.a(onoff.c.obj)
 .text.z_cbvprintf_impl
                0x0000000000026868      0x764 zephyr/libzephyr.a(cbprintf_complete.c.obj)
                0x0000000000026868                z_cbvprintf_impl
 .text.z_arm_platform_init
                0x0000000000026fcc        0x4 zephyr/libzephyr.a(soc_nrf_common.S.obj)
                0x0000000000026fcc                z_arm_platform_init
 .text.pm_state_notify
                0x0000000000026fd0       0x5c zephyr/libzephyr.a(pm.c.obj)
 .text.pm_system_resume
                0x000000000002702c       0x78 zephyr/libzephyr.a(pm.c.obj)
                0x000000000002702c                pm_system_resume
 .text.pm_system_suspend
                0x00000000000270a4       0xf8 zephyr/libzephyr.a(pm.c.obj)
                0x00000000000270a4                pm_system_suspend
 .text.pm_policy_next_state
                0x000000000002719c       0xf8 zephyr/libzephyr.a(policy.c.obj)
                0x000000000002719c                pm_policy_next_state
 .text.pm_state_cpu_get_all
                0x0000000000027294       0x10 zephyr/libzephyr.a(state.c.obj)
                0x0000000000027294                pm_state_cpu_get_all
 .text.class_handler
                0x00000000000272a4       0x40 zephyr/libzephyr.a(usb_device.c.obj)
 .text.custom_handler
                0x00000000000272e4       0x60 zephyr/libzephyr.a(usb_device.c.obj)
 .text.vendor_handler
                0x0000000000027344       0x3c zephyr/libzephyr.a(usb_device.c.obj)
 .text.disable_endpoint
                0x0000000000027380       0x2c zephyr/libzephyr.a(usb_device.c.obj)
 .text.usb_reset_alt_setting
                0x00000000000273ac       0x10 zephyr/libzephyr.a(usb_device.c.obj)
 .text.is_ep_valid.part.0
                0x00000000000273bc       0x38 zephyr/libzephyr.a(usb_device.c.obj)
 .text.usb_handle_request.constprop.0
                0x00000000000273f4       0x2c zephyr/libzephyr.a(usb_device.c.obj)
 .text.forward_status_cb
                0x0000000000027420       0xac zephyr/libzephyr.a(usb_device.c.obj)
 .text.usb_halt_endpoint_req.isra.0
                0x00000000000274cc       0x50 zephyr/libzephyr.a(usb_device.c.obj)
 .text.set_endpoint
                0x000000000002751c       0x84 zephyr/libzephyr.a(usb_device.c.obj)
 .text.usb_handle_standard_request
                0x00000000000275a0      0x2ec zephyr/libzephyr.a(usb_device.c.obj)
 .text.usb_data_to_host
                0x000000000002788c       0x60 zephyr/libzephyr.a(usb_device.c.obj)
 .text.usb_handle_control_transfer
                0x00000000000278ec       0xdc zephyr/libzephyr.a(usb_device.c.obj)
 .text.usb_set_config
                0x00000000000279c8       0x2c zephyr/libzephyr.a(usb_device.c.obj)
                0x00000000000279c8                usb_set_config
 .text.usb_enable
                0x00000000000279f4      0x124 zephyr/libzephyr.a(usb_device.c.obj)
                0x00000000000279f4                usb_enable
 .text.usb_device_init
                0x0000000000027b18       0x30 zephyr/libzephyr.a(usb_device.c.obj)
 .text.usb_update_sn_string_descriptor
                0x0000000000027b48       0x88 zephyr/libzephyr.a(usb_descriptor.c.obj)
                0x0000000000027b48                usb_update_sn_string_descriptor
 .text.usb_get_device_descriptor
                0x0000000000027bd0      0x1dc zephyr/libzephyr.a(usb_descriptor.c.obj)
                0x0000000000027bd0                usb_get_device_descriptor
 .text.usb_ep_get_transfer
                0x0000000000027dac       0x2c zephyr/libzephyr.a(usb_transfer.c.obj)
 .text.usb_transfer_work
                0x0000000000027dd8      0x108 zephyr/libzephyr.a(usb_transfer.c.obj)
 .text.usb_transfer_ep_callback
                0x0000000000027ee0       0x5c zephyr/libzephyr.a(usb_transfer.c.obj)
                0x0000000000027ee0                usb_transfer_ep_callback
 .text.usb_transfer
                0x0000000000027f3c       0xe4 zephyr/libzephyr.a(usb_transfer.c.obj)
                0x0000000000027f3c                usb_transfer
 .text.usb_cancel_transfer
                0x0000000000028020       0x3c zephyr/libzephyr.a(usb_transfer.c.obj)
                0x0000000000028020                usb_cancel_transfer
 .text.usb_cancel_transfers
                0x000000000002805c       0x48 zephyr/libzephyr.a(usb_transfer.c.obj)
                0x000000000002805c                usb_cancel_transfers
 .text.usb_transfer_init
                0x00000000000280a4       0x34 zephyr/libzephyr.a(usb_transfer.c.obj)
                0x00000000000280a4                usb_transfer_init
 .text.cdc_acm_class_handle_req
                0x00000000000280d8       0x58 zephyr/libzephyr.a(cdc_acm.c.obj)
                0x00000000000280d8                cdc_acm_class_handle_req
 .text.cdc_acm_int_in
                0x0000000000028130       0x18 zephyr/libzephyr.a(cdc_acm.c.obj)
 .text.cdc_acm_irq_rx_enable
                0x0000000000028148       0x20 zephyr/libzephyr.a(cdc_acm.c.obj)
 .text.cdc_acm_irq_tx_enable
                0x0000000000028168       0x20 zephyr/libzephyr.a(cdc_acm.c.obj)
 .text.cdc_acm_reset_port
                0x0000000000028188       0x3c zephyr/libzephyr.a(cdc_acm.c.obj)
 .text.cdc_acm_fifo_fill
                0x00000000000281c4       0x38 zephyr/libzephyr.a(cdc_acm.c.obj)
 .text.cdc_acm_poll_out
                0x00000000000281fc       0x64 zephyr/libzephyr.a(cdc_acm.c.obj)
 .text.tx_work_handler
                0x0000000000028260       0x5c zephyr/libzephyr.a(cdc_acm.c.obj)
 .text.cdc_acm_write_cb
                0x00000000000282bc       0x44 zephyr/libzephyr.a(cdc_acm.c.obj)
 .text.cdc_acm_init
                0x0000000000028300       0x48 zephyr/libzephyr.a(cdc_acm.c.obj)
 .text.cdc_acm_read_cb
                0x0000000000028348       0x6c zephyr/libzephyr.a(cdc_acm.c.obj)
 .text.cdc_acm_dev_status_cb
                0x00000000000283b4       0x88 zephyr/libzephyr.a(cdc_acm.c.obj)
 .text.z_usb_work_q_init
                0x000000000002843c       0x34 zephyr/libzephyr.a(usb_work_q.c.obj)
 .text.z_arm_cpu_idle_init
                0x0000000000028470        0xc zephyr/arch/arch/arm/core/aarch32/libarch__arm__core__aarch32.a(cpu_idle.S.obj)
                0x0000000000028470                z_arm_cpu_idle_init
 .text.arch_cpu_idle
                0x000000000002847c       0x1c zephyr/arch/arch/arm/core/aarch32/libarch__arm__core__aarch32.a(cpu_idle.S.obj)
                0x000000000002847c                arch_cpu_idle
 .text.arch_cpu_atomic_idle
                0x0000000000028498       0x18 zephyr/arch/arch/arm/core/aarch32/libarch__arm__core__aarch32.a(cpu_idle.S.obj)
                0x0000000000028498                arch_cpu_atomic_idle
 .text.arch_irq_enable
                0x00000000000284b0       0x1c zephyr/arch/arch/arm/core/aarch32/libarch__arm__core__aarch32.a(irq_manage.c.obj)
                0x00000000000284b0                arch_irq_enable
 .text.arch_irq_disable
                0x00000000000284cc       0x28 zephyr/arch/arch/arm/core/aarch32/libarch__arm__core__aarch32.a(irq_manage.c.obj)
                0x00000000000284cc                arch_irq_disable
 .text.arch_irq_is_enabled
                0x00000000000284f4       0x1c zephyr/arch/arch/arm/core/aarch32/libarch__arm__core__aarch32.a(irq_manage.c.obj)
                0x00000000000284f4                arch_irq_is_enabled
 .text.z_arm_irq_priority_set
                0x0000000000028510       0x30 zephyr/arch/arch/arm/core/aarch32/libarch__arm__core__aarch32.a(irq_manage.c.obj)
                0x0000000000028510                z_arm_irq_priority_set
 .text.z_SysNmiOnReset
                0x0000000000028540        0x8 zephyr/arch/arch/arm/core/aarch32/libarch__arm__core__aarch32.a(nmi_on_reset.S.obj)
                0x0000000000028540                z_SysNmiOnReset
 .text.z_arm_prep_c
                0x0000000000028548       0x48 zephyr/arch/arch/arm/core/aarch32/libarch__arm__core__aarch32.a(prep_c.c.obj)
                0x0000000000028548                z_arm_prep_c
 .text.arch_swap
                0x0000000000028590       0x34 zephyr/arch/arch/arm/core/aarch32/libarch__arm__core__aarch32.a(swap.c.obj)
                0x0000000000028590                arch_swap
 .text.z_arm_pendsv
                0x00000000000285c4       0x48 zephyr/arch/arch/arm/core/aarch32/libarch__arm__core__aarch32.a(swap_helper.S.obj)
                0x00000000000285c4                z_arm_pendsv
 .text.z_arm_svc
                0x000000000002860c       0x20 zephyr/arch/arch/arm/core/aarch32/libarch__arm__core__aarch32.a(swap_helper.S.obj)
                0x000000000002860c                z_arm_svc
 .text.arch_new_thread
                0x000000000002862c       0x38 zephyr/arch/arch/arm/core/aarch32/libarch__arm__core__aarch32.a(thread.c.obj)
                0x000000000002862c                arch_new_thread
 .text.arch_switch_to_main_thread
                0x0000000000028664       0x24 zephyr/arch/arch/arm/core/aarch32/libarch__arm__core__aarch32.a(thread.c.obj)
                0x0000000000028664                arch_switch_to_main_thread
 .text._isr_wrapper
                0x0000000000028688       0x40 zephyr/arch/arch/arm/core/aarch32/libarch__arm__core__aarch32.a(isr_wrapper.S.obj)
                0x0000000000028688                _isr_wrapper
 .text._HandlerModeExit
                0x00000000000286c8       0x1c zephyr/arch/arch/arm/core/aarch32/cortex_m/libarch__arm__core__aarch32__cortex_m.a(exc_exit.S.obj)
                0x00000000000286c8                z_arm_exc_exit
                0x00000000000286c8                z_arm_int_exit
 .text.usage_fault.constprop.0
                0x00000000000286e4       0x54 zephyr/arch/arch/arm/core/aarch32/cortex_m/libarch__arm__core__aarch32__cortex_m.a(fault.c.obj)
 .text.bus_fault.constprop.0
                0x0000000000028738       0x6c zephyr/arch/arch/arm/core/aarch32/cortex_m/libarch__arm__core__aarch32__cortex_m.a(fault.c.obj)
 .text.mem_manage_fault.constprop.0
                0x00000000000287a4       0x78 zephyr/arch/arch/arm/core/aarch32/cortex_m/libarch__arm__core__aarch32__cortex_m.a(fault.c.obj)
 .text.z_arm_fault
                0x000000000002881c      0x118 zephyr/arch/arch/arm/core/aarch32/cortex_m/libarch__arm__core__aarch32__cortex_m.a(fault.c.obj)
                0x000000000002881c                z_arm_fault
 .text.z_arm_fault_init
                0x0000000000028934       0x10 zephyr/arch/arch/arm/core/aarch32/cortex_m/libarch__arm__core__aarch32__cortex_m.a(fault.c.obj)
                0x0000000000028934                z_arm_fault_init
 .text.__fault  0x0000000000028944       0x14 zephyr/arch/arch/arm/core/aarch32/cortex_m/libarch__arm__core__aarch32__cortex_m.a(fault_s.S.obj)
                0x0000000000028944                z_arm_bus_fault
                0x0000000000028944                z_arm_usage_fault
                0x0000000000028944                z_arm_mpu_fault
                0x0000000000028944                z_arm_exc_spurious
                0x0000000000028944                z_arm_debug_monitor
                0x0000000000028944                z_arm_hard_fault
 .text.z_arm_interrupt_init
                0x0000000000028958       0x18 zephyr/arch/arch/arm/core/aarch32/cortex_m/libarch__arm__core__aarch32__cortex_m.a(irq_init.c.obj)
                0x0000000000028958                z_arm_interrupt_init
 .text._reset_section
                0x0000000000028970       0x30 zephyr/arch/arch/arm/core/aarch32/cortex_m/libarch__arm__core__aarch32__cortex_m.a(reset.S.obj)
                0x0000000000028970                z_arm_reset
                0x0000000000028970                __start
 .text.z_impl_k_thread_abort
                0x00000000000289a0       0x2c zephyr/arch/arch/arm/core/aarch32/cortex_m/libarch__arm__core__aarch32__cortex_m.a(thread_abort.c.obj)
                0x00000000000289a0                z_impl_k_thread_abort
 .text.z_arm_configure_static_mpu_regions
                0x00000000000289cc       0x18 zephyr/arch/arch/arm/core/aarch32/mpu/libarch__arm__core__aarch32__mpu.a(arm_core_mpu.c.obj)
                0x00000000000289cc                z_arm_configure_static_mpu_regions
 .text.mpu_configure_regions
                0x00000000000289e4       0x88 zephyr/arch/arch/arm/core/aarch32/mpu/libarch__arm__core__aarch32__mpu.a(arm_mpu.c.obj)
 .text.arm_core_mpu_enable
                0x0000000000028a6c       0x18 zephyr/arch/arch/arm/core/aarch32/mpu/libarch__arm__core__aarch32__mpu.a(arm_mpu.c.obj)
                0x0000000000028a6c                arm_core_mpu_enable
 .text.arm_core_mpu_disable
                0x0000000000028a84       0x14 zephyr/arch/arch/arm/core/aarch32/mpu/libarch__arm__core__aarch32__mpu.a(arm_mpu.c.obj)
                0x0000000000028a84                arm_core_mpu_disable
 .text.arm_core_mpu_configure_static_mpu_regions
                0x0000000000028a98       0x14 zephyr/arch/arch/arm/core/aarch32/mpu/libarch__arm__core__aarch32__mpu.a(arm_mpu.c.obj)
                0x0000000000028a98                arm_core_mpu_configure_static_mpu_regions
 .text.z_arm_mpu_init
                0x0000000000028aac       0x60 zephyr/arch/arch/arm/core/aarch32/mpu/libarch__arm__core__aarch32__mpu.a(arm_mpu.c.obj)
                0x0000000000028aac                z_arm_mpu_init
 .text.__stdout_hook_install
                0x0000000000028b0c        0xc zephyr/lib/libc/minimal/liblib__libc__minimal.a(stdout_console.c.obj)
                0x0000000000028b0c                __stdout_hook_install
 .text.snprintf
                0x0000000000028b18       0x34 zephyr/lib/libc/minimal/liblib__libc__minimal.a(sprintf.c.obj)
                0x0000000000028b18                snprintf
 .text.nordicsemi_nrf52_init
                0x0000000000028b4c       0x30 zephyr/soc/arm/nordic_nrf/nrf52/libsoc__arm__nordic_nrf__nrf52.a(soc.c.obj)
 .text.arch_busy_wait
                0x0000000000028b7c       0x14 zephyr/soc/arm/nordic_nrf/nrf52/libsoc__arm__nordic_nrf__nrf52.a(soc.c.obj)
                0x0000000000028b7c                arch_busy_wait
 .text.endpoint_ctx
                0x0000000000028b90       0x60 zephyr/drivers/usb/device/libdrivers__usb__device.a(usb_dc_nrfx.c.obj)
 .text.usbd_work_schedule
                0x0000000000028bf0       0x10 zephyr/drivers/usb/device/libdrivers__usb__device.a(usb_dc_nrfx.c.obj)
 .text.usbd_evt_put
                0x0000000000028c00        0xc zephyr/drivers/usb/device/libdrivers__usb__device.a(usb_dc_nrfx.c.obj)
 .text.usbd_evt_get
                0x0000000000028c0c       0x10 zephyr/drivers/usb/device/libdrivers__usb__device.a(usb_dc_nrfx.c.obj)
 .text.usbd_evt_flush
                0x0000000000028c1c       0x1c zephyr/drivers/usb/device/libdrivers__usb__device.a(usb_dc_nrfx.c.obj)
 .text.usbd_evt_alloc
                0x0000000000028c38       0x44 zephyr/drivers/usb/device/libdrivers__usb__device.a(usb_dc_nrfx.c.obj)
 .text.usb_dc_power_event_handler
                0x0000000000028c7c       0x34 zephyr/drivers/usb/device/libdrivers__usb__device.a(usb_dc_nrfx.c.obj)
 .text.usbd_event_transfer_data
                0x0000000000028cb0       0xa8 zephyr/drivers/usb/device/libdrivers__usb__device.a(usb_dc_nrfx.c.obj)
 .text.usb_init
                0x0000000000028d58       0x70 zephyr/drivers/usb/device/libdrivers__usb__device.a(usb_dc_nrfx.c.obj)
 .text.hfxo_stop.constprop.0.isra.0
                0x0000000000028dc8       0x40 zephyr/drivers/usb/device/libdrivers__usb__device.a(usb_dc_nrfx.c.obj)
 .text.usbd_event_handler
                0x0000000000028e08      0x11c zephyr/drivers/usb/device/libdrivers__usb__device.a(usb_dc_nrfx.c.obj)
 .text.eps_ctx_init
                0x0000000000028f24       0x68 zephyr/drivers/usb/device/libdrivers__usb__device.a(usb_dc_nrfx.c.obj)
 .text.usbd_work_handler
                0x0000000000028f8c      0x2e4 zephyr/drivers/usb/device/libdrivers__usb__device.a(usb_dc_nrfx.c.obj)
 .text.usb_dc_attach
                0x0000000000029270       0x64 zephyr/drivers/usb/device/libdrivers__usb__device.a(usb_dc_nrfx.c.obj)
                0x0000000000029270                usb_dc_attach
 .text.usb_dc_set_address
                0x00000000000292d4       0x24 zephyr/drivers/usb/device/libdrivers__usb__device.a(usb_dc_nrfx.c.obj)
                0x00000000000292d4                usb_dc_set_address
 .text.usb_dc_ep_configure
                0x00000000000292f8       0x48 zephyr/drivers/usb/device/libdrivers__usb__device.a(usb_dc_nrfx.c.obj)
                0x00000000000292f8                usb_dc_ep_configure
 .text.usb_dc_ep_set_stall
                0x0000000000029340       0x50 zephyr/drivers/usb/device/libdrivers__usb__device.a(usb_dc_nrfx.c.obj)
                0x0000000000029340                usb_dc_ep_set_stall
 .text.usb_dc_ep_clear_stall
                0x0000000000029390       0x40 zephyr/drivers/usb/device/libdrivers__usb__device.a(usb_dc_nrfx.c.obj)
                0x0000000000029390                usb_dc_ep_clear_stall
 .text.usb_dc_ep_is_stalled
                0x00000000000293d0       0x38 zephyr/drivers/usb/device/libdrivers__usb__device.a(usb_dc_nrfx.c.obj)
                0x00000000000293d0                usb_dc_ep_is_stalled
 .text.usb_dc_ep_enable
                0x0000000000029408       0x54 zephyr/drivers/usb/device/libdrivers__usb__device.a(usb_dc_nrfx.c.obj)
                0x0000000000029408                usb_dc_ep_enable
 .text.usb_dc_ep_write
                0x000000000002945c       0xf8 zephyr/drivers/usb/device/libdrivers__usb__device.a(usb_dc_nrfx.c.obj)
                0x000000000002945c                usb_dc_ep_write
 .text.usb_dc_ep_read_wait
                0x0000000000029554       0x90 zephyr/drivers/usb/device/libdrivers__usb__device.a(usb_dc_nrfx.c.obj)
                0x0000000000029554                usb_dc_ep_read_wait
 .text.usb_dc_ep_read_continue
                0x00000000000295e4       0x84 zephyr/drivers/usb/device/libdrivers__usb__device.a(usb_dc_nrfx.c.obj)
                0x00000000000295e4                usb_dc_ep_read_continue
 .text.usb_dc_ep_set_callback
                0x0000000000029668       0x28 zephyr/drivers/usb/device/libdrivers__usb__device.a(usb_dc_nrfx.c.obj)
                0x0000000000029668                usb_dc_ep_set_callback
 .text.usb_dc_set_status_callback
                0x0000000000029690        0xc zephyr/drivers/usb/device/libdrivers__usb__device.a(usb_dc_nrfx.c.obj)
                0x0000000000029690                usb_dc_set_status_callback
 .text.usb_dc_ep_mps
                0x000000000002969c       0x24 zephyr/drivers/usb/device/libdrivers__usb__device.a(usb_dc_nrfx.c.obj)
                0x000000000002969c                usb_dc_ep_mps
 .text.adc_gain_invert
                0x00000000000296c0       0x2c zephyr/drivers/adc/libdrivers__adc.a(adc_common.c.obj)
                0x00000000000296c0                adc_gain_invert
 .text.adc_context_start_sampling
                0x00000000000296ec       0x1c zephyr/drivers/adc/libdrivers__adc.a(adc_nrfx_saadc.c.obj)
 .text.adc_nrfx_channel_setup
                0x0000000000029708       0xd8 zephyr/drivers/adc/libdrivers__adc.a(adc_nrfx_saadc.c.obj)
 .text.adc_nrfx_read
                0x00000000000297e0      0x17c zephyr/drivers/adc/libdrivers__adc.a(adc_nrfx_saadc.c.obj)
 .text.init_saadc
                0x000000000002995c       0x44 zephyr/drivers/adc/libdrivers__adc.a(adc_nrfx_saadc.c.obj)
 .text.saadc_irq_handler
                0x00000000000299a0       0xcc zephyr/drivers/adc/libdrivers__adc.a(adc_nrfx_saadc.c.obj)
 .text.onoff_stop
                0x0000000000029a6c       0x30 zephyr/drivers/clock_control/libdrivers__clock_control.a(clock_control_nrf.c.obj)
 .text.onoff_start
                0x0000000000029a9c       0x44 zephyr/drivers/clock_control/libdrivers__clock_control.a(clock_control_nrf.c.obj)
 .text.clk_init
                0x0000000000029ae0       0x58 zephyr/drivers/clock_control/libdrivers__clock_control.a(clock_control_nrf.c.obj)
 .text.clkstarted_handle.constprop.0
                0x0000000000029b38       0x34 zephyr/drivers/clock_control/libdrivers__clock_control.a(clock_control_nrf.c.obj)
 .text.clock_event_handler
                0x0000000000029b6c       0x1c zephyr/drivers/clock_control/libdrivers__clock_control.a(clock_control_nrf.c.obj)
 .text.generic_hfclk_start
                0x0000000000029b88       0x64 zephyr/drivers/clock_control/libdrivers__clock_control.a(clock_control_nrf.c.obj)
 .text.api_blocking_start
                0x0000000000029bec       0x34 zephyr/drivers/clock_control/libdrivers__clock_control.a(clock_control_nrf.c.obj)
 .text.generic_hfclk_stop
                0x0000000000029c20       0x34 zephyr/drivers/clock_control/libdrivers__clock_control.a(clock_control_nrf.c.obj)
 .text.z_nrf_clock_control_get_onoff
                0x0000000000029c54       0x10 zephyr/drivers/clock_control/libdrivers__clock_control.a(clock_control_nrf.c.obj)
                0x0000000000029c54                z_nrf_clock_control_get_onoff
 .text.z_nrf_clock_control_lf_on
                0x0000000000029c64       0xfc zephyr/drivers/clock_control/libdrivers__clock_control.a(clock_control_nrf.c.obj)
                0x0000000000029c64                z_nrf_clock_control_lf_on
 .text.uart_console_init
                0x0000000000029d60       0x28 zephyr/drivers/console/libdrivers__console.a(uart_console.c.obj)
 .text.console_out
                0x0000000000029d88       0x28 zephyr/drivers/console/libdrivers__console.a(uart_console.c.obj)
 .text.gpio_nrfx_pin_interrupt_configure
                0x0000000000029db0       0xe4 zephyr/drivers/gpio/libdrivers__gpio.a(gpio_nrfx.c.obj)
 .text.gpio_nrfx_init
                0x0000000000029e94       0x38 zephyr/drivers/gpio/libdrivers__gpio.a(gpio_nrfx.c.obj)
 .text.nrfx_gpio_handler
                0x0000000000029ecc       0x4c zephyr/drivers/gpio/libdrivers__gpio.a(gpio_nrfx.c.obj)
 .text.gpio_nrfx_pin_configure
                0x0000000000029f18      0x128 zephyr/drivers/gpio/libdrivers__gpio.a(gpio_nrfx.c.obj)
 .text.nrf_gpio_pin_port_decode
                0x000000000002a040       0x20 zephyr/drivers/pinctrl/libdrivers__pinctrl.a(pinctrl_nrf.c.obj)
 .text.pinctrl_configure_pins
                0x000000000002a060      0x168 zephyr/drivers/pinctrl/libdrivers__pinctrl.a(pinctrl_nrf.c.obj)
                0x000000000002a060                pinctrl_configure_pins
 .text.uarte_nrfx_configure
                0x000000000002a1c8      0x168 zephyr/drivers/serial/libdrivers__serial.a(uart_nrfx_uarte.c.obj)
 .text.uarte_0_init
                0x000000000002a330       0xe8 zephyr/drivers/serial/libdrivers__serial.a(uart_nrfx_uarte.c.obj)
 .text.uarte_nrfx_poll_out
                0x000000000002a418       0x98 zephyr/drivers/serial/libdrivers__serial.a(uart_nrfx_uarte.c.obj)
 .text.compare_int_lock
                0x000000000002a4b0       0x48 zephyr/drivers/timer/libdrivers__timer.a(nrf_rtc_timer.c.obj)
 .text.sys_clock_timeout_handler
                0x000000000002a4f8       0x48 zephyr/drivers/timer/libdrivers__timer.a(nrf_rtc_timer.c.obj)
 .text.compare_int_unlock
                0x000000000002a540       0x5c zephyr/drivers/timer/libdrivers__timer.a(nrf_rtc_timer.c.obj)
 .text.z_nrf_rtc_timer_read
                0x000000000002a59c       0x44 zephyr/drivers/timer/libdrivers__timer.a(nrf_rtc_timer.c.obj)
                0x000000000002a59c                z_nrf_rtc_timer_read
 .text.compare_set
                0x000000000002a5e0      0x130 zephyr/drivers/timer/libdrivers__timer.a(nrf_rtc_timer.c.obj)
 .text.sys_clock_driver_init
                0x000000000002a710       0x90 zephyr/drivers/timer/libdrivers__timer.a(nrf_rtc_timer.c.obj)
 .text.rtc_nrf_isr
                0x000000000002a7a0       0xd4 zephyr/drivers/timer/libdrivers__timer.a(nrf_rtc_timer.c.obj)
                0x000000000002a7a0                rtc_nrf_isr
 .text.sys_clock_set_timeout
                0x000000000002a874       0x68 zephyr/drivers/timer/libdrivers__timer.a(nrf_rtc_timer.c.obj)
                0x000000000002a874                sys_clock_set_timeout
 .text.sys_clock_elapsed
                0x000000000002a8dc       0x14 zephyr/drivers/timer/libdrivers__timer.a(nrf_rtc_timer.c.obj)
                0x000000000002a8dc                sys_clock_elapsed
 .text.nrf52_errata_98
                0x000000000002a8f0       0x24 modules/hal_nordic/nrfx/libmodules__hal_nordic__nrfx.a(system_nrf52840.c.obj)
 .text.nvmc_wait
                0x000000000002a914       0x10 modules/hal_nordic/nrfx/libmodules__hal_nordic__nrfx.a(system_nrf52840.c.obj)
                0x000000000002a914                nvmc_wait
 .text.SystemInit
                0x000000000002a924      0x1bc modules/hal_nordic/nrfx/libmodules__hal_nordic__nrfx.a(system_nrf52840.c.obj)
                0x000000000002a924                SystemInit
 .text.nrfx_flag32_alloc
                0x000000000002aae0       0x48 modules/hal_nordic/nrfx/libmodules__hal_nordic__nrfx.a(nrfx_flag32_allocator.c.obj)
                0x000000000002aae0                nrfx_flag32_alloc
 .text.nrfx_flag32_free
                0x000000000002ab28       0x40 modules/hal_nordic/nrfx/libmodules__hal_nordic__nrfx.a(nrfx_flag32_allocator.c.obj)
                0x000000000002ab28                nrfx_flag32_free
 .text.nrfx_gppi_channels_enable
                0x000000000002ab68        0xc modules/hal_nordic/nrfx/libmodules__hal_nordic__nrfx.a(nrfx_gppi_ppi.c.obj)
                0x000000000002ab68                nrfx_gppi_channels_enable
 .text.clock_stop
                0x000000000002ab74       0xc4 modules/hal_nordic/nrfx/libmodules__hal_nordic__nrfx.a(nrfx_clock.c.obj)
 .text.nrfx_clock_init
                0x000000000002ac38       0x20 modules/hal_nordic/nrfx/libmodules__hal_nordic__nrfx.a(nrfx_clock.c.obj)
                0x000000000002ac38                nrfx_clock_init
 .text.nrfx_clock_enable
                0x000000000002ac58       0x24 modules/hal_nordic/nrfx/libmodules__hal_nordic__nrfx.a(nrfx_clock.c.obj)
                0x000000000002ac58                nrfx_clock_enable
 .text.nrfx_clock_irq_handler
                0x000000000002ac7c       0x68 modules/hal_nordic/nrfx/libmodules__hal_nordic__nrfx.a(nrfx_clock.c.obj)
                0x000000000002ac7c                nrfx_clock_irq_handler
 .text.nrf_gpio_pin_port_decode
                0x000000000002ace4       0x20 modules/hal_nordic/nrfx/libmodules__hal_nordic__nrfx.a(nrfx_gpiote.c.obj)
 .text.call_handler
                0x000000000002ad04       0x3c modules/hal_nordic/nrfx/libmodules__hal_nordic__nrfx.a(nrfx_gpiote.c.obj)
 .text.release_handler
                0x000000000002ad40       0x54 modules/hal_nordic/nrfx/libmodules__hal_nordic__nrfx.a(nrfx_gpiote.c.obj)
 .text.__nrfy_internal_gpiote_events_process.constprop.0
                0x000000000002ad94       0x54 modules/hal_nordic/nrfx/libmodules__hal_nordic__nrfx.a(nrfx_gpiote.c.obj)
 .text.nrfx_gpiote_input_configure
                0x000000000002ade8      0x158 modules/hal_nordic/nrfx/libmodules__hal_nordic__nrfx.a(nrfx_gpiote.c.obj)
                0x000000000002ade8                nrfx_gpiote_input_configure
 .text.nrfx_gpiote_output_configure
                0x000000000002af40       0xe0 modules/hal_nordic/nrfx/libmodules__hal_nordic__nrfx.a(nrfx_gpiote.c.obj)
                0x000000000002af40                nrfx_gpiote_output_configure
 .text.nrfx_gpiote_global_callback_set
                0x000000000002b020        0xc modules/hal_nordic/nrfx/libmodules__hal_nordic__nrfx.a(nrfx_gpiote.c.obj)
                0x000000000002b020                nrfx_gpiote_global_callback_set
 .text.nrfx_gpiote_channel_get
                0x000000000002b02c       0x24 modules/hal_nordic/nrfx/libmodules__hal_nordic__nrfx.a(nrfx_gpiote.c.obj)
                0x000000000002b02c                nrfx_gpiote_channel_get
 .text.nrfx_gpiote_init
                0x000000000002b050       0x50 modules/hal_nordic/nrfx/libmodules__hal_nordic__nrfx.a(nrfx_gpiote.c.obj)
                0x000000000002b050                nrfx_gpiote_init
 .text.nrfx_gpiote_is_init
                0x000000000002b0a0       0x14 modules/hal_nordic/nrfx/libmodules__hal_nordic__nrfx.a(nrfx_gpiote.c.obj)
                0x000000000002b0a0                nrfx_gpiote_is_init
 .text.nrfx_gpiote_channel_free
                0x000000000002b0b4        0xc modules/hal_nordic/nrfx/libmodules__hal_nordic__nrfx.a(nrfx_gpiote.c.obj)
                0x000000000002b0b4                nrfx_gpiote_channel_free
 .text.nrfx_gpiote_channel_alloc
                0x000000000002b0c0        0xc modules/hal_nordic/nrfx/libmodules__hal_nordic__nrfx.a(nrfx_gpiote.c.obj)
                0x000000000002b0c0                nrfx_gpiote_channel_alloc
 .text.nrfx_gpiote_trigger_enable
                0x000000000002b0cc       0x8c modules/hal_nordic/nrfx/libmodules__hal_nordic__nrfx.a(nrfx_gpiote.c.obj)
                0x000000000002b0cc                nrfx_gpiote_trigger_enable
 .text.nrfx_gpiote_trigger_disable
                0x000000000002b158       0x44 modules/hal_nordic/nrfx/libmodules__hal_nordic__nrfx.a(nrfx_gpiote.c.obj)
                0x000000000002b158                nrfx_gpiote_trigger_disable
 .text.nrfx_gpiote_pin_uninit
                0x000000000002b19c       0x74 modules/hal_nordic/nrfx/libmodules__hal_nordic__nrfx.a(nrfx_gpiote.c.obj)
                0x000000000002b19c                nrfx_gpiote_pin_uninit
 .text.nrfx_gpiote_irq_handler
                0x000000000002b210      0x19c modules/hal_nordic/nrfx/libmodules__hal_nordic__nrfx.a(nrfx_gpiote.c.obj)
                0x000000000002b210                nrfx_gpiote_irq_handler
 .text.nrfx_power_init
                0x000000000002b3ac       0x74 modules/hal_nordic/nrfx/libmodules__hal_nordic__nrfx.a(nrfx_power.c.obj)
                0x000000000002b3ac                nrfx_power_init
 .text.nrfx_power_usbevt_uninit
                0x000000000002b420       0x18 modules/hal_nordic/nrfx/libmodules__hal_nordic__nrfx.a(nrfx_power.c.obj)
                0x000000000002b420                nrfx_power_usbevt_uninit
 .text.nrfx_power_usbevt_init
                0x000000000002b438       0x14 modules/hal_nordic/nrfx/libmodules__hal_nordic__nrfx.a(nrfx_power.c.obj)
                0x000000000002b438                nrfx_power_usbevt_init
 .text.nrfx_power_irq_handler
                0x000000000002b44c       0xa0 modules/hal_nordic/nrfx/libmodules__hal_nordic__nrfx.a(nrfx_power.c.obj)
                0x000000000002b44c                nrfx_power_irq_handler
 .text.nrfx_ppi_channel_alloc
                0x000000000002b4ec        0xc modules/hal_nordic/nrfx/libmodules__hal_nordic__nrfx.a(nrfx_ppi.c.obj)
                0x000000000002b4ec                nrfx_ppi_channel_alloc
 .text.nrf52_errata_187
                0x000000000002b4f8       0x28 modules/hal_nordic/nrfx/libmodules__hal_nordic__nrfx.a(nrfx_usbd.c.obj)
 .text.ep_state_access
                0x000000000002b520       0x1c modules/hal_nordic/nrfx/libmodules__hal_nordic__nrfx.a(nrfx_usbd.c.obj)
 .text.ev_usbreset_handler
                0x000000000002b53c       0x2c modules/hal_nordic/nrfx/libmodules__hal_nordic__nrfx.a(nrfx_usbd.c.obj)
 .text.ev_usbevent_handler
                0x000000000002b568       0x74 modules/hal_nordic/nrfx/libmodules__hal_nordic__nrfx.a(nrfx_usbd.c.obj)
 .text.usbd_errata_187_211_begin
                0x000000000002b5dc       0x40 modules/hal_nordic/nrfx/libmodules__hal_nordic__nrfx.a(nrfx_usbd.c.obj)
 .text.usbd_errata_187_211_end
                0x000000000002b61c       0x40 modules/hal_nordic/nrfx/libmodules__hal_nordic__nrfx.a(nrfx_usbd.c.obj)
 .text.nrfx_usbd_feeder_flash
                0x000000000002b65c       0x38 modules/hal_nordic/nrfx/libmodules__hal_nordic__nrfx.a(nrfx_usbd.c.obj)
                0x000000000002b65c                nrfx_usbd_feeder_flash
 .text.nrfx_usbd_feeder_flash_zlp
                0x000000000002b694       0x3c modules/hal_nordic/nrfx/libmodules__hal_nordic__nrfx.a(nrfx_usbd.c.obj)
                0x000000000002b694                nrfx_usbd_feeder_flash_zlp
 .text.ev_sof_handler
                0x000000000002b6d0       0x44 modules/hal_nordic/nrfx/libmodules__hal_nordic__nrfx.a(nrfx_usbd.c.obj)
 .text.atomic_and.constprop.0.isra.0
                0x000000000002b714       0x20 modules/hal_nordic/nrfx/libmodules__hal_nordic__nrfx.a(nrfx_usbd.c.obj)
 .text.usbd_dma_pending_clear
                0x000000000002b734       0x24 modules/hal_nordic/nrfx/libmodules__hal_nordic__nrfx.a(nrfx_usbd.c.obj)
 .text.nrf_usbd_ep0in_dma_handler
                0x000000000002b758       0x2c modules/hal_nordic/nrfx/libmodules__hal_nordic__nrfx.a(nrfx_usbd.c.obj)
 .text.usbd_ep_data_handler
                0x000000000002b784       0x8c modules/hal_nordic/nrfx/libmodules__hal_nordic__nrfx.a(nrfx_usbd.c.obj)
 .text.ev_setup_data_handler
                0x000000000002b810       0x1c modules/hal_nordic/nrfx/libmodules__hal_nordic__nrfx.a(nrfx_usbd.c.obj)
 .text.ev_dma_epout8_handler
                0x000000000002b82c       0x40 modules/hal_nordic/nrfx/libmodules__hal_nordic__nrfx.a(nrfx_usbd.c.obj)
 .text.ev_dma_epin8_handler
                0x000000000002b86c       0x50 modules/hal_nordic/nrfx/libmodules__hal_nordic__nrfx.a(nrfx_usbd.c.obj)
 .text.nrfx_usbd_uninit
                0x000000000002b8bc       0x14 modules/hal_nordic/nrfx/libmodules__hal_nordic__nrfx.a(nrfx_usbd.c.obj)
                0x000000000002b8bc                nrfx_usbd_uninit
 .text.nrfx_usbd_enable
                0x000000000002b8d0      0x14c modules/hal_nordic/nrfx/libmodules__hal_nordic__nrfx.a(nrfx_usbd.c.obj)
                0x000000000002b8d0                nrfx_usbd_enable
 .text.nrfx_usbd_start
                0x000000000002ba1c       0x3c modules/hal_nordic/nrfx/libmodules__hal_nordic__nrfx.a(nrfx_usbd.c.obj)
                0x000000000002ba1c                nrfx_usbd_start
 .text.nrfx_usbd_is_enabled
                0x000000000002ba58       0x14 modules/hal_nordic/nrfx/libmodules__hal_nordic__nrfx.a(nrfx_usbd.c.obj)
                0x000000000002ba58                nrfx_usbd_is_enabled
 .text.nrfx_usbd_suspend
                0x000000000002ba6c       0x58 modules/hal_nordic/nrfx/libmodules__hal_nordic__nrfx.a(nrfx_usbd.c.obj)
                0x000000000002ba6c                nrfx_usbd_suspend
 .text.nrfx_usbd_init
                0x000000000002bac4       0x84 modules/hal_nordic/nrfx/libmodules__hal_nordic__nrfx.a(nrfx_usbd.c.obj)
                0x000000000002bac4                nrfx_usbd_init
 .text.nrfx_usbd_ep_transfer
                0x000000000002bb48       0xf4 modules/hal_nordic/nrfx/libmodules__hal_nordic__nrfx.a(nrfx_usbd.c.obj)
                0x000000000002bb48                nrfx_usbd_ep_transfer
 .text.nrfx_usbd_epout_size_get
                0x000000000002bc3c       0x28 modules/hal_nordic/nrfx/libmodules__hal_nordic__nrfx.a(nrfx_usbd.c.obj)
                0x000000000002bc3c                nrfx_usbd_epout_size_get
 .text.usbd_dmareq_process
                0x000000000002bc64      0x188 modules/hal_nordic/nrfx/libmodules__hal_nordic__nrfx.a(nrfx_usbd.c.obj)
 .text.ev_epdata_handler
                0x000000000002bdec       0x44 modules/hal_nordic/nrfx/libmodules__hal_nordic__nrfx.a(nrfx_usbd.c.obj)
 .text.nrf_usbd_epout_dma_handler
                0x000000000002be30       0x64 modules/hal_nordic/nrfx/libmodules__hal_nordic__nrfx.a(nrfx_usbd.c.obj)
 .text.nrfx_usbd_ep_stall
                0x000000000002be94       0x10 modules/hal_nordic/nrfx/libmodules__hal_nordic__nrfx.a(nrfx_usbd.c.obj)
                0x000000000002be94                nrfx_usbd_ep_stall
 .text.nrfx_usbd_ep_stall_check
                0x000000000002bea4       0x34 modules/hal_nordic/nrfx/libmodules__hal_nordic__nrfx.a(nrfx_usbd.c.obj)
                0x000000000002bea4                nrfx_usbd_ep_stall_check
 .text.nrfx_usbd_ep_dtoggle_clear
                0x000000000002bed8       0x18 modules/hal_nordic/nrfx/libmodules__hal_nordic__nrfx.a(nrfx_usbd.c.obj)
                0x000000000002bed8                nrfx_usbd_ep_dtoggle_clear
 .text.nrfx_usbd_setup_get
                0x000000000002bef0       0x4c modules/hal_nordic/nrfx/libmodules__hal_nordic__nrfx.a(nrfx_usbd.c.obj)
                0x000000000002bef0                nrfx_usbd_setup_get
 .text.nrfx_usbd_setup_data_clear
                0x000000000002bf3c       0x10 modules/hal_nordic/nrfx/libmodules__hal_nordic__nrfx.a(nrfx_usbd.c.obj)
                0x000000000002bf3c                nrfx_usbd_setup_data_clear
 .text.ev_dma_epout0_handler
                0x000000000002bf4c       0x50 modules/hal_nordic/nrfx/libmodules__hal_nordic__nrfx.a(nrfx_usbd.c.obj)
 .text.nrfx_usbd_setup_clear
                0x000000000002bf9c       0x10 modules/hal_nordic/nrfx/libmodules__hal_nordic__nrfx.a(nrfx_usbd.c.obj)
                0x000000000002bf9c                nrfx_usbd_setup_clear
 .text.nrfx_usbd_setup_stall
                0x000000000002bfac       0x10 modules/hal_nordic/nrfx/libmodules__hal_nordic__nrfx.a(nrfx_usbd.c.obj)
                0x000000000002bfac                nrfx_usbd_setup_stall
 .text.nrfx_usbd_last_setup_dir_get
                0x000000000002bfbc        0xc modules/hal_nordic/nrfx/libmodules__hal_nordic__nrfx.a(nrfx_usbd.c.obj)
                0x000000000002bfbc                nrfx_usbd_last_setup_dir_get
 .text.nrfx_usbd_transfer_out_drop
                0x000000000002bfc8       0x54 modules/hal_nordic/nrfx/libmodules__hal_nordic__nrfx.a(nrfx_usbd.c.obj)
                0x000000000002bfc8                nrfx_usbd_transfer_out_drop
 .text.usbd_ep_abort
                0x000000000002c01c       0xf4 modules/hal_nordic/nrfx/libmodules__hal_nordic__nrfx.a(nrfx_usbd.c.obj)
 .text.ev_setup_handler
                0x000000000002c110       0x68 modules/hal_nordic/nrfx/libmodules__hal_nordic__nrfx.a(nrfx_usbd.c.obj)
 .text.nrfx_usbd_irq_handler
                0x000000000002c178       0x7c modules/hal_nordic/nrfx/libmodules__hal_nordic__nrfx.a(nrfx_usbd.c.obj)
                0x000000000002c178                nrfx_usbd_irq_handler
 .text.nrfx_usbd_stop
                0x000000000002c1f4       0x80 modules/hal_nordic/nrfx/libmodules__hal_nordic__nrfx.a(nrfx_usbd.c.obj)
                0x000000000002c1f4                nrfx_usbd_stop
 .text.nrfx_usbd_disable
                0x000000000002c274       0x30 modules/hal_nordic/nrfx/libmodules__hal_nordic__nrfx.a(nrfx_usbd.c.obj)
                0x000000000002c274                nrfx_usbd_disable
 .text.nrfx_usbd_ep_disable
                0x000000000002c2a4       0x58 modules/hal_nordic/nrfx/libmodules__hal_nordic__nrfx.a(nrfx_usbd.c.obj)
                0x000000000002c2a4                nrfx_usbd_ep_disable
 .text.nrfx_usbd_ep_enable
                0x000000000002c2fc       0xa8 modules/hal_nordic/nrfx/libmodules__hal_nordic__nrfx.a(nrfx_usbd.c.obj)
                0x000000000002c2fc                nrfx_usbd_ep_enable
 .text.nrfx_usbd_ep_stall_clear
                0x000000000002c3a4       0x20 modules/hal_nordic/nrfx/libmodules__hal_nordic__nrfx.a(nrfx_usbd.c.obj)
                0x000000000002c3a4                nrfx_usbd_ep_stall_clear
 .text.z_sys_init_run_level
                0x000000000002c3c4       0x48 zephyr/kernel/libkernel.a(init.c.obj)
 .text.bg_thread_main
                0x000000000002c40c       0x34 zephyr/kernel/libkernel.a(init.c.obj)
 .text.z_bss_zero
                0x000000000002c440       0x18 zephyr/kernel/libkernel.a(init.c.obj)
                0x000000000002c440                z_bss_zero
 .text.z_init_cpu
                0x000000000002c458       0x84 zephyr/kernel/libkernel.a(init.c.obj)
                0x000000000002c458                z_init_cpu
 .text.z_cstart
                0x000000000002c4dc       0xe0 zephyr/kernel/libkernel.a(init.c.obj)
                0x000000000002c4dc                z_cstart
 .text.init_mem_slab_module
                0x000000000002c5bc       0x24 zephyr/kernel/libkernel.a(mem_slab.c.obj)
 .text.k_mem_slab_alloc
                0x000000000002c5e0       0x5c zephyr/kernel/libkernel.a(mem_slab.c.obj)
                0x000000000002c5e0                k_mem_slab_alloc
 .text.z_setup_new_thread
                0x000000000002c63c       0x60 zephyr/kernel/libkernel.a(thread.c.obj)
                0x000000000002c63c                z_setup_new_thread
 .text.z_impl_k_thread_create
                0x000000000002c69c       0x58 zephyr/kernel/libkernel.a(thread.c.obj)
                0x000000000002c69c                z_impl_k_thread_create
 .text.z_init_static_threads
                0x000000000002c6f4       0xb8 zephyr/kernel/libkernel.a(thread.c.obj)
                0x000000000002c6f4                z_init_static_threads
 .text.idle     0x000000000002c7ac       0x38 zephyr/kernel/libkernel.a(idle.c.obj)
                0x000000000002c7ac                idle
 .text.z_impl_k_mutex_lock
                0x000000000002c7e4       0xf4 zephyr/kernel/libkernel.a(mutex.c.obj)
                0x000000000002c7e4                z_impl_k_mutex_lock
 .text.z_impl_k_mutex_unlock
                0x000000000002c8d8       0x78 zephyr/kernel/libkernel.a(mutex.c.obj)
                0x000000000002c8d8                z_impl_k_mutex_unlock
 .text.z_impl_k_queue_get
                0x000000000002c950       0x68 zephyr/kernel/libkernel.a(queue.c.obj)
                0x000000000002c950                z_impl_k_queue_get
 .text.z_impl_k_sem_give
                0x000000000002c9b8       0x48 zephyr/kernel/libkernel.a(sem.c.obj)
                0x000000000002c9b8                z_impl_k_sem_give
 .text.z_impl_k_sem_take
                0x000000000002ca00       0x50 zephyr/kernel/libkernel.a(sem.c.obj)
                0x000000000002ca00                z_impl_k_sem_take
 .text.work_queue_main
                0x000000000002ca50      0x138 zephyr/kernel/libkernel.a(work.c.obj)
 .text.submit_to_queue_locked
                0x000000000002cb88       0xb4 zephyr/kernel/libkernel.a(work.c.obj)
 .text.k_work_queue_start
                0x000000000002cc3c       0x70 zephyr/kernel/libkernel.a(work.c.obj)
                0x000000000002cc3c                k_work_queue_start
 .text.k_work_schedule_for_queue
                0x000000000002ccac       0x54 zephyr/kernel/libkernel.a(work.c.obj)
                0x000000000002ccac                k_work_schedule_for_queue
 .text.sliceable
                0x000000000002cd00       0x3c zephyr/kernel/libkernel.a(sched.c.obj)
 .text.slice_timeout
                0x000000000002cd3c       0x20 zephyr/kernel/libkernel.a(sched.c.obj)
 .text.z_reset_time_slice
                0x000000000002cd5c       0x50 zephyr/kernel/libkernel.a(sched.c.obj)
                0x000000000002cd5c                z_reset_time_slice
 .text.update_cache
                0x000000000002cdac       0x3c zephyr/kernel/libkernel.a(sched.c.obj)
 .text.move_thread_to_end_of_prio_q
                0x000000000002cde8       0x74 zephyr/kernel/libkernel.a(sched.c.obj)
 .text.ready_thread
                0x000000000002ce5c       0x68 zephyr/kernel/libkernel.a(sched.c.obj)
 .text.unready_thread
                0x000000000002cec4       0x30 zephyr/kernel/libkernel.a(sched.c.obj)
 .text.pend_locked
                0x000000000002cef4       0x30 zephyr/kernel/libkernel.a(sched.c.obj)
 .text.z_time_slice
                0x000000000002cf24       0x60 zephyr/kernel/libkernel.a(sched.c.obj)
                0x000000000002cf24                z_time_slice
 .text.z_pend_curr
                0x000000000002cf84       0x3c zephyr/kernel/libkernel.a(sched.c.obj)
                0x000000000002cf84                z_pend_curr
 .text.z_set_prio
                0x000000000002cfc0       0x8c zephyr/kernel/libkernel.a(sched.c.obj)
                0x000000000002cfc0                z_set_prio
 .text.z_reschedule
                0x000000000002d04c       0x24 zephyr/kernel/libkernel.a(sched.c.obj)
                0x000000000002d04c                z_reschedule
 .text.z_sched_start
                0x000000000002d070       0x3c zephyr/kernel/libkernel.a(sched.c.obj)
                0x000000000002d070                z_sched_start
 .text.z_impl_k_thread_suspend
                0x000000000002d0ac       0x64 zephyr/kernel/libkernel.a(sched.c.obj)
                0x000000000002d0ac                z_impl_k_thread_suspend
 .text.k_sched_lock
                0x000000000002d110       0x28 zephyr/kernel/libkernel.a(sched.c.obj)
                0x000000000002d110                k_sched_lock
 .text.k_sched_unlock
                0x000000000002d138       0x38 zephyr/kernel/libkernel.a(sched.c.obj)
                0x000000000002d138                k_sched_unlock
 .text.z_sched_init
                0x000000000002d170       0x10 zephyr/kernel/libkernel.a(sched.c.obj)
                0x000000000002d170                z_sched_init
 .text.z_impl_k_yield
                0x000000000002d180       0x7c zephyr/kernel/libkernel.a(sched.c.obj)
                0x000000000002d180                z_impl_k_yield
 .text.z_tick_sleep
                0x000000000002d1fc       0x88 zephyr/kernel/libkernel.a(sched.c.obj)
 .text.z_impl_k_sleep
                0x000000000002d284       0x34 zephyr/kernel/libkernel.a(sched.c.obj)
                0x000000000002d284                z_impl_k_sleep
 .text.z_impl_k_usleep
                0x000000000002d2b8       0x34 zephyr/kernel/libkernel.a(sched.c.obj)
                0x000000000002d2b8                z_impl_k_usleep
 .text.z_impl_z_current_get
                0x000000000002d2ec        0xc zephyr/kernel/libkernel.a(sched.c.obj)
                0x000000000002d2ec                z_impl_z_current_get
 .text.z_thread_abort
                0x000000000002d2f8       0xc0 zephyr/kernel/libkernel.a(sched.c.obj)
                0x000000000002d2f8                z_thread_abort
 .text.z_sched_wait
                0x000000000002d3b8       0x24 zephyr/kernel/libkernel.a(sched.c.obj)
                0x000000000002d3b8                z_sched_wait
 .text.z_data_copy
                0x000000000002d3dc       0x34 zephyr/kernel/libkernel.a(xip.c.obj)
                0x000000000002d3dc                z_data_copy
 .text.elapsed  0x000000000002d410       0x14 zephyr/kernel/libkernel.a(timeout.c.obj)
 .text.next_timeout
                0x000000000002d424       0x40 zephyr/kernel/libkernel.a(timeout.c.obj)
 .text.remove_timeout
                0x000000000002d464       0x38 zephyr/kernel/libkernel.a(timeout.c.obj)
 .text.z_add_timeout
                0x000000000002d49c       0xec zephyr/kernel/libkernel.a(timeout.c.obj)
                0x000000000002d49c                z_add_timeout
 .text.sys_clock_announce
                0x000000000002d588       0xd4 zephyr/kernel/libkernel.a(timeout.c.obj)
                0x000000000002d588                sys_clock_announce
 .text.sys_clock_tick_get
                0x000000000002d65c       0x34 zephyr/kernel/libkernel.a(timeout.c.obj)
                0x000000000002d65c                sys_clock_tick_get
 .text.z_timer_expiration_handler
                0x000000000002d690       0xe4 zephyr/kernel/libkernel.a(timer.c.obj)
                0x000000000002d690                z_timer_expiration_handler
 .text.z_impl_k_timer_start
                0x000000000002d774       0x60 zephyr/kernel/libkernel.a(timer.c.obj)
                0x000000000002d774                z_impl_k_timer_start
 .text.k_thread_system_pool_assign
                0x000000000002d7d4        0xc zephyr/kernel/libkernel.a(mempool.c.obj)
                0x000000000002d7d4                k_thread_system_pool_assign
 .text.z_thread_aligned_alloc
                0x000000000002d7e0       0x30 zephyr/kernel/libkernel.a(mempool.c.obj)
                0x000000000002d7e0                z_thread_aligned_alloc
 .text.boot_banner
                0x000000000002d810        0xc zephyr/kernel/libkernel.a(banner.c.obj)
                0x000000000002d810                boot_banner
 .text.statics_init
                0x000000000002d81c       0x24 zephyr/kernel/libkernel.a(kheap.c.obj)
 .text.k_sys_work_q_init
                0x000000000002d840       0x34 zephyr/kernel/libkernel.a(system_work_q.c.obj)
 .text._OffsetAbsSyms
                0x000000000002d874        0x2 zephyr/CMakeFiles/offsets.dir/./arch/arm/core/offsets/offsets.c.obj
                0x000000000002d874                _OffsetAbsSyms
 .text.gpio_pin_configure_dt.constprop.0
                0x000000000002d876       0x34 app/libapp.a(main.c.obj)
 .text.gpio_pin_toggle_dt.isra.0
                0x000000000002d8aa       0x10 app/libapp.a(main.c.obj)
 .text.k_msleep.constprop.0.isra.0
                0x000000000002d8ba        0xa app/libapp.a(main.c.obj)
 .text.arch_printk_char_out
                0x000000000002d8c4        0x4 zephyr/libzephyr.a(printk.c.obj)
                0x000000000002d8c4                arch_printk_char_out
 .text.printk   0x000000000002d8c8       0x1a zephyr/libzephyr.a(printk.c.obj)
                0x000000000002d8c8                printk
 .text.z_thread_entry
                0x000000000002d8e2       0x14 zephyr/libzephyr.a(thread_entry.c.obj)
                0x000000000002d8e2                z_thread_entry
 .text.chunk_size
                0x000000000002d8f6        0xa zephyr/libzephyr.a(heap.c.obj)
 .text.free_list_add
                0x000000000002d900       0x4e zephyr/libzephyr.a(heap.c.obj)
 .text.free_list_remove_bidx
                0x000000000002d94e       0x3a zephyr/libzephyr.a(heap.c.obj)
 .text.free_list_remove
                0x000000000002d988       0x1a zephyr/libzephyr.a(heap.c.obj)
 .text.alloc_chunk
                0x000000000002d9a2       0x6e zephyr/libzephyr.a(heap.c.obj)
 .text.merge_chunks
                0x000000000002da10       0x2c zephyr/libzephyr.a(heap.c.obj)
 .text.split_chunks
                0x000000000002da3c       0x34 zephyr/libzephyr.a(heap.c.obj)
 .text.free_chunk
                0x000000000002da70       0x62 zephyr/libzephyr.a(heap.c.obj)
 .text.sys_heap_free
                0x000000000002dad2       0x1e zephyr/libzephyr.a(heap.c.obj)
                0x000000000002dad2                sys_heap_free
 .text.sys_heap_alloc
                0x000000000002daf0       0x52 zephyr/libzephyr.a(heap.c.obj)
                0x000000000002daf0                sys_heap_alloc
 .text.sys_heap_aligned_alloc
                0x000000000002db42       0xce zephyr/libzephyr.a(heap.c.obj)
                0x000000000002db42                sys_heap_aligned_alloc
 .text.sys_heap_init
                0x000000000002dc10       0x70 zephyr/libzephyr.a(heap.c.obj)
                0x000000000002dc10                sys_heap_init
 .text.sys_slist_find_and_remove
                0x000000000002dc80       0x36 zephyr/libzephyr.a(onoff.c.obj)
 .text.process_recheck
                0x000000000002dcb6       0x38 zephyr/libzephyr.a(onoff.c.obj)
 .text.validate_args
                0x000000000002dcee       0x20 zephyr/libzephyr.a(onoff.c.obj)
 .text.notify_one
                0x000000000002dd0e       0x2c zephyr/libzephyr.a(onoff.c.obj)
 .text.transition_complete
                0x000000000002dd3a       0x1c zephyr/libzephyr.a(onoff.c.obj)
 .text.onoff_manager_init
                0x000000000002dd56       0x26 zephyr/libzephyr.a(onoff.c.obj)
                0x000000000002dd56                onoff_manager_init
 .text.onoff_request
                0x000000000002dd7c       0xb0 zephyr/libzephyr.a(onoff.c.obj)
                0x000000000002dd7c                onoff_request
 .text.onoff_release
                0x000000000002de2c       0x4a zephyr/libzephyr.a(onoff.c.obj)
                0x000000000002de2c                onoff_release
 .text.onoff_cancel
                0x000000000002de76       0x38 zephyr/libzephyr.a(onoff.c.obj)
                0x000000000002de76                onoff_cancel
 .text.sys_notify_validate
                0x000000000002deae       0x22 zephyr/libzephyr.a(notify.c.obj)
                0x000000000002deae                sys_notify_validate
 .text.sys_notify_finalize
                0x000000000002ded0       0x1a zephyr/libzephyr.a(notify.c.obj)
                0x000000000002ded0                sys_notify_finalize
 .text.encode_uint
                0x000000000002deea       0x8c zephyr/libzephyr.a(cbprintf_complete.c.obj)
 .text.outs     0x000000000002df76       0x2e zephyr/libzephyr.a(cbprintf_complete.c.obj)
 .text.ring_buf_put_claim
                0x000000000002dfa4       0x3e zephyr/libzephyr.a(ring_buffer.c.obj)
                0x000000000002dfa4                ring_buf_put_claim
 .text.ring_buf_put_finish
                0x000000000002dfe2       0x2a zephyr/libzephyr.a(ring_buffer.c.obj)
                0x000000000002dfe2                ring_buf_put_finish
 .text.ring_buf_put
                0x000000000002e00c       0x3e zephyr/libzephyr.a(ring_buffer.c.obj)
                0x000000000002e00c                ring_buf_put
 .text.ring_buf_get_claim
                0x000000000002e04a       0x40 zephyr/libzephyr.a(ring_buffer.c.obj)
                0x000000000002e04a                ring_buf_get_claim
 .text.ring_buf_get_finish
                0x000000000002e08a       0x2a zephyr/libzephyr.a(ring_buffer.c.obj)
                0x000000000002e08a                ring_buf_get_finish
 .text.ring_buf_get
                0x000000000002e0b4       0x40 zephyr/libzephyr.a(ring_buffer.c.obj)
                0x000000000002e0b4                ring_buf_get
 .text._ConfigAbsSyms
                0x000000000002e0f4        0x2 zephyr/libzephyr.a(configs.c.obj)
                0x000000000002e0f4                _ConfigAbsSyms
 .text.get_ep_bm_from_addr
                0x000000000002e0f6       0x1c zephyr/libzephyr.a(usb_device.c.obj)
 .text.usb_write
                0x000000000002e112       0x30 zephyr/libzephyr.a(usb_device.c.obj)
                0x000000000002e112                usb_write
 .text.usb_get_dev_data_by_cfg
                0x000000000002e142       0x18 zephyr/libzephyr.a(usb_descriptor.c.obj)
                0x000000000002e142                usb_get_dev_data_by_cfg
 .text.usb_get_dev_data_by_iface
                0x000000000002e15a       0x1c zephyr/libzephyr.a(usb_descriptor.c.obj)
                0x000000000002e15a                usb_get_dev_data_by_iface
 .text.usb_get_dev_data_by_ep
                0x000000000002e176       0x2c zephyr/libzephyr.a(usb_descriptor.c.obj)
                0x000000000002e176                usb_get_dev_data_by_ep
 .text.usb_transfer_is_busy
                0x000000000002e1a2       0x16 zephyr/libzephyr.a(usb_transfer.c.obj)
                0x000000000002e1a2                usb_transfer_is_busy
 .text.cdc_interface_config
                0x000000000002e1b8       0x14 zephyr/libzephyr.a(cdc_acm.c.obj)
 .text.cdc_acm_irq_callback_work_handler
                0x000000000002e1cc        0xa zephyr/libzephyr.a(cdc_acm.c.obj)
 .text.cdc_acm_irq_tx_disable
                0x000000000002e1d6        0xa zephyr/libzephyr.a(cdc_acm.c.obj)
 .text.cdc_acm_irq_tx_ready
                0x000000000002e1e0        0xe zephyr/libzephyr.a(cdc_acm.c.obj)
 .text.cdc_acm_irq_rx_disable
                0x000000000002e1ee        0xa zephyr/libzephyr.a(cdc_acm.c.obj)
 .text.cdc_acm_irq_rx_ready
                0x000000000002e1f8        0x8 zephyr/libzephyr.a(cdc_acm.c.obj)
 .text.cdc_acm_irq_is_pending
                0x000000000002e200       0x1e zephyr/libzephyr.a(cdc_acm.c.obj)
 .text.cdc_acm_irq_update
                0x000000000002e21e        0x4 zephyr/libzephyr.a(cdc_acm.c.obj)
 .text.cdc_acm_irq_callback_set
                0x000000000002e222        0x8 zephyr/libzephyr.a(cdc_acm.c.obj)
 .text.cdc_acm_configure
                0x000000000002e22a        0x4 zephyr/libzephyr.a(cdc_acm.c.obj)
 .text.cdc_acm_config_get
                0x000000000002e22e       0x58 zephyr/libzephyr.a(cdc_acm.c.obj)
 .text.cdc_acm_fifo_read
                0x000000000002e286       0x54 zephyr/libzephyr.a(cdc_acm.c.obj)
 .text.cdc_acm_poll_in
                0x000000000002e2da       0x12 zephyr/libzephyr.a(cdc_acm.c.obj)
 .text.z_arm_fatal_error
                0x000000000002e2ec        0x4 zephyr/arch/arch/arm/core/aarch32/libarch__arm__core__aarch32.a(fatal.c.obj)
                0x000000000002e2ec                z_arm_fatal_error
 .text.z_do_kernel_oops
                0x000000000002e2f0        0x8 zephyr/arch/arch/arm/core/aarch32/libarch__arm__core__aarch32.a(fatal.c.obj)
                0x000000000002e2f0                z_do_kernel_oops
 .text.z_irq_spurious
                0x000000000002e2f8        0x8 zephyr/arch/arch/arm/core/aarch32/libarch__arm__core__aarch32.a(irq_manage.c.obj)
                0x000000000002e2f8                z_irq_spurious
 .text.z_arm_nmi
                0x000000000002e300        0xe zephyr/arch/arch/arm/core/aarch32/libarch__arm__core__aarch32.a(nmi.c.obj)
                0x000000000002e300                z_arm_nmi
 .text.strlen   0x000000000002e30e        0xe zephyr/lib/libc/minimal/liblib__libc__minimal.a(string.c.obj)
                0x000000000002e30e                strlen
 .text.memcpy   0x000000000002e31c       0x16 zephyr/lib/libc/minimal/liblib__libc__minimal.a(string.c.obj)
                0x000000000002e31c                memcpy
 .text.memset   0x000000000002e332       0x12 zephyr/lib/libc/minimal/liblib__libc__minimal.a(string.c.obj)
                0x000000000002e332                memset
 .text._stdout_hook_default
                0x000000000002e344        0x6 zephyr/lib/libc/minimal/liblib__libc__minimal.a(stdout_console.c.obj)
 .text.sprintf_out
                0x000000000002e34a       0x1a zephyr/lib/libc/minimal/liblib__libc__minimal.a(sprintf.c.obj)
 .text.strnlen  0x000000000002e364       0x12 zephyr/lib/libc/common/liblib__libc__common.a(strnlen.c.obj)
                0x000000000002e364                strnlen
 .text.pm_state_set
                0x000000000002e376       0x18 zephyr/soc/arm/nordic_nrf/nrf52/libsoc__arm__nordic_nrf__nrf52.a(power.c.obj)
                0x000000000002e376                pm_state_set
 .text.pm_state_exit_post_ops
                0x000000000002e38e        0xc zephyr/soc/arm/nordic_nrf/nrf52/libsoc__arm__nordic_nrf__nrf52.a(power.c.obj)
                0x000000000002e38e                pm_state_exit_post_ops
 .text.ep_ctx_reset
                0x000000000002e39a       0x26 zephyr/drivers/usb/device/libdrivers__usb__device.a(usb_dc_nrfx.c.obj)
 .text.k_mutex_lock.constprop.0.isra.0
                0x000000000002e3c0        0x4 zephyr/drivers/usb/device/libdrivers__usb__device.a(usb_dc_nrfx.c.obj)
 .text.k_mutex_unlock.isra.0
                0x000000000002e3c4        0x4 zephyr/drivers/usb/device/libdrivers__usb__device.a(usb_dc_nrfx.c.obj)
 .text.usb_dc_ep_check_cap
                0x000000000002e3c8       0x30 zephyr/drivers/usb/device/libdrivers__usb__device.a(usb_dc_nrfx.c.obj)
                0x000000000002e3c8                usb_dc_ep_check_cap
 .text.usb_dc_ep_disable
                0x000000000002e3f8       0x32 zephyr/drivers/usb/device/libdrivers__usb__device.a(usb_dc_nrfx.c.obj)
                0x000000000002e3f8                usb_dc_ep_disable
 .text.usb_dc_ep_read
                0x000000000002e42a       0x1e zephyr/drivers/usb/device/libdrivers__usb__device.a(usb_dc_nrfx.c.obj)
                0x000000000002e42a                usb_dc_ep_read
 .text.adc_context_on_timer_expired
                0x000000000002e448       0x2e zephyr/drivers/adc/libdrivers__adc.a(adc_nrfx_saadc.c.obj)
 .text.get_status
                0x000000000002e476       0x12 zephyr/drivers/clock_control/libdrivers__clock_control.a(clock_control_nrf.c.obj)
 .text.set_on_state
                0x000000000002e488       0x26 zephyr/drivers/clock_control/libdrivers__clock_control.a(clock_control_nrf.c.obj)
 .text.stop     0x000000000002e4ae       0x54 zephyr/drivers/clock_control/libdrivers__clock_control.a(clock_control_nrf.c.obj)
 .text.api_stop
                0x000000000002e502        0x6 zephyr/drivers/clock_control/libdrivers__clock_control.a(clock_control_nrf.c.obj)
 .text.async_start
                0x000000000002e508       0x5e zephyr/drivers/clock_control/libdrivers__clock_control.a(clock_control_nrf.c.obj)
 .text.api_start
                0x000000000002e566        0xe zephyr/drivers/clock_control/libdrivers__clock_control.a(clock_control_nrf.c.obj)
 .text.onoff_started_callback
                0x000000000002e574       0x12 zephyr/drivers/clock_control/libdrivers__clock_control.a(clock_control_nrf.c.obj)
 .text.lfclk_start
                0x000000000002e586        0x6 zephyr/drivers/clock_control/libdrivers__clock_control.a(clock_control_nrf.c.obj)
 .text.lfclk_stop
                0x000000000002e58c        0x6 zephyr/drivers/clock_control/libdrivers__clock_control.a(clock_control_nrf.c.obj)
 .text.blocking_start_callback
                0x000000000002e592        0x6 zephyr/drivers/clock_control/libdrivers__clock_control.a(clock_control_nrf.c.obj)
 .text.gpio_nrfx_port_get_raw
                0x000000000002e598        0xe zephyr/drivers/gpio/libdrivers__gpio.a(gpio_nrfx.c.obj)
 .text.gpio_nrfx_port_set_masked_raw
                0x000000000002e5a6       0x18 zephyr/drivers/gpio/libdrivers__gpio.a(gpio_nrfx.c.obj)
 .text.gpio_nrfx_port_set_bits_raw
                0x000000000002e5be        0xc zephyr/drivers/gpio/libdrivers__gpio.a(gpio_nrfx.c.obj)
 .text.gpio_nrfx_port_clear_bits_raw
                0x000000000002e5ca        0xc zephyr/drivers/gpio/libdrivers__gpio.a(gpio_nrfx.c.obj)
 .text.gpio_nrfx_port_toggle_bits
                0x000000000002e5d6       0x1a zephyr/drivers/gpio/libdrivers__gpio.a(gpio_nrfx.c.obj)
 .text.gpio_nrfx_manage_callback
                0x000000000002e5f0       0x52 zephyr/drivers/gpio/libdrivers__gpio.a(gpio_nrfx.c.obj)
 .text.z_impl_hwinfo_get_device_id
                0x000000000002e642       0x28 zephyr/drivers/hwinfo/libdrivers__hwinfo.a(hwinfo_nrf.c.obj)
                0x000000000002e642                z_impl_hwinfo_get_device_id
 .text.pinctrl_lookup_state
                0x000000000002e66a       0x26 zephyr/drivers/pinctrl/libdrivers__pinctrl.a(common.c.obj)
                0x000000000002e66a                pinctrl_lookup_state
 .text.uarte_nrfx_config_get
                0x000000000002e690       0x10 zephyr/drivers/serial/libdrivers__serial.a(uart_nrfx_uarte.c.obj)
 .text.uarte_nrfx_err_check
                0x000000000002e6a0        0xe zephyr/drivers/serial/libdrivers__serial.a(uart_nrfx_uarte.c.obj)
 .text.tx_start
                0x000000000002e6ae       0x3e zephyr/drivers/serial/libdrivers__serial.a(uart_nrfx_uarte.c.obj)
 .text.uarte_nrfx_poll_in
                0x000000000002e6ec       0x28 zephyr/drivers/serial/libdrivers__serial.a(uart_nrfx_uarte.c.obj)
 .text.uarte_nrfx_fifo_read
                0x000000000002e714       0x2e zephyr/drivers/serial/libdrivers__serial.a(uart_nrfx_uarte.c.obj)
 .text.uarte_nrfx_irq_tx_enable
                0x000000000002e742       0x2e zephyr/drivers/serial/libdrivers__serial.a(uart_nrfx_uarte.c.obj)
 .text.uarte_nrfx_irq_tx_disable
                0x000000000002e770        0xa zephyr/drivers/serial/libdrivers__serial.a(uart_nrfx_uarte.c.obj)
 .text.uarte_nrfx_irq_tx_ready_complete
                0x000000000002e77a       0x2a zephyr/drivers/serial/libdrivers__serial.a(uart_nrfx_uarte.c.obj)
 .text.uarte_nrfx_irq_rx_ready
                0x000000000002e7a4       0x10 zephyr/drivers/serial/libdrivers__serial.a(uart_nrfx_uarte.c.obj)
 .text.uarte_nrfx_irq_rx_enable
                0x000000000002e7b4        0xc zephyr/drivers/serial/libdrivers__serial.a(uart_nrfx_uarte.c.obj)
 .text.uarte_nrfx_irq_rx_disable
                0x000000000002e7c0        0xc zephyr/drivers/serial/libdrivers__serial.a(uart_nrfx_uarte.c.obj)
 .text.uarte_nrfx_irq_err_enable
                0x000000000002e7cc        0xe zephyr/drivers/serial/libdrivers__serial.a(uart_nrfx_uarte.c.obj)
 .text.uarte_nrfx_irq_err_disable
                0x000000000002e7da        0xe zephyr/drivers/serial/libdrivers__serial.a(uart_nrfx_uarte.c.obj)
 .text.uarte_nrfx_irq_is_pending
                0x000000000002e7e8       0x36 zephyr/drivers/serial/libdrivers__serial.a(uart_nrfx_uarte.c.obj)
 .text.uarte_nrfx_irq_update
                0x000000000002e81e        0x4 zephyr/drivers/serial/libdrivers__serial.a(uart_nrfx_uarte.c.obj)
 .text.uarte_nrfx_irq_callback_set
                0x000000000002e822        0xc zephyr/drivers/serial/libdrivers__serial.a(uart_nrfx_uarte.c.obj)
 .text.is_tx_ready.isra.0
                0x000000000002e82e       0x20 zephyr/drivers/serial/libdrivers__serial.a(uart_nrfx_uarte.c.obj)
 .text.uarte_nrfx_fifo_fill
                0x000000000002e84e       0x78 zephyr/drivers/serial/libdrivers__serial.a(uart_nrfx_uarte.c.obj)
 .text.uarte_nrfx_isr_int
                0x000000000002e8c6       0xc0 zephyr/drivers/serial/libdrivers__serial.a(uart_nrfx_uarte.c.obj)
 .text.sys_clock_idle_exit
                0x000000000002e986        0x2 zephyr/drivers/timer/libdrivers__timer.a(sys_clock_init.c.obj)
                0x000000000002e986                sys_clock_idle_exit
 .text.event_clear
                0x000000000002e988       0x18 zephyr/drivers/timer/libdrivers__timer.a(nrf_rtc_timer.c.obj)
 .text.sys_clock_cycle_get_32
                0x000000000002e9a0        0x8 zephyr/drivers/timer/libdrivers__timer.a(nrf_rtc_timer.c.obj)
                0x000000000002e9a0                sys_clock_cycle_get_32
 .text.nrfx_isr
                0x000000000002e9a8        0x2 modules/hal_nordic/nrfx/libmodules__hal_nordic__nrfx.a(nrfx_glue.c.obj)
                0x000000000002e9a8                nrfx_isr
 .text.nrfx_busy_wait
                0x000000000002e9aa        0x4 modules/hal_nordic/nrfx/libmodules__hal_nordic__nrfx.a(nrfx_glue.c.obj)
                0x000000000002e9aa                nrfx_busy_wait
 .text.nrfx_gppi_channel_endpoints_setup
                0x000000000002e9ae       0x14 modules/hal_nordic/nrfx/libmodules__hal_nordic__nrfx.a(nrfx_gppi_ppi.c.obj)
                0x000000000002e9ae                nrfx_gppi_channel_endpoints_setup
 .text.nrfx_clock_start
                0x000000000002e9c2       0x78 modules/hal_nordic/nrfx/libmodules__hal_nordic__nrfx.a(nrfx_clock.c.obj)
                0x000000000002e9c2                nrfx_clock_start
 .text.nrfx_clock_stop
                0x000000000002ea3a        0x4 modules/hal_nordic/nrfx/libmodules__hal_nordic__nrfx.a(nrfx_clock.c.obj)
                0x000000000002ea3a                nrfx_clock_stop
 .text.nrf_gpio_reconfigure
                0x000000000002ea3e       0x92 modules/hal_nordic/nrfx/libmodules__hal_nordic__nrfx.a(nrfx_gpiote.c.obj)
 .text.nrf_gpio_cfg_sense_set
                0x000000000002ead0       0x1e modules/hal_nordic/nrfx/libmodules__hal_nordic__nrfx.a(nrfx_gpiote.c.obj)
 .text.nrf_power_event_get_and_clear.constprop.0
                0x000000000002eaee       0x18 modules/hal_nordic/nrfx/libmodules__hal_nordic__nrfx.a(nrfx_power.c.obj)
 .text.nrfx_power_usbevt_enable
                0x000000000002eb06        0xe modules/hal_nordic/nrfx/libmodules__hal_nordic__nrfx.a(nrfx_power.c.obj)
                0x000000000002eb06                nrfx_power_usbevt_enable
 .text.nrfx_power_usbevt_disable
                0x000000000002eb14        0xe modules/hal_nordic/nrfx/libmodules__hal_nordic__nrfx.a(nrfx_power.c.obj)
                0x000000000002eb14                nrfx_power_usbevt_disable
 .text.nrfx_power_clock_irq_handler
                0x000000000002eb22        0xe modules/hal_nordic/nrfx/libmodules__hal_nordic__nrfx.a(nrfx_power.c.obj)
                0x000000000002eb22                nrfx_power_clock_irq_handler
 .text.nrfx_usbd_consumer
                0x000000000002eb30       0x32 modules/hal_nordic/nrfx/libmodules__hal_nordic__nrfx.a(nrfx_usbd.c.obj)
                0x000000000002eb30                nrfx_usbd_consumer
 .text.nrfx_usbd_feeder_ram
                0x000000000002eb62       0x22 modules/hal_nordic/nrfx/libmodules__hal_nordic__nrfx.a(nrfx_usbd.c.obj)
                0x000000000002eb62                nrfx_usbd_feeder_ram
 .text.nrfx_usbd_feeder_ram_zlp
                0x000000000002eb84       0x28 modules/hal_nordic/nrfx/libmodules__hal_nordic__nrfx.a(nrfx_usbd.c.obj)
                0x000000000002eb84                nrfx_usbd_feeder_ram_zlp
 .text.ep2bit   0x000000000002ebac       0x10 modules/hal_nordic/nrfx/libmodules__hal_nordic__nrfx.a(nrfx_usbd.c.obj)
 .text.ev_started_handler
                0x000000000002ebbc        0x2 modules/hal_nordic/nrfx/libmodules__hal_nordic__nrfx.a(nrfx_usbd.c.obj)
 .text.nrf_usbd_epin_dma_handler
                0x000000000002ebbe       0x30 modules/hal_nordic/nrfx/libmodules__hal_nordic__nrfx.a(nrfx_usbd.c.obj)
 .text.ev_dma_epin7_handler
                0x000000000002ebee        0x6 modules/hal_nordic/nrfx/libmodules__hal_nordic__nrfx.a(nrfx_usbd.c.obj)
 .text.ev_dma_epin6_handler
                0x000000000002ebf4        0x6 modules/hal_nordic/nrfx/libmodules__hal_nordic__nrfx.a(nrfx_usbd.c.obj)
 .text.ev_dma_epin5_handler
                0x000000000002ebfa        0x6 modules/hal_nordic/nrfx/libmodules__hal_nordic__nrfx.a(nrfx_usbd.c.obj)
 .text.ev_dma_epin4_handler
                0x000000000002ec00        0x6 modules/hal_nordic/nrfx/libmodules__hal_nordic__nrfx.a(nrfx_usbd.c.obj)
 .text.ev_dma_epin3_handler
                0x000000000002ec06        0x6 modules/hal_nordic/nrfx/libmodules__hal_nordic__nrfx.a(nrfx_usbd.c.obj)
 .text.ev_dma_epin2_handler
                0x000000000002ec0c        0x6 modules/hal_nordic/nrfx/libmodules__hal_nordic__nrfx.a(nrfx_usbd.c.obj)
 .text.ev_dma_epin1_handler
                0x000000000002ec12        0x6 modules/hal_nordic/nrfx/libmodules__hal_nordic__nrfx.a(nrfx_usbd.c.obj)
 .text.ev_dma_epin0_handler
                0x000000000002ec18        0x4 modules/hal_nordic/nrfx/libmodules__hal_nordic__nrfx.a(nrfx_usbd.c.obj)
 .text.nrfx_usbd_ep_max_packet_size_set
                0x000000000002ec1c        0xa modules/hal_nordic/nrfx/libmodules__hal_nordic__nrfx.a(nrfx_usbd.c.obj)
                0x000000000002ec1c                nrfx_usbd_ep_max_packet_size_set
 .text.nrfx_usbd_ep_status_get
                0x000000000002ec26       0x2e modules/hal_nordic/nrfx/libmodules__hal_nordic__nrfx.a(nrfx_usbd.c.obj)
                0x000000000002ec26                nrfx_usbd_ep_status_get
 .text.ev_dma_epout7_handler
                0x000000000002ec54        0x6 modules/hal_nordic/nrfx/libmodules__hal_nordic__nrfx.a(nrfx_usbd.c.obj)
 .text.ev_dma_epout6_handler
                0x000000000002ec5a        0x6 modules/hal_nordic/nrfx/libmodules__hal_nordic__nrfx.a(nrfx_usbd.c.obj)
 .text.ev_dma_epout5_handler
                0x000000000002ec60        0x6 modules/hal_nordic/nrfx/libmodules__hal_nordic__nrfx.a(nrfx_usbd.c.obj)
 .text.ev_dma_epout4_handler
                0x000000000002ec66        0x6 modules/hal_nordic/nrfx/libmodules__hal_nordic__nrfx.a(nrfx_usbd.c.obj)
 .text.ev_dma_epout3_handler
                0x000000000002ec6c        0x6 modules/hal_nordic/nrfx/libmodules__hal_nordic__nrfx.a(nrfx_usbd.c.obj)
 .text.ev_dma_epout2_handler
                0x000000000002ec72        0x6 modules/hal_nordic/nrfx/libmodules__hal_nordic__nrfx.a(nrfx_usbd.c.obj)
 .text.ev_dma_epout1_handler
                0x000000000002ec78        0x6 modules/hal_nordic/nrfx/libmodules__hal_nordic__nrfx.a(nrfx_usbd.c.obj)
 .text.nrfx_usbd_ep_abort
                0x000000000002ec7e        0x4 modules/hal_nordic/nrfx/libmodules__hal_nordic__nrfx.a(nrfx_usbd.c.obj)
                0x000000000002ec7e                nrfx_usbd_ep_abort
 .text.z_device_state_init
                0x000000000002ec82        0x2 zephyr/kernel/libkernel.a(device.c.obj)
                0x000000000002ec82                z_device_state_init
 .text.z_device_is_ready
                0x000000000002ec84       0x16 zephyr/kernel/libkernel.a(device.c.obj)
                0x000000000002ec84                z_device_is_ready
 .text.arch_system_halt
                0x000000000002ec9a       0x12 zephyr/kernel/libkernel.a(fatal.c.obj)
                0x000000000002ec9a                arch_system_halt
 .text.k_sys_fatal_error_handler
                0x000000000002ecac        0x6 zephyr/kernel/libkernel.a(fatal.c.obj)
                0x000000000002ecac                k_sys_fatal_error_handler
 .text.z_fatal_error
                0x000000000002ecb2       0x36 zephyr/kernel/libkernel.a(fatal.c.obj)
                0x000000000002ecb2                z_fatal_error
 .text.z_early_memset
                0x000000000002ece8        0x4 zephyr/kernel/libkernel.a(init.c.obj)
                0x000000000002ece8                z_early_memset
 .text.z_early_memcpy
                0x000000000002ecec        0x4 zephyr/kernel/libkernel.a(init.c.obj)
                0x000000000002ecec                z_early_memcpy
 .text.create_free_list
                0x000000000002ecf0       0x2c zephyr/kernel/libkernel.a(mem_slab.c.obj)
 .text.k_mem_slab_free
                0x000000000002ed1c       0x52 zephyr/kernel/libkernel.a(mem_slab.c.obj)
                0x000000000002ed1c                k_mem_slab_free
 .text.k_is_in_isr
                0x000000000002ed6e        0xc zephyr/kernel/libkernel.a(thread.c.obj)
                0x000000000002ed6e                k_is_in_isr
 .text.z_impl_k_thread_name_set
                0x000000000002ed7a        0x6 zephyr/kernel/libkernel.a(thread.c.obj)
                0x000000000002ed7a                z_impl_k_thread_name_set
 .text.z_impl_k_thread_start
                0x000000000002ed80        0x4 zephyr/kernel/libkernel.a(thread.c.obj)
                0x000000000002ed80                z_impl_k_thread_start
 .text.z_pm_save_idle_exit
                0x000000000002ed84        0xe zephyr/kernel/libkernel.a(idle.c.obj)
                0x000000000002ed84                z_pm_save_idle_exit
 .text.adjust_owner_prio.isra.0
                0x000000000002ed92       0x10 zephyr/kernel/libkernel.a(mutex.c.obj)
 .text.z_impl_k_mutex_init
                0x000000000002eda2        0xe zephyr/kernel/libkernel.a(mutex.c.obj)
                0x000000000002eda2                z_impl_k_mutex_init
 .text.queue_insert
                0x000000000002edb0       0xc4 zephyr/kernel/libkernel.a(queue.c.obj)
 .text.z_queue_node_peek
                0x000000000002ee74       0x18 zephyr/kernel/libkernel.a(queue.c.obj)
                0x000000000002ee74                z_queue_node_peek
 .text.k_queue_append
                0x000000000002ee8c       0x16 zephyr/kernel/libkernel.a(queue.c.obj)
                0x000000000002ee8c                k_queue_append
 .text.z_impl_k_sem_init
                0x000000000002eea2       0x18 zephyr/kernel/libkernel.a(sem.c.obj)
                0x000000000002eea2                z_impl_k_sem_init
 .text.flag_test_and_clear
                0x000000000002eeba       0x16 zephyr/kernel/libkernel.a(work.c.obj)
 .text.notify_queue_locked.isra.0
                0x000000000002eed0        0xe zephyr/kernel/libkernel.a(work.c.obj)
 .text.work_timeout
                0x000000000002eede       0x3e zephyr/kernel/libkernel.a(work.c.obj)
 .text.k_work_init
                0x000000000002ef1c       0x12 zephyr/kernel/libkernel.a(work.c.obj)
                0x000000000002ef1c                k_work_init
 .text.z_work_submit_to_queue
                0x000000000002ef2e       0x28 zephyr/kernel/libkernel.a(work.c.obj)
                0x000000000002ef2e                z_work_submit_to_queue
 .text.k_work_submit_to_queue
                0x000000000002ef56       0x22 zephyr/kernel/libkernel.a(work.c.obj)
                0x000000000002ef56                k_work_submit_to_queue
 .text.k_work_init_delayable
                0x000000000002ef78       0x18 zephyr/kernel/libkernel.a(work.c.obj)
                0x000000000002ef78                k_work_init_delayable
 .text.sys_dlist_remove
                0x000000000002ef90       0x10 zephyr/kernel/libkernel.a(sched.c.obj)
 .text.unpend_thread_no_timeout
                0x000000000002efa0       0x14 zephyr/kernel/libkernel.a(sched.c.obj)
 .text.add_to_waitq_locked
                0x000000000002efb4       0x50 zephyr/kernel/libkernel.a(sched.c.obj)
 .text.z_ready_thread
                0x000000000002f004       0x20 zephyr/kernel/libkernel.a(sched.c.obj)
                0x000000000002f004                z_ready_thread
 .text.z_unpend_thread_no_timeout
                0x000000000002f024       0x24 zephyr/kernel/libkernel.a(sched.c.obj)
                0x000000000002f024                z_unpend_thread_no_timeout
 .text.z_sched_wake_thread
                0x000000000002f048       0x44 zephyr/kernel/libkernel.a(sched.c.obj)
                0x000000000002f048                z_sched_wake_thread
 .text.z_thread_timeout
                0x000000000002f08c        0x8 zephyr/kernel/libkernel.a(sched.c.obj)
                0x000000000002f08c                z_thread_timeout
 .text.z_unpend1_no_timeout
                0x000000000002f094       0x2e zephyr/kernel/libkernel.a(sched.c.obj)
                0x000000000002f094                z_unpend1_no_timeout
 .text.z_unpend_first_thread
                0x000000000002f0c2       0x38 zephyr/kernel/libkernel.a(sched.c.obj)
                0x000000000002f0c2                z_unpend_first_thread
 .text.z_unpend_thread
                0x000000000002f0fa       0x30 zephyr/kernel/libkernel.a(sched.c.obj)
                0x000000000002f0fa                z_unpend_thread
 .text.z_reschedule_irqlock
                0x000000000002f12a       0x18 zephyr/kernel/libkernel.a(sched.c.obj)
                0x000000000002f12a                z_reschedule_irqlock
 .text.z_reschedule_unlocked
                0x000000000002f142       0x14 zephyr/kernel/libkernel.a(sched.c.obj)
 .text.z_unpend_all
                0x000000000002f156       0x20 zephyr/kernel/libkernel.a(sched.c.obj)
                0x000000000002f156                z_unpend_all
 .text.z_sched_wake
                0x000000000002f176       0x46 zephyr/kernel/libkernel.a(sched.c.obj)
                0x000000000002f176                z_sched_wake
 .text.z_abort_timeout
                0x000000000002f1bc       0x2c zephyr/kernel/libkernel.a(timeout.c.obj)
                0x000000000002f1bc                z_abort_timeout
 .text.z_get_next_timeout_expiry
                0x000000000002f1e8       0x20 zephyr/kernel/libkernel.a(timeout.c.obj)
                0x000000000002f1e8                z_get_next_timeout_expiry
 .text.sys_clock_tick_get_32
                0x000000000002f208        0x8 zephyr/kernel/libkernel.a(timeout.c.obj)
                0x000000000002f208                sys_clock_tick_get_32
 .text.z_impl_k_uptime_ticks
                0x000000000002f210        0x4 zephyr/kernel/libkernel.a(timeout.c.obj)
                0x000000000002f210                z_impl_k_uptime_ticks
 .text.z_impl_k_busy_wait
                0x000000000002f214        0x8 zephyr/kernel/libkernel.a(timeout.c.obj)
                0x000000000002f214                z_impl_k_busy_wait
 .text.sys_clock_timeout_end_calc
                0x000000000002f21c       0x44 zephyr/kernel/libkernel.a(timeout.c.obj)
                0x000000000002f21c                sys_clock_timeout_end_calc
 .text.z_impl_k_timer_stop
                0x000000000002f260       0x3a zephyr/kernel/libkernel.a(timer.c.obj)
                0x000000000002f260                z_impl_k_timer_stop
 .text.z_heap_aligned_alloc
                0x000000000002f29a       0x26 zephyr/kernel/libkernel.a(mempool.c.obj)
 .text.k_free   0x000000000002f2c0        0xe zephyr/kernel/libkernel.a(mempool.c.obj)
                0x000000000002f2c0                k_free
 .text.k_heap_init
                0x000000000002f2ce       0x10 zephyr/kernel/libkernel.a(kheap.c.obj)
                0x000000000002f2ce                k_heap_init
 .text.k_heap_aligned_alloc
                0x000000000002f2de       0x9a zephyr/kernel/libkernel.a(kheap.c.obj)
                0x000000000002f2de                k_heap_aligned_alloc
 .text.k_heap_free
                0x000000000002f378       0x3a zephyr/kernel/libkernel.a(kheap.c.obj)
                0x000000000002f378                k_heap_free
 *(SORT_BY_ALIGNMENT(.TEXT.*))
 *(SORT_BY_ALIGNMENT(.gnu.linkonce.t.*))
 *(SORT_BY_ALIGNMENT(.glue_7t))
 .glue_7t       0x000000000002f3b2        0x0 linker stubs
 *(SORT_BY_ALIGNMENT(.glue_7))
 .glue_7        0x000000000002f3b2        0x0 linker stubs
 *(SORT_BY_ALIGNMENT(.vfp11_veneer))
 .vfp11_veneer  0x000000000002f3b2        0x0 linker stubs
 *(SORT_BY_ALIGNMENT(.v4_bx))
 .v4_bx         0x000000000002f3b2        0x0 linker stubs
                0x000000000002f3b4                . = ALIGN (0x4)
 *fill*         0x000000000002f3b2        0x2 
                0x000000000002f3b4                __text_region_end = .

.ARM.exidx      0x000000000002f3b4        0x8
                0x000000000002f3b4                __exidx_start = .
 *(SORT_BY_ALIGNMENT(.ARM.exidx*) SORT_BY_ALIGNMENT(gnu.linkonce.armexidx.*))
 .ARM.exidx     0x000000000002f3b4        0x8 /home/aju/zephyr-sdk-0.16.1/arm-zephyr-eabi/bin/../lib/gcc/arm-zephyr-eabi/12.2.0/thumb/v7e-m/nofp/libgcc.a(_udivmoddi4.o)
                0x000000000002f3bc                __exidx_end = .
                0x000000000002f3bc                __rodata_region_start = .

initlevel       0x000000000002f3bc       0x78
                0x000000000002f3bc                __init_start = .
                0x000000000002f3bc                __init_EARLY_start = .
 *(SORT_BY_NAME(SORT_BY_ALIGNMENT(.z_init_EARLY?_*)))
 *(SORT_BY_NAME(SORT_BY_ALIGNMENT(.z_init_EARLY??_*)))
                0x000000000002f3bc                __init_PRE_KERNEL_1_start = .
 *(SORT_BY_NAME(SORT_BY_ALIGNMENT(.z_init_PRE_KERNEL_1?_*)))
 .z_init_PRE_KERNEL_10_
                0x000000000002f3bc        0x8 zephyr/soc/arm/nordic_nrf/nrf52/libsoc__arm__nordic_nrf__nrf52.a(soc.c.obj)
 *(SORT_BY_NAME(SORT_BY_ALIGNMENT(.z_init_PRE_KERNEL_1??_*)))
 .z_init_PRE_KERNEL_130_
                0x000000000002f3c4        0x8 zephyr/drivers/clock_control/libdrivers__clock_control.a(clock_control_nrf.c.obj)
 .z_init_PRE_KERNEL_130_
                0x000000000002f3cc        0x8 zephyr/kernel/libkernel.a(mem_slab.c.obj)
 .z_init_PRE_KERNEL_130_
                0x000000000002f3d4        0x8 zephyr/kernel/libkernel.a(kheap.c.obj)
 .z_init_PRE_KERNEL_140_
                0x000000000002f3dc       0x10 zephyr/drivers/gpio/libdrivers__gpio.a(gpio_nrfx.c.obj)
 .z_init_PRE_KERNEL_155_
                0x000000000002f3ec        0x8 zephyr/libzephyr.a(cdc_acm.c.obj)
 .z_init_PRE_KERNEL_155_
                0x000000000002f3f4        0x8 zephyr/drivers/serial/libdrivers__serial.a(uart_nrfx_uarte.c.obj)
 .z_init_PRE_KERNEL_160_
                0x000000000002f3fc        0x8 zephyr/drivers/console/libdrivers__console.a(uart_console.c.obj)
                0x000000000002f404                __init_PRE_KERNEL_2_start = .
 *(SORT_BY_NAME(SORT_BY_ALIGNMENT(.z_init_PRE_KERNEL_2?_*)))
 .z_init_PRE_KERNEL_20_
                0x000000000002f404        0x8 zephyr/drivers/timer/libdrivers__timer.a(nrf_rtc_timer.c.obj)
 *(SORT_BY_NAME(SORT_BY_ALIGNMENT(.z_init_PRE_KERNEL_2??_*)))
                0x000000000002f40c                __init_POST_KERNEL_start = .
 *(SORT_BY_NAME(SORT_BY_ALIGNMENT(.z_init_POST_KERNEL?_*)))
 *(SORT_BY_NAME(SORT_BY_ALIGNMENT(.z_init_POST_KERNEL??_*)))
 .z_init_POST_KERNEL40_
                0x000000000002f40c        0x8 zephyr/libzephyr.a(usb_work_q.c.obj)
 .z_init_POST_KERNEL40_
                0x000000000002f414        0x8 zephyr/kernel/libkernel.a(system_work_q.c.obj)
 .z_init_POST_KERNEL50_
                0x000000000002f41c        0x8 zephyr/drivers/usb/device/libdrivers__usb__device.a(usb_dc_nrfx.c.obj)
 .z_init_POST_KERNEL50_
                0x000000000002f424        0x8 zephyr/drivers/adc/libdrivers__adc.a(adc_nrfx_saadc.c.obj)
 .z_init_POST_KERNEL90_
                0x000000000002f42c        0x8 zephyr/libzephyr.a(usb_device.c.obj)
                0x000000000002f434                __init_APPLICATION_start = .
 *(SORT_BY_NAME(SORT_BY_ALIGNMENT(.z_init_APPLICATION?_*)))
 *(SORT_BY_NAME(SORT_BY_ALIGNMENT(.z_init_APPLICATION??_*)))
                0x000000000002f434                __init_SMP_start = .
 *(SORT_BY_NAME(SORT_BY_ALIGNMENT(.z_init_SMP?_*)))
 *(SORT_BY_NAME(SORT_BY_ALIGNMENT(.z_init_SMP??_*)))
                0x000000000002f434                __init_end = .

device_area     0x000000000002f434       0x78
                0x000000000002f434                _device_list_start = .
 *(SORT_BY_NAME(SORT_BY_ALIGNMENT(._device.static.*_?_*)))
 *(SORT_BY_NAME(SORT_BY_ALIGNMENT(._device.static.*_??_*)))
 ._device.static.1_30_
                0x000000000002f434       0x14 zephyr/drivers/clock_control/libdrivers__clock_control.a(clock_control_nrf.c.obj)
                0x000000000002f434                __device_dts_ord_44
 ._device.static.1_40_
                0x000000000002f448       0x28 zephyr/drivers/gpio/libdrivers__gpio.a(gpio_nrfx.c.obj)
                0x000000000002f448                __device_dts_ord_17
                0x000000000002f45c                __device_dts_ord_11
 ._device.static.1_55_
                0x000000000002f470       0x14 zephyr/libzephyr.a(cdc_acm.c.obj)
                0x000000000002f470                __device_dts_ord_109
 ._device.static.1_55_
                0x000000000002f484       0x14 zephyr/drivers/serial/libdrivers__serial.a(uart_nrfx_uarte.c.obj)
                0x000000000002f484                __device_dts_ord_81
 ._device.static.3_50_
                0x000000000002f498       0x14 zephyr/drivers/adc/libdrivers__adc.a(adc_nrfx_saadc.c.obj)
                0x000000000002f498                __device_dts_ord_8
                0x000000000002f4ac                _device_list_end = .

sw_isr_table    0x000000000002f4ac      0x180
                0x000000000002f4ac                . = ALIGN (0x4)
 *(SORT_BY_ALIGNMENT(.gnu.linkonce.sw_isr_table*))
 .gnu.linkonce.sw_isr_table
                0x000000000002f4ac      0x180 zephyr/arch/common/libisr_tables.a(isr_tables.c.obj)
                0x000000000002f4ac                _sw_isr_table

initlevel_error
                0x000000000002f3bc        0x0
 *(SORT_BY_NAME(SORT_BY_ALIGNMENT(.z_init_[_A-Z0-9]*)))
                0x0000000000000001                ASSERT ((SIZEOF (initlevel_error) == 0x0), Undefined initialization levels used.)

app_shmem_regions
                0x000000000002f62c        0x0
                0x000000000002f62c                __app_shmem_regions_start = .
 *(SORT_BY_NAME(SORT_BY_ALIGNMENT(.app_regions.*)))
                0x000000000002f62c                __app_shmem_regions_end = .

k_p4wq_initparam_area
                0x000000000002f62c        0x0
                0x000000000002f62c                _k_p4wq_initparam_list_start = .
 *(SORT_BY_NAME(SORT_BY_ALIGNMENT(._k_p4wq_initparam.static.*)))
                0x000000000002f62c                _k_p4wq_initparam_list_end = .

_static_thread_data_area
                0x000000000002f62c        0x0
                0x000000000002f62c                __static_thread_data_list_start = .
 *(SORT_BY_NAME(SORT_BY_ALIGNMENT(.__static_thread_data.static.*)))
                0x000000000002f62c                __static_thread_data_list_end = .

device_deps     0x000000000002f62c        0x0
                0x000000000002f62c                __device_deps_start = .
 *(SORT_BY_NAME(SORT_BY_ALIGNMENT(.__device_deps_pass2*)))
                0x000000000002f62c                __device_deps_end = .

ztest           0x000000000002f62c        0x0
                0x000000000002f62c                _ztest_expected_result_entry_list_start = .
 *(SORT_BY_NAME(SORT_BY_ALIGNMENT(._ztest_expected_result_entry.static.*)))
                0x000000000002f62c                _ztest_expected_result_entry_list_end = .
                0x000000000002f62c                _ztest_suite_node_list_start = .
 *(SORT_BY_NAME(SORT_BY_ALIGNMENT(._ztest_suite_node.static.*)))
                0x000000000002f62c                _ztest_suite_node_list_end = .
                0x000000000002f62c                _ztest_unit_test_list_start = .
 *(SORT_BY_NAME(SORT_BY_ALIGNMENT(._ztest_unit_test.static.*)))
                0x000000000002f62c                _ztest_unit_test_list_end = .
                0x000000000002f62c                _ztest_test_rule_list_start = .
 *(SORT_BY_NAME(SORT_BY_ALIGNMENT(._ztest_test_rule.static.*)))
                0x000000000002f62c                _ztest_test_rule_list_end = .

bt_l2cap_fixed_chan_area
                0x000000000002f62c        0x0
                0x000000000002f62c                _bt_l2cap_fixed_chan_list_start = .
 *(SORT_BY_NAME(SORT_BY_ALIGNMENT(._bt_l2cap_fixed_chan.static.*)))
                0x000000000002f62c                _bt_l2cap_fixed_chan_list_end = .

bt_gatt_service_static_area
                0x000000000002f62c        0x0
                0x000000000002f62c                _bt_gatt_service_static_list_start = .
 *(SORT_BY_NAME(SORT_BY_ALIGNMENT(._bt_gatt_service_static.static.*)))
                0x000000000002f62c                _bt_gatt_service_static_list_end = .

log_strings_area
                0x000000000002f62c        0x0
                0x000000000002f62c                _log_strings_list_start = .
 *(SORT_BY_NAME(SORT_BY_ALIGNMENT(._log_strings.static.*)))
                0x000000000002f62c                _log_strings_list_end = .

log_const_area  0x000000000002f62c       0x88
                0x000000000002f62c                _log_const_list_start = .
 *(SORT_BY_NAME(SORT_BY_ALIGNMENT(._log_const.static.*)))
 ._log_const.static.log_const_NRFX_CLOCK_
                0x000000000002f62c        0x8 modules/hal_nordic/nrfx/libmodules__hal_nordic__nrfx.a(nrfx_clock.c.obj)
                0x000000000002f62c                log_const_NRFX_CLOCK
 ._log_const.static.log_const_NRFX_GPIOTE_
                0x000000000002f634        0x8 modules/hal_nordic/nrfx/libmodules__hal_nordic__nrfx.a(nrfx_gpiote.c.obj)
                0x000000000002f634                log_const_NRFX_GPIOTE
 ._log_const.static.log_const_NRFX_PPI_
                0x000000000002f63c        0x8 modules/hal_nordic/nrfx/libmodules__hal_nordic__nrfx.a(nrfx_ppi.c.obj)
                0x000000000002f63c                log_const_NRFX_PPI
 ._log_const.static.log_const_NRFX_USBD_
                0x000000000002f644        0x8 modules/hal_nordic/nrfx/libmodules__hal_nordic__nrfx.a(nrfx_usbd.c.obj)
                0x000000000002f644                log_const_NRFX_USBD
 ._log_const.static.log_const_adc_nrfx_saadc_